jmap -histo:live 17142

 num     #instances         #bytes  class name
----------------------------------------------
   1:        201381       98559248  [C
   2:          5657       11096056  [B
   3:         85862        7555856  com.github.dandelion.datatables.core.model.HtmlColumn
   4:         99005        5656544  [Ljava.lang.Object;
   5:        180599        4334376  java.lang.String
   6:        110052        2641248  java.util.LinkedList$Node
   7:         95540        2292960  java.util.ArrayList
   8:         33400        1068800  java.util.Hashtable$Entry
   9:         31019         992608  java.util.LinkedList
  10:          7642         861504  java.lang.Class
  11:          7380         790720  [Ljava.util.HashMap$Node;
  12:         22448         718336  java.util.concurrent.ConcurrentHashMap$Node
  13:         21524         688768  com.github.dandelion.datatables.core.model.HtmlRow
  14:          5078         641776  [I
  15:         19461         622752  java.util.HashMap$Node
  16:          6254         550352  java.lang.reflect.Method
  17:          9906         475488  java.util.HashMap
  18:          7553         422968  org.apache.tomcat.util.buf.ByteChunk
  19:          2155         413760  com.github.dandelion.datatables.core.model.HtmlTable
  20:          1446         340208  [Ljava.util.concurrent.ConcurrentHashMap$Node;
  21:          6335         339344  [Ljava.lang.String;
  22:         13983         335592  java.lang.StringBuffer
  23:          3551         333856  [Ljava.util.Hashtable$Entry;
  24:          6748         323904  org.apache.tomcat.util.buf.CharChunk
  25:          6048         290304  org.apache.tomcat.util.buf.MessageBytes
  26:          8252         264064  java.lang.ref.WeakReference
  27:         12559         200944  java.lang.Object
  28:          4955         198200  java.lang.ref.SoftReference
  29:          3993         191664  org.springframework.samples.petclinic.repository.jdbc.JdbcPet
  30:          4243         169720  java.util.LinkedHashMap$Entry
  31:          6465         155160  com.github.dandelion.datatables.core.model.Configuration
  32:          6436         154464  org.joda.time.DateTime
  33:          2155         137920  com.github.dandelion.datatables.core.model.JsResource
  34:          3185         127400  java.lang.ref.Finalizer
  35:          2572         123456  java.util.zip.Inflater
  36:          2182         122192  java.util.LinkedHashMap
  37:          2155         120680  com.github.dandelion.datatables.core.theme.Bootstrap2Theme
  38:          2852         114080  javax.servlet.jsp.tagext.TagAttributeInfo
  39:          4739         113736  java.beans.MethodRef
  40:          2194         105312  java.util.Properties
  41:          1642         105088  java.util.concurrent.ConcurrentHashMap
  42:          6468         103488  java.lang.Boolean
  43:          1108          97504  org.apache.catalina.session.StandardSession
  44:          3993          95832  org.springframework.samples.petclinic.model.PetType
  45:          5840          93440  java.util.HashSet
  46:          1577          88312  java.beans.MethodDescriptor
  47:          2167          86680  org.springframework.samples.petclinic.model.Owner
  48:           826          79296  java.util.jar.JarFile$JarFileEntry
  49:          2440          78080  org.springframework.samples.petclinic.model.Visit
  50:           940          77408  [Z
  51:           531          76464  java.text.DecimalFormat
  52:          3515          74128  [Ljava.lang.Class;
  53:           910          72800  java.lang.reflect.Constructor
  54:          2156          68992  com.github.dandelion.datatables.core.model.CssResource
  55:           948          68256  java.beans.PropertyDescriptor
  56:           226          66080  [Ljava.util.WeakHashMap$Entry;
  57:          1637          65480  java.util.TreeMap$Entry
  58:          1355          65040  java.util.Hashtable
  59:          3871          61936  java.util.HashMap$KeySet
  60:          2572          61728  java.util.zip.ZStreamRef
  61:           633          60768  org.springframework.beans.GenericTypeAwarePropertyDescriptor
  62:           539          60368  java.util.GregorianCalendar
  63:          1747          55904  java.lang.ThreadLocal$ThreadLocalMap$Entry
  64:           541          51936  sun.util.calendar.Gregorian$Date
  65:          1071          51408  com.github.dandelion.datatables.core.export.ExportConf
  66:          1400          44800  org.apache.tomcat.util.http.MimeHeaderField
  67:           875          42000  org.apache.tomcat.util.modeler.AttributeInfo
  68:           108          41472  org.apache.tomcat.util.threads.TaskThread
  69:           318          40992  [S
  70:           682          38192  org.apache.jasper.compiler.Mark
  71:           752          36096  java.util.concurrent.locks.ReentrantReadWriteLock$NonfairSync
  72:           489          35208  org.apache.jasper.compiler.Node$TemplateText
  73:           125          34752  [[C
  74:          2155          34480  com.github.dandelion.datatables.core.model.JavascriptSnippet
  75:          2155          34480  com.github.dandelion.datatables.core.model.TableProperties
  76:           531          33984  java.text.DecimalFormatSymbols
  77:           530          33920  java.text.DateFormatSymbols
  78:           529          33856  java.text.SimpleDateFormat
  79:           680          27200  java.util.WeakHashMap$Entry
  80:          1123          26952  java.beans.PropertyChangeSupport
  81:           462          25872  java.lang.Package
  82:           221          24976  [Ljava.lang.ThreadLocal$ThreadLocalMap$Entry;
  83:           383          24512  javax.servlet.jsp.tagext.TagInfo
  84:           753          24096  org.apache.naming.resources.WARDirContext$Entry
  85:           721          23072  java.util.Stack
  86:           190          21280  java.net.SocksSocketImpl
  87:           531          21240  java.text.DigitList
  88:            99          19800  com.sun.org.apache.xerces.internal.impl.dv.xs.XSSimpleTypeDecl
  89:          1175          18800  java.util.HashMap$Values
  90:           587          18784  java.lang.ref.ReferenceQueue
  91:           384          18400  [Ljavax.servlet.jsp.tagext.TagAttributeInfo;
  92:           100          18400  org.apache.catalina.connector.Request
  93:           763          18312  java.util.Date
  94:           571          18272  javax.management.MBeanAttributeInfo
  95:           283          18112  java.net.URL
  96:           376          18048  org.aspectj.weaver.reflect.ShadowMatchImpl
  97:          1123          17968  java.beans.PropertyChangeSupport$PropertyChangeListenerMap
  98:          1108          17728  org.apache.catalina.session.StandardSessionFacade
  99:           140          17528  [Ljava.beans.MethodDescriptor;
 100:           308          17248  sun.nio.cs.UTF_8$Encoder
 101:           532          17024  com.sun.org.apache.xerces.internal.xni.QName
 102:           100          16800  org.apache.coyote.Request
 103:           100          16800  org.apache.coyote.http11.Http11Processor
 104:           115          16560  org.springframework.beans.factory.support.RootBeanDefinition
 105:           344          16512  ch.qos.logback.classic.Logger
 106:           686          16464  org.springframework.cache.interceptor.AbstractFallbackCacheOperationSource$DefaultCacheKey
 107:           507          16224  java.util.concurrent.locks.ReentrantLock$NonfairSync
 108:           288          16128  org.hibernate.validator.internal.util.ConcurrentReferenceHashMap$Segment
 109:           665          15960  org.springframework.transaction.interceptor.AbstractFallbackTransactionAttributeSource$DefaultCacheKey
 110:           216          15552  org.apache.jasper.runtime.PageContextImpl
 111:           319          15312  sun.util.locale.LocaleObjectCache$CacheEntry
 112:           753          15248  [Lorg.apache.naming.resources.WARDirContext$Entry;
 113:           474          15168  java.util.Vector
 114:           608          14592  sun.reflect.generics.tree.SimpleClassTypeSignature
 115:           300          14400  java.nio.HeapCharBuffer
 116:            94          14288  org.apache.jasper.compiler.Node$CustomTag
 117:           281          13488  org.apache.tomcat.util.modeler.OperationInfo
 118:           239          13384  sun.util.calendar.ZoneInfo
 119:           237          13272  org.springframework.core.MethodParameter
 120:            57          13224  [J
 121:           233          13048  org.springframework.core.annotation.AnnotationAttributes
 122:           271          13008  org.apache.tomcat.util.digester.CallMethodRule
 123:           525          12600  java.util.concurrent.locks.ReentrantReadWriteLock
 124:           753          12048  java.util.concurrent.locks.ReentrantReadWriteLock$ReadLock
 125:           753          12048  java.util.concurrent.locks.ReentrantReadWriteLock$Sync$ThreadLocalHoldCounter
 126:           753          12048  java.util.concurrent.locks.ReentrantReadWriteLock$WriteLock
 127:           376          12032  org.aspectj.weaver.patterns.ExposedState
 128:           559          11840  [Ljava.lang.reflect.Type;
 129:           208          11648  org.apache.tomcat.util.http.mapper.MappingData
 130:           608          11288  [Lsun.reflect.generics.tree.TypeArgument;
 131:           212          11088  [Ljava.beans.PropertyDescriptor;
 132:           341          10912  sun.misc.FDBigInteger
 133:           664          10624  java.util.LinkedHashSet
 134:           221          10608  java.util.WeakHashMap
 135:           220          10560  java.util.logging.LogManager$LoggerWeakRef
 136:           436          10464  javax.management.ObjectName$Property
 137:           216          10368  org.apache.jasper.runtime.BodyContentImpl
 138:           216          10368  org.apache.jasper.runtime.JspWriterImpl
 139:           317           9616  [Ljavax.management.ObjectName$Property;
 140:           200           9600  [Lorg.apache.tomcat.util.http.MimeHeaderField;
 141:           239           9560  javax.management.MBeanOperationInfo
 142:           397           9528  sun.reflect.NativeConstructorAccessorImpl
 143:           170           9520  sun.nio.cs.ISO_8859_1$Encoder
 144:           589           9424  java.lang.ref.ReferenceQueue$Lock
 145:           196           9408  java.util.concurrent.ConcurrentHashMap$TreeNode
 146:           573           9168  sun.reflect.generics.tree.ClassTypeSignature
 147:           190           9120  org.apache.jasper.compiler.Node$JspAttribute
 148:           100           8800  org.apache.coyote.RequestInfo
 149:           100           8800  org.apache.coyote.Response
 150:           344           8256  ch.qos.logback.classic.spi.LoggerRemoteView
 151:           172           8256  java.net.SocketInputStream
 152:           172           8256  java.net.SocketOutputStream
 153:           128           8192  net.sf.ehcache.store.chm.SelectableConcurrentHashMap$Segment
 154:           100           8000  org.apache.catalina.connector.OutputBuffer
 155:           100           8000  org.apache.coyote.http11.filters.ChunkedInputFilter
 156:           109           7848  org.apache.catalina.valves.AccessLogValve$DateFormatCache$Cache
 157:           107           7704  java.util.logging.Logger
 158:           192           7680  sun.nio.cs.UTF_8$Decoder
 159:           159           7632  org.springframework.beans.PropertyValue
 160:           308           7392  java.lang.Class$AnnotationData
 161:           459           7344  java.util.Collections$UnmodifiableSet
 162:           303           7272  sun.reflect.annotation.AnnotationInvocationHandler
 163:           100           7200  org.apache.catalina.connector.InputBuffer
 164:           100           7200  org.apache.tomcat.util.http.Parameters
 165:           149           7152  org.springframework.util.ConcurrentReferenceHashMap$SoftEntryReference
 166:           176           7040  java.security.ProtectionDomain
 167:           434           6944  java.util.LinkedHashMap$LinkedKeySet
 168:           288           6912  [Lorg.hibernate.validator.internal.util.ConcurrentReferenceHashMap$HashEntry;
 169:            95           6840  sun.reflect.DelegatingClassLoader
 170:           212           6784  org.apache.tomcat.util.modeler.ParameterInfo
 171:           140           6720  java.beans.BeanDescriptor
 172:           207           6624  javax.management.MBeanParameterInfo
 173:           413           6608  sun.reflect.DelegatingConstructorAccessorImpl
 174:           117           6552  org.apache.naming.resources.CacheEntry
 175:            81           6480  sun.net.www.protocol.jar.URLJarFile
 176:           384           6472  [Ljavax.servlet.jsp.tagext.TagVariableInfo;
 177:           202           6464  java.io.FileDescriptor
 178:           200           6400  [Lorg.apache.coyote.http11.InputFilter;
 179:           200           6400  [Lorg.apache.coyote.http11.OutputFilter;
 180:           100           6400  org.apache.catalina.connector.Response
 181:           100           6400  org.apache.coyote.http11.InternalInputBuffer
 182:           100           6400  org.apache.coyote.http11.InternalOutputBuffer
 183:           200           6400  org.apache.tomcat.util.buf.C2BConverter
 184:           100           6400  org.apache.tomcat.util.net.SocketWrapper
 185:           160           6400  sun.util.locale.BaseLocale$Key
 186:           159           6360  javax.management.ObjectName
 187:           264           6336  java.lang.Long
 188:           392           6272  java.lang.Integer
 189:           261           6264  org.springframework.beans.factory.annotation.InjectionMetadata
 190:           383           6128  java.lang.Character
 191:           188           6016  java.net.Socket
 192:           107           5992  java.util.zip.ZipFile$ZipFileInflaterInputStream
 193:           107           5992  java.util.zip.ZipFile$ZipFileInputStream
 194:           281           5896  [Lorg.apache.tomcat.util.modeler.ParameterInfo;
 195:           104           5824  java.util.ResourceBundle$CacheKey
 196:           179           5728  java.security.CodeSource
 197:           177           5664  java.net.InetAddress$InetAddressHolder
 198:           100           5600  [Lorg.apache.catalina.core.ApplicationFilterConfig;
 199:           140           5600  java.beans.GenericBeanInfo
 200:           100           5600  org.apache.catalina.connector.CoyoteReader
 201:           170           5440  java.util.logging.LogManager$LogNode
 202:            75           5400  java.util.regex.Pattern
 203:           221           5304  java.lang.ThreadLocal$ThreadLocalMap
 204:           218           5232  sun.reflect.generics.factory.CoreReflectionFactory
 205:           163           5216  java.util.Locale
 206:           108           5184  [Ljavax.servlet.jsp.PageContext;
 207:           108           5184  java.util.concurrent.ThreadPoolExecutor$Worker
 208:            80           5168  [Ljavax.management.MBeanAttributeInfo;
 209:           161           5152  java.util.zip.ZipCoder
 210:           107           5136  java.nio.HeapByteBuffer
 211:            80           5120  java.util.jar.JarFile
 212:           128           5120  net.sf.ehcache.store.chm.SelectableConcurrentHashMap$SegmentIterator
 213:           160           5120  sun.util.locale.BaseLocale
 214:            91           5096  sun.misc.URLClassPath$JarLoader
 215:           104           4992  java.util.ResourceBundle$BundleReference
 216:           124           4960  java.io.ObjectStreamField
 217:           155           4960  org.apache.jasper.util.UniqueAttributesImpl
 218:           123           4920  org.apache.tomcat.util.modeler.BaseModelMBean
 219:           237           4880  [Lsun.reflect.generics.tree.FieldTypeSignature;
 220:           100           4800  org.apache.catalina.connector.CoyoteWriter
 221:           200           4800  org.apache.tomcat.util.http.MimeHeaders
 222:           100           4800  org.apache.tomcat.util.http.ServerCookie
 223:            30           4768  [Lcom.sun.org.apache.xerces.internal.xni.QName;
 224:           298           4768  java.util.LinkedHashMap$LinkedValues
 225:           193           4632  javax.management.ImmutableDescriptor
 226:           192           4608  com.sun.org.apache.xerces.internal.util.SymbolHash$Entry
 227:           186           4464  sun.reflect.generics.reflectiveObjects.ParameterizedTypeImpl
 228:           138           4416  java.util.Collections$UnmodifiableMap
 229:           216           4320  [Lorg.apache.jasper.runtime.BodyContentImpl;
 230:           108           4320  java.math.BigInteger
 231:           108           4320  sun.nio.cs.ISO_8859_1$Decoder
 232:           175           4200  java.net.Inet4Address
 233:           130           4160  com.sun.jmx.mbeanserver.ConvertingMethod
 234:           173           4152  org.springframework.core.convert.converter.GenericConverter$ConvertiblePair
 235:           259           4144  java.lang.Byte
 236:           259           4144  java.lang.Short
 237:           103           4120  org.apache.tomcat.util.log.UserDataHelper
 238:             1           4112  [Lorg.joda.time.chrono.BasicChronology$YearInfo;
 239:           170           4080  java.util.jar.Attributes$Name
 240:           170           4080  sun.nio.cs.Surrogate$Parser
 241:           168           4032  org.apache.jasper.compiler.Node$Nodes
 242:           100           4000  org.apache.coyote.http11.filters.IdentityInputFilter
 243:           100           4000  org.apache.tomcat.util.buf.UEncoder
 244:            99           3960  sun.reflect.generics.repository.MethodRepository
 245:           158           3912  [Ljavax.management.MBeanParameterInfo;
 246:           219           3904  [Lsun.reflect.generics.tree.FormalTypeParameter;
 247:           161           3864  java.util.ArrayDeque
 248:           119           3808  sun.reflect.generics.repository.ClassRepository
 249:           158           3792  com.sun.jmx.mbeanserver.NamedObject
 250:            79           3792  javax.management.MBeanInfo
 251:           157           3768  java.util.Locale$LocaleKey
 252:            10           3760  java.lang.Thread
 253:           152           3648  org.springframework.beans.MutablePropertyValues
 254:           152           3648  org.springframework.beans.factory.config.ConstructorArgumentValues
 255:            76           3648  sun.nio.cs.US_ASCII$Decoder
 256:            64           3584  org.apache.tomcat.util.modeler.ManagedBean
 257:           147           3528  org.apache.commons.logging.impl.SLF4JLocationAwareLog
 258:           110           3520  java.lang.StringCoding$StringEncoder
 259:           109           3488  org.apache.catalina.valves.AccessLogValve$DateFormatCache
 260:           141           3480  [Lorg.apache.el.parser.Node;
 261:           108           3456  java.lang.StringCoding$StringDecoder
 262:            72           3456  org.hibernate.validator.internal.metadata.aggregated.MethodMetaData
 263:           141           3384  java.util.concurrent.CopyOnWriteArrayList
 264:           104           3328  java.util.ResourceBundle$LoaderReference
 265:           102           3264  [Ljava.text.SimpleDateFormat;
 266:           204           3264  sun.reflect.DelegatingMethodAccessorImpl
 267:            58           3248  org.hsqldb.HsqlNameManager$HsqlName
 268:           100           3200  [Lorg.apache.tomcat.util.http.ServerCookie;
 269:           100           3200  org.apache.catalina.core.ApplicationFilterChain
 270:           100           3200  org.apache.catalina.util.StringParser
 271:           100           3200  org.apache.coyote.http11.filters.BufferedInputFilter
 272:           100           3200  org.apache.coyote.http11.filters.IdentityOutputFilter
 273:           200           3200  org.apache.jasper.compiler.ELNode$ELText
 274:           100           3200  org.apache.tomcat.util.http.Cookies
 275:            80           3200  org.springframework.beans.factory.support.DisposableBeanAdapter
 276:           100           3200  sun.reflect.generics.tree.MethodTypeSignature
 277:           133           3192  com.sun.org.apache.xerces.internal.util.XMLStringBuffer
 278:            31           3152  [Ljava.lang.reflect.Method;
 279:            97           3104  org.springframework.core.convert.TypeDescriptor
 280:           128           3072  [Lnet.sf.ehcache.store.chm.SelectableConcurrentHashMap$HashEntry;
 281:           127           3048  org.apache.jasper.compiler.ELNode$Nodes
 282:           165           3040  [Ljava.lang.reflect.TypeVariable;
 283:           126           3024  java.util.Collections$UnmodifiableRandomAccessList
 284:           125           3000  sun.reflect.NativeMethodAccessorImpl
 285:            37           2960  org.apache.jasper.compiler.TagLibraryInfoImpl
 286:            74           2960  org.springframework.beans.factory.annotation.InitDestroyAnnotationBeanPostProcessor$LifecycleMetadata
 287:            48           2912  [Lorg.springframework.util.ConcurrentReferenceHashMap$Reference;
 288:            45           2880  javax.management.openmbean.OpenMBeanAttributeInfoSupport
 289:            72           2880  org.apache.tomcat.util.digester.CallParamRule
 290:           120           2880  sun.reflect.generics.scope.ClassScope
 291:           119           2856  sun.reflect.generics.tree.ClassSignature
 292:           176           2816  [Ljava.security.Principal;
 293:           176           2816  java.security.ProtectionDomain$Key
 294:            27           2808  org.springframework.beans.factory.support.GenericBeanDefinition
 295:           173           2768  org.springframework.core.convert.support.GenericConversionService$ConvertersForPair
 296:            47           2752  [Lcom.sun.org.apache.xerces.internal.util.SymbolHash$Entry;
 297:           172           2752  org.apache.juli.logging.DirectJDKLog
 298:           114           2736  com.sun.org.apache.xerces.internal.xni.XMLString
 299:           171           2736  java.util.concurrent.locks.ReentrantLock
 300:            38           2736  org.apache.jasper.compiler.Node$TaglibDirective
 301:            56           2688  com.sun.org.apache.xerces.internal.util.XMLAttributesImpl$Attribute
 302:            47           2632  org.hsqldb.types.CharacterType
 303:            82           2624  org.apache.catalina.util.ManifestResource
 304:            65           2600  org.apache.tomcat.util.collections.ManagedConcurrentWeakHashMap$Key
 305:           108           2592  org.apache.catalina.core.ApplicationContext$DispatchData
 306:           108           2592  org.apache.jasper.runtime.JspFactoryImpl$PageContextPool
 307:           137           2568  [Lcom.sun.jmx.mbeanserver.MXBeanMapping;
 308:           119           2552  [Lsun.reflect.generics.tree.ClassTypeSignature;
 309:            78           2496  java.io.File
 310:           156           2496  java.util.LinkedHashMap$LinkedEntrySet
 311:            70           2440  [Ljavax.management.MBeanOperationInfo;
 312:           152           2432  java.util.concurrent.atomic.AtomicInteger
 313:           152           2432  org.springframework.beans.factory.support.MethodOverrides
 314:           101           2424  com.sun.org.apache.xerces.internal.util.SymbolTable$Entry
 315:           101           2424  org.apache.tomcat.util.http.parser.HttpParser
 316:            91           2416  [Ljava.lang.annotation.ElementType;
 317:           100           2400  org.apache.catalina.session.ManagerBase$SessionTiming
 318:           100           2400  org.apache.catalina.util.ParameterMap
 319:           100           2400  org.apache.coyote.AsyncStateMachine
 320:           100           2400  org.apache.coyote.http11.filters.ChunkedOutputFilter
 321:           100           2400  org.apache.coyote.http11.filters.GzipOutputFilter
 322:           100           2400  org.apache.coyote.http11.filters.GzipOutputFilter$FakeOutputStream
 323:           100           2400  org.apache.tomcat.util.net.JIoEndpoint$SocketProcessor
 324:            99           2376  sun.reflect.generics.scope.MethodScope
 325:            90           2272  [Lorg.apache.jasper.compiler.Node$JspAttribute;
 326:            94           2256  org.apache.jasper.compiler.JspUtil$ValidAttribute
 327:            94           2256  org.apache.jasper.compiler.Node$ChildInfo
 328:            37           2192  [Ljavax.servlet.jsp.tagext.TagInfo;
 329:            33           2112  org.springframework.web.method.HandlerMethod$HandlerMethodParameter
 330:             1           2064  [Lorg.joda.time.tz.CachedDateTimeZone$Info;
 331:           128           2048  net.sf.ehcache.concurrent.ReadWriteLockSync
 332:            83           1992  org.springframework.beans.CachedIntrospectionResults
 333:           100           1984  [Lsun.reflect.generics.tree.TypeSignature;
 334:            48           1920  com.sun.org.apache.xerces.internal.impl.dtd.XMLSimpleType
 335:            60           1920  com.sun.org.apache.xerces.internal.util.AugmentationsImpl$SmallContainer
 336:            60           1920  java.lang.reflect.WeakCache$CacheValue
 337:            48           1920  org.springframework.util.ConcurrentReferenceHashMap$Segment
 338:             9           1872  com.github.dandelion.datatables.jsp.tag.TableTag
 339:            26           1872  org.springframework.web.servlet.tags.UrlTag
 340:            11           1848  org.apache.jasper.compiler.PageInfo
 341:            46           1840  [Ljavax.servlet.jsp.tagext.Tag;
 342:            38           1824  org.springframework.core.type.classreading.MethodMetadataReadingVisitor
 343:            56           1792  java.security.Permissions
 344:            56           1792  javax.el.BeanELResolver$BeanProperty
 345:            56           1792  sun.reflect.generics.reflectiveObjects.TypeVariableImpl
 346:            54           1728  java.io.FilePermission
 347:            54           1728  java.security.BasicPermissionCollection
 348:           108           1728  org.apache.tomcat.util.threads.TaskThread$WrappingRunnable
 349:            72           1728  org.springframework.beans.BeanWrapperImpl$PropertyTokenHolder
 350:            71           1704  java.lang.ProcessEnvironment$Value
 351:            71           1704  java.lang.ProcessEnvironment$Variable
 352:             4           1696  [Lcom.sun.org.apache.xerces.internal.util.SymbolTable$Entry;
 353:            53           1696  java.util.regex.Pattern$Curly
 354:            30           1680  java.security.Provider$Service
 355:            17           1664  [[Ljava.lang.String;
 356:            69           1656  java.security.Provider$ServiceKey
 357:            69           1656  javax.xml.namespace.QName
 358:            69           1656  org.springframework.core.convert.support.GenericConversionService$ConverterAdapter
 359:            41           1640  java.security.AccessControlContext
 360:             3           1632  [[B
 361:           101           1616  org.apache.tomcat.util.buf.UDecoder
 362:           100           1600  org.apache.catalina.connector.CoyoteInputStream
 363:           100           1600  org.apache.catalina.connector.CoyoteOutputStream
 364:           100           1600  org.apache.catalina.connector.RequestFacade
 365:           100           1600  org.apache.catalina.connector.ResponseFacade
 366:           100           1600  org.apache.coyote.http11.InternalInputBuffer$InputStreamInputBuffer
 367:           100           1600  org.apache.coyote.http11.InternalOutputBuffer$OutputStreamOutputBuffer
 368:           100           1600  org.apache.coyote.http11.filters.VoidInputFilter
 369:           100           1600  org.apache.coyote.http11.filters.VoidOutputFilter
 370:            50           1600  org.apache.el.parser.AstDynamicExpression
 371:            50           1600  org.apache.el.parser.AstIdentifier
 372:            40           1600  sun.management.DiagnosticCommandArgumentInfo
 373:            85           1584  [Ljava.lang.reflect.Constructor;
 374:            66           1584  org.apache.jasper.compiler.ELNode$Root
 375:            33           1584  org.aspectj.weaver.UnresolvedType
 376:            49           1568  java.lang.reflect.Proxy$Key1
 377:            65           1560  java.lang.RuntimePermission
 378:            32           1536  com.sun.org.apache.xerces.internal.impl.dv.xs.DecimalDV$XDecimal
 379:            48           1536  com.sun.org.apache.xerces.internal.impl.xs.traversers.OneAttr
 380:            32           1536  java.util.TreeMap
 381:            64           1536  javax.servlet.jsp.tagext.FunctionInfo
 382:            12           1536  org.hsqldb.result.Result
 383:            21           1512  org.apache.jasper.compiler.Node$IncludeAction
 384:            47           1504  com.sun.org.apache.xerces.internal.util.SymbolHash
 385:            94           1504  javax.servlet.jsp.tagext.TagData
 386:            47           1504  org.apache.el.parser.AstCompositeExpression
 387:            47           1504  org.apache.tomcat.util.digester.SetNextRule
 388:            47           1504  sun.reflect.annotation.AnnotationType
 389:            46           1472  org.apache.tomcat.util.digester.ObjectCreateRule
 390:             8           1472  org.springframework.web.servlet.tags.form.FormTag
 391:            12           1448  [[S
 392:            18           1440  [Lorg.hibernate.validator.internal.util.ConcurrentReferenceHashMap$Segment;
 393:            45           1440  javax.servlet.jsp.tagext.TagVariableInfo
 394:             4           1408  com.sun.org.apache.xerces.internal.impl.XMLNSDocumentScannerImpl
 395:            25           1400  org.apache.tomcat.util.res.StringManager$1
 396:            58           1392  java.util.regex.Pattern$Slice
 397:            58           1392  org.springframework.http.MediaType
 398:             1           1376  [Lsun.misc.FDBigInteger;
 399:            42           1344  java.util.regex.Pattern$BnM
 400:            56           1344  sun.reflect.generics.tree.FormalTypeParameter
 401:            55           1320  java.io.FilePermissionCollection
 402:            41           1312  [Ljava.math.BigInteger;
 403:             2           1312  [Ljava.util.Locale;
 404:            82           1312  java.util.HashMap$EntrySet
 405:             9           1296  [Lorg.aspectj.apache.bcel.generic.Type;
 406:            27           1296  com.sun.xml.bind.v2.runtime.LeafBeanInfoImpl
 407:            27           1296  org.apache.commons.beanutils.converters.ArrayConverter
 408:            23           1288  org.hsqldb.types.IntervalType
 409:            32           1280  java.math.BigDecimal
 410:            40           1280  org.apache.el.parser.AstDotSuffix
 411:            16           1280  org.apache.jasper.compiler.Node$ELExpression
 412:            40           1280  sun.reflect.generics.reflectiveObjects.WildcardTypeImpl
 413:            53           1272  java.util.concurrent.atomic.AtomicLong
 414:            53           1272  org.springframework.util.AntPathMatcher$AntPathStringMatcher
 415:            41           1264  [Lcom.sun.org.apache.xerces.internal.impl.xs.traversers.OneAttr;
 416:            13           1248  com.github.dandelion.datatables.jsp.tag.ColumnTag
 417:            39           1248  com.sun.org.apache.xerces.internal.impl.dtd.XMLElementDecl
 418:            11           1232  org.apache.jasper.JspCompilationContext
 419:            51           1224  java.util.regex.Pattern$GroupHead
 420:            51           1224  java.util.regex.Pattern$GroupTail
 421:            30           1200  java.util.PropertyResourceBundle
 422:            29           1160  org.hibernate.validator.internal.metadata.aggregated.ParameterMetaData
 423:            16           1152  java.lang.reflect.Field
 424:            48           1152  org.springframework.util.ConcurrentReferenceHashMap$ReferenceManager
 425:            11           1144  org.apache.jasper.servlet.JasperLoader
 426:            13           1144  org.apache.naming.resources.FileDirContext$FileResourceAttributes
 427:            34           1120  [Ljava.io.ObjectStreamField;
 428:            35           1120  org.aspectj.weaver.Lint$Kind
 429:            46           1104  org.apache.jasper.runtime.TagHandlerPool
 430:            46           1104  org.springframework.core.convert.support.GenericConversionService$ConverterCacheKey
 431:            23           1104  sun.management.DiagnosticCommandInfo
 432:             3           1072  [Ljava.lang.Byte;
 433:             3           1072  [Ljava.lang.Integer;
 434:             3           1072  [Ljava.lang.Long;
 435:             3           1072  [Ljava.lang.Short;
 436:             2           1064  [Ljava.lang.invoke.MethodHandle;
 437:            19           1064  java.lang.Class$ReflectionData
 438:             4           1056  org.apache.catalina.core.StandardWrapper
 439:            11           1056  org.apache.jasper.servlet.JspServletWrapper
 440:            12           1056  org.apache.taglibs.standard.tag.rt.core.ForEachTag
 441:            29           1048  [Ljava.security.ProtectionDomain;
 442:             1           1040  [Lcom.sun.org.apache.xerces.internal.impl.dtd.models.ContentModelValidator;
 443:             1           1040  [Lcom.sun.org.apache.xerces.internal.impl.dv.DatatypeValidator;
 444:             1           1040  [[Ljava.lang.Class;
 445:            10           1040  org.springframework.context.annotation.ScannedGenericBeanDefinition
 446:            42           1032  [Lorg.springframework.web.bind.annotation.RequestMethod;
 447:             3           1032  com.sun.org.apache.xerces.internal.impl.XMLDocumentScannerImpl
 448:            64           1024  [Lorg.apache.tomcat.util.modeler.NotificationInfo;
 449:            32           1024  org.apache.el.parser.AstValue
 450:            16           1024  org.hibernate.validator.internal.metadata.descriptor.ConstraintDescriptorImpl
 451:            42           1008  org.apache.coyote.ActionCode
 452:            14           1008  org.springframework.web.servlet.view.JstlView
 453:            11            968  org.apache.jasper.compiler.Node$Root
 454:            60            960  com.sun.org.apache.xerces.internal.util.AugmentationsImpl
 455:            30            960  java.security.Provider$EngineDescription
 456:            24            960  org.hibernate.validator.internal.metadata.aggregated.PropertyMetaData
 457:            40            960  sun.reflect.generics.tree.Wildcard
 458:            23            920  org.joda.time.chrono.ZonedChronology$ZonedDateTimeField
 459:            19            912  org.hibernate.validator.internal.util.ConcurrentReferenceHashMap$SoftKeyReference
 460:            19            912  org.hibernate.validator.internal.util.ConcurrentReferenceHashMap$SoftValueReference
 461:             8            896  org.apache.taglibs.standard.tlv.JstlFmtTLV
 462:             8            896  org.hsqldb.ClientConnection
 463:            37            888  java.util.Arrays$ArrayList
 464:             8            880  [D
 465:            22            880  ch.qos.logback.core.status.InfoStatus
 466:            46            864  [Ljava.lang.annotation.Annotation;
 467:            38            864  [Ljavax.servlet.jsp.tagext.FunctionInfo;
 468:            36            864  com.sun.org.apache.xerces.internal.impl.xs.traversers.SmallContainer
 469:            54            864  org.apache.commons.beanutils.converters.ConverterFacade
 470:             6            864  org.aspectj.weaver.ReferenceType
 471:            18            864  org.hibernate.validator.internal.util.ConcurrentReferenceHashMap
 472:            35            840  java.util.regex.Pattern$Single
 473:            15            840  javax.management.openmbean.ArrayType
 474:            35            840  org.apache.catalina.util.LifecycleSupport
 475:             5            840  org.springframework.web.servlet.tags.form.InputTag
 476:            46            832  [Ljavax.management.MBeanNotificationInfo;
 477:            34            816  java.util.Collections$SingletonList
 478:            20            800  com.sun.jmx.mbeanserver.MXBeanSupport
 479:             4            800  com.sun.org.apache.xerces.internal.impl.XMLDTDScannerImpl
 480:             9            792  org.aspectj.weaver.ResolvedType$Primitive
 481:            32            768  com.sun.jmx.mbeanserver.DefaultMXBeanMappingFactory$IdentityMapping
 482:             4            768  com.sun.org.apache.xerces.internal.parsers.XIncludeAwareParserConfiguration
 483:            48            768  java.util.jar.Attributes
 484:            24            768  java.util.regex.Pattern$Branch
 485:            16            768  org.hsqldb.persist.HsqlProperties
 486:            16            768  sun.misc.URLClassPath
 487:             5            760  org.springframework.web.servlet.tags.form.ErrorsTag
 488:            31            744  com.sun.xml.bind.v2.runtime.unmarshaller.XsiTypeLoader
 489:            23            736  java.io.FileInputStream
 490:            23            736  org.joda.time.DateTimeFieldType$StandardDateTimeFieldType
 491:            46            736  org.springframework.expression.common.LiteralExpression
 492:            23            736  sun.management.DiagnosticCommandImpl$Wrapper
 493:            27            720  [Ljavax.xml.namespace.QName;
 494:            15            720  java.lang.management.PlatformComponent
 495:            15            720  java.util.concurrent.ConcurrentHashMap$TreeBin
 496:            30            720  java.util.regex.Pattern$Start
 497:            30            720  org.springframework.context.support.MessageSourceAccessor
 498:            18            720  org.springframework.web.method.HandlerMethod
 499:            43            704  [Ljavax.management.MBeanConstructorInfo;
 500:            18            704  [Lorg.apache.jasper.compiler.JspUtil$ValidAttribute;
 501:            44            704  ch.qos.logback.core.joran.spi.Pattern
 502:             4            704  com.sun.org.apache.xerces.internal.impl.dtd.XMLNSDTDValidator
 503:            22            704  org.xml.sax.helpers.LocatorImpl
 504:            29            696  com.sun.jmx.mbeanserver.PerInterface$MethodAndSig
 505:            29            696  org.jboss.logging.Slf4jLocationAwareLogger
 506:            21            672  com.sun.jmx.mbeanserver.WeakIdentityHashMap$IdentityWeakReference
 507:            28            672  java.security.Provider$UString
 508:            21            672  java.util.PropertyPermission
 509:             6            672  org.apache.taglibs.standard.tlv.JstlCoreTLV
 510:            41            656  com.sun.proxy.$Proxy0
 511:            41            656  com.sun.proxy.$Proxy5
 512:            27            648  com.sun.xml.bind.v2.runtime.unmarshaller.TextLoader
 513:            27            648  java.util.concurrent.locks.AbstractQueuedSynchronizer$ConditionObject
 514:             8            640  [Lcom.sun.xml.bind.v2.util.QNameMap$Entry;
 515:             8            640  com.sun.org.apache.xalan.internal.xsltc.trax.TransformerFactoryImpl
 516:            20            640  java.util.ArrayList$Itr
 517:             8            640  java.util.concurrent.ThreadPoolExecutor
 518:            10            640  org.springframework.core.type.classreading.AnnotationMetadataReadingVisitor
 519:            16            640  org.springframework.web.servlet.mvc.method.RequestMappingInfo
 520:            35            632  [Lorg.apache.catalina.LifecycleListener;
 521:            39            624  com.sun.proxy.$Proxy3
 522:            26            624  org.apache.tomcat.util.digester.ArrayStack
 523:            24            616  [Ljava.util.regex.Pattern$Node;
 524:            38            616  [Ljavax.servlet.jsp.tagext.TagFileInfo;
 525:            19            608  org.hibernate.validator.internal.util.ConcurrentReferenceHashMap$HashEntry
 526:            25            600  java.util.regex.Pattern$BitClass
 527:            25            600  org.apache.tomcat.util.res.StringManager
 528:            15            600  org.joda.time.tz.CachedDateTimeZone$Info
 529:            25            600  sun.nio.cs.CharsetMapping$Entry
 530:            24            576  org.aspectj.weaver.tools.PointcutPrimitive
 531:             3            560  [Ljava.lang.Character;
 532:             2            560  [Ljava.lang.Thread;
 533:            14            560  javax.management.openmbean.SimpleType
 534:             1            560  org.apache.catalina.core.StandardContext
 535:             5            560  org.apache.tomcat.util.digester.Digester
 536:            23            552  [Lsun.management.DiagnosticCommandArgumentInfo;
 537:            17            544  org.springframework.beans.factory.config.TypedStringValue
 538:             1            528  [Ljava.util.TimerTask;
 539:             1            528  [Lnet.sf.ehcache.concurrent.ReadWriteLockSync;
 540:             1            528  [Lnet.sf.ehcache.store.chm.SelectableConcurrentHashMap$Segment;
 541:             3            528  com.sun.org.apache.xerces.internal.impl.dtd.XMLDTDValidator
 542:             6            528  com.sun.xml.bind.v2.runtime.ClassBeanInfoImpl
 543:            11            528  org.apache.catalina.util.Extension
 544:            11            528  org.apache.jasper.compiler.JDTCompiler
 545:            11            528  org.apache.jasper.compiler.JspReader
 546:            11            528  org.apache.jasper.compiler.ParserController
 547:             6            528  org.aspectj.weaver.reflect.Java15ReflectionBasedReferenceTypeDelegate
 548:            13            520  com.sun.jmx.mbeanserver.PerInterface
 549:            13            520  org.hsqldb.store.HashIndex
 550:             5            520  org.hsqldb.store.ValuePoolHashMap
 551:             4            512  com.sun.org.apache.xerces.internal.impl.XMLEntityManager
 552:            16            512  org.hibernate.validator.internal.engine.ConstraintTree
 553:            16            512  org.springframework.web.servlet.mvc.condition.PatternsRequestCondition
 554:            16            512  org.springframework.web.servlet.mvc.condition.ProducesRequestCondition$ProduceMediaTypeExpression
 555:             9            504  javax.management.openmbean.CompositeType
 556:             9            504  org.hsqldb.navigator.RowSetNavigatorClient
 557:            21            504  org.springframework.beans.factory.config.RuntimeBeanReference
 558:            21            504  org.xml.sax.helpers.AttributesImpl
 559:             9            488  [Lcom.sun.org.apache.xalan.internal.utils.XMLSecurityManager$State;
 560:            12            480  com.sun.org.apache.xerces.internal.impl.dtd.XMLEntityDecl
 561:             3            480  com.sun.org.apache.xerces.internal.impl.xs.SchemaGrammar$BuiltinSchemaGrammar
 562:             4            480  com.sun.org.apache.xerces.internal.jaxp.SAXParserImpl$JAXPSAXParser
 563:            15            480  com.sun.org.apache.xerces.internal.util.XMLResourceIdentifierImpl
 564:             6            480  com.sun.xml.bind.v2.model.impl.RuntimeClassInfoImpl
 565:            12            480  org.hsqldb.types.NumberType
 566:            20            480  org.springframework.beans.BeanMetadataAttribute
 567:            10            480  sun.util.locale.provider.LocaleResources$ResourceReference
 568:            18            472  [Lorg.springframework.core.MethodParameter;
 569:            12            464  [[I
 570:            29            464  com.sun.proxy.$Proxy6
 571:            19            456  org.apache.jasper.compiler.TldLocation
 572:            14            448  com.sun.xml.bind.v2.util.QNameMap$Entry
 573:            14            448  java.util.concurrent.locks.AbstractQueuedSynchronizer$Node
 574:             8            448  javax.management.openmbean.OpenMBeanParameterInfoSupport
 575:            14            448  org.apache.catalina.LifecycleState
 576:            28            448  org.hibernate.validator.internal.util.logging.Log_$logger
 577:             8            448  org.hsqldb.jdbc.JDBCConnection
 578:             7            448  org.hsqldb.types.DateTimeType
 579:            14            448  org.springframework.format.support.FormattingConversionService$AnnotationParserConverter
 580:            14            448  org.springframework.format.support.FormattingConversionService$AnnotationPrinterConverter
 581:            11            440  org.springframework.beans.factory.config.ConstructorArgumentValues$ValueHolder
 582:            27            432  com.sun.proxy.$Proxy43
 583:             6            432  com.sun.xml.bind.v2.model.impl.RuntimeElementPropertyInfoImpl
 584:            18            432  java.text.DateFormat$Field
 585:            18            432  java.util.regex.Pattern$7
 586:            18            432  java.util.regex.Pattern$CharProperty$1
 587:             2            432  net.sf.ehcache.config.CacheConfiguration
 588:             6            432  org.apache.jasper.compiler.Node$Declaration
 589:             4            416  com.sun.org.apache.xerces.internal.impl.dv.xs.AbstractDateTimeDV$DateTimeData
 590:            26            416  org.eclipse.jdt.internal.compiler.impl.IrritantSet
 591:            17            408  java.lang.management.ManagementPermission
 592:            11            400  [Lcom.sun.org.apache.xerces.internal.util.XMLAttributesImpl$Attribute;
 593:             5            400  [Lorg.joda.time.convert.ConverterSet$Entry;
 594:            10            400  ch.qos.logback.core.joran.event.StartEvent
 595:            10            400  com.sun.org.apache.xerces.internal.impl.xpath.regex.RangeToken
 596:            10            400  java.io.BufferedInputStream
 597:            10            400  org.hsqldb.ColumnBase
 598:             2            400  org.springframework.beans.factory.support.DefaultListableBeanFactory
 599:            10            400  org.springframework.beans.factory.support.ManagedList
 600:            10            400  org.springframework.core.convert.Property
 601:             7            392  com.sun.org.apache.xerces.internal.util.XMLAttributesIteratorImpl
 602:             1            392  info.ragozin.demo.ProcessWatchDog
 603:             7            392  org.aspectj.internal.lang.reflect.AjTypeImpl
 604:             7            392  org.joda.time.contrib.jsptag.FormatTag
 605:             4            384  com.sun.org.apache.xerces.internal.impl.dtd.XMLDTDProcessor
 606:             1            384  java.lang.ref.Finalizer$FinalizerThread
 607:             6            384  java.nio.DirectByteBuffer
 608:             1            384  java.util.TimerThread
 609:            16            384  java.util.concurrent.ConcurrentLinkedQueue$Node
 610:             8            384  java.util.concurrent.LinkedBlockingQueue
 611:             1            384  java.util.logging.LogManager$Cleaner
 612:            24            384  java.util.regex.Pattern$BranchConn
 613:            24            384  java.util.regex.Pattern$Dot
 614:             1            384  net.sf.ehcache.CacheManager$1
 615:            16            384  org.apache.catalina.startup.MappedNameRule
 616:             8            384  org.apache.commons.dbcp.PoolableConnection
 617:             8            384  org.apache.taglibs.standard.tag.rt.core.OutTag
 618:             8            384  org.hsqldb.rowio.RowInputBinary
 619:            16            384  org.springframework.core.convert.support.GenericConversionService$ConverterFactoryAdapter
 620:             8            384  org.springframework.jdbc.core.JdbcTemplate
 621:            16            384  org.springframework.util.ConcurrentReferenceHashMap$Entry
 622:            16            384  org.springframework.web.servlet.mvc.condition.ProducesRequestCondition
 623:            16            384  sun.misc.MetaIndex
 624:             1            376  java.lang.ref.Reference$ReferenceHandler
 625:             9            360  com.sun.org.apache.xalan.internal.utils.XMLSecurityManager$Limit
 626:             9            360  com.sun.org.apache.xerces.internal.utils.XMLSecurityManager$Limit
 627:            15            360  javax.management.StandardMBean
 628:             2            352  [Lorg.eclipse.jdt.internal.compiler.lookup.LocalVariableBinding;
 629:            11            352  com.sun.xml.bind.v2.runtime.unmarshaller.LeafPropertyXsiLoader
 630:            11            352  org.joda.time.chrono.ZonedChronology$ZonedDurationField
 631:            22            352  sun.reflect.generics.tree.TypeVariableSignature
 632:            11            344  [Ljava.lang.Boolean;
 633:             7            336  com.sun.jmx.mbeanserver.DefaultMXBeanMappingFactory$CompositeMapping
 634:             7            336  com.sun.org.apache.xerces.internal.impl.XMLDocumentFragmentScannerImpl$ElementStack
 635:            14            336  java.io.ExpiringCache$Entry
 636:             6            336  java.nio.DirectLongBufferU
 637:             3            336  org.hsqldb.lib.HashMap
 638:             3            336  org.hsqldb.lib.IntValueHashMap
 639:             7            336  org.hsqldb.result.ResultMetaData
 640:             2            336  org.joda.time.chrono.ISOChronology
 641:            14            336  org.springframework.core.NamedThreadLocal
 642:             6            336  sun.management.MemoryPoolImpl
 643:            14            336  sun.misc.URLClassPath$FileLoader
 644:             7            336  sun.nio.cs.StreamEncoder
 645:            16            328  [Ljava.lang.management.PlatformComponent;
 646:            12            320  [[Ljava.lang.Object;
 647:            10            320  ch.qos.logback.core.joran.event.EndEvent
 648:             8            320  com.sun.org.apache.xerces.internal.impl.dtd.XMLDTDDescription
 649:            10            320  java.lang.OutOfMemoryError
 650:            20            320  java.lang.ThreadLocal
 651:             4            320  org.apache.catalina.core.StandardWrapperValve
 652:             8            320  org.eclipse.jdt.internal.compiler.lookup.BaseTypeBinding
 653:             8            320  org.hsqldb.rowio.RowOutputBinary
 654:             8            320  org.joda.time.field.PreciseDateTimeField
 655:             5            320  org.springframework.aop.framework.ProxyFactory
 656:            10            320  org.springframework.asm.Type
 657:            20            320  org.springframework.core.convert.support.ObjectToStringConverter
 658:             6            312  [Lcom.sun.org.apache.xerces.internal.impl.xs.util.SimpleLocator;
 659:            13            312  com.sun.xml.bind.v2.runtime.unmarshaller.ChildLoader
 660:            13            312  org.apache.naming.resources.FileDirContext$FileResource
 661:            13            312  org.aspectj.weaver.Shadow$Kind
 662:            19            304  org.apache.jasper.compiler.JarURLResource
 663:            12            288  com.sun.istack.FinalArrayList
 664:            12            288  com.sun.org.apache.xerces.internal.impl.xpath.regex.Token$CharToken
 665:             6            288  com.sun.xml.bind.v2.runtime.unmarshaller.StructureLoader
 666:             9            288  java.util.logging.Level
 667:            12            288  org.apache.coyote.AsyncStateMachine$AsyncState
 668:             6            288  org.apache.taglibs.standard.tag.rt.core.IfTag
 669:            12            288  org.aspectj.apache.bcel.generic.ObjectType
 670:             2            288  org.aspectj.weaver.ArrayReferenceType
 671:            12            288  org.joda.time.DurationFieldType$StandardDurationFieldType
 672:             6            288  org.joda.time.format.DateTimeFormatter
 673:             4            288  org.springframework.beans.factory.support.ManagedMap
 674:             9            288  sun.security.jca.ProviderConfig
 675:             7            280  com.sun.org.apache.xerces.internal.impl.XMLDocumentFragmentScannerImpl$ElementStack2
 676:             7            280  com.sun.org.apache.xerces.internal.impl.validation.ValidationState
 677:             7            280  org.springframework.jdbc.core.namedparam.ParsedSql
 678:             1            272  [Lorg.joda.time.chrono.ISOChronology;
 679:             1            272  com.sun.org.apache.xerces.internal.impl.dtd.DTDGrammar
 680:             5            264  [Lcom.sun.org.apache.xerces.internal.utils.XMLSecurityManager$State;
 681:            11            264  com.sun.xml.bind.v2.runtime.unmarshaller.LeafPropertyLoader
 682:            11            264  java.util.Collections$UnmodifiableCollection$1
 683:            11            264  java.util.jar.Manifest
 684:            11            264  org.apache.jasper.compiler.BeanRepository
 685:            11            264  org.apache.jasper.compiler.ErrorDispatcher
 686:            11            264  org.apache.taglibs.standard.tag.common.core.ForEachSupport$SimpleForEachIterator
 687:            11            264  org.hibernate.validator.internal.engine.ConstraintTree$ConstraintValidatorCacheKey
 688:            11            264  org.hsqldb.types.Charset
 689:            11            264  org.springframework.aop.framework.AdvisedSupport$MethodCacheKey
 690:            11            264  org.springframework.core.io.ClassPathResource
 691:             8            256  [Lcom.sun.org.apache.xerces.internal.impl.XMLEntityManager$CharacterBuffer;
 692:             4            256  [Lcom.sun.org.apache.xerces.internal.impl.xs.XSElementDecl;
 693:             8            256  com.github.dandelion.datatables.core.export.ExportType
 694:             8            256  com.sun.org.apache.xalan.internal.utils.XMLSecurityManager
 695:             4            256  com.sun.org.apache.xerces.internal.impl.XMLEntityScanner
 696:            16            256  com.sun.proxy.$Proxy22
 697:             8            256  com.sun.xml.bind.v2.util.QNameMap
 698:             8            256  java.io.DataInputStream
 699:             8            256  javax.management.MBeanNotificationInfo
 700:             8            256  org.apache.tomcat.util.digester.SetPropertiesRule
 701:            16            256  org.eclipse.jdt.internal.compiler.impl.IntConstant
 702:             8            256  org.hsqldb.lib.DataOutputStream
 703:            16            256  org.springframework.beans.factory.support.ConstructorResolver$AutowiredArgumentMarker
 704:             4            256  org.springframework.util.LinkedCaseInsensitiveMap
 705:             2            256  org.springframework.web.context.support.XmlWebApplicationContext
 706:            16            256  org.springframework.web.servlet.mvc.condition.ConsumesRequestCondition
 707:            16            256  org.springframework.web.servlet.mvc.condition.HeadersRequestCondition
 708:            16            256  org.springframework.web.servlet.mvc.condition.ParamsRequestCondition
 709:            16            256  org.springframework.web.servlet.mvc.condition.RequestConditionHolder
 710:            16            256  org.springframework.web.servlet.mvc.condition.RequestMethodsRequestCondition
 711:             8            256  sun.misc.ProxyGenerator$PrimitiveTypeInfo
 712:            16            256  sun.reflect.BootstrapConstructorAccessorImpl
 713:            16            256  sun.reflect.generics.tree.ArrayTypeSignature
 714:             3            240  [Lcom.sun.org.apache.xerces.internal.impl.xs.XSComplexTypeDecl;
 715:             3            240  [Lorg.springframework.util.ConcurrentReferenceHashMap$Segment;
 716:             2            240  [Lsun.nio.cs.CharsetMapping$Entry;
 717:            10            240  com.sun.org.apache.xerces.internal.impl.XMLScanner$NameType
 718:             6            240  com.sun.xml.bind.v2.model.impl.RuntimeTypeRefImpl
 719:             6            240  java.io.BufferedWriter
 720:            10            240  java.lang.annotation.ElementType
 721:             6            240  java.lang.reflect.Proxy$Key2
 722:            10            240  java.util.BitSet
 723:             3            240  java.util.zip.ZipEntry
 724:             5            240  javax.management.modelmbean.ModelMBeanOperationInfo
 725:             6            240  org.apache.catalina.mbeans.ContainerMBean
 726:             6            240  org.apache.el.parser.AstFunction
 727:             6            240  org.apache.jasper.compiler.ELNode$Function
 728:            10            240  org.hibernate.validator.internal.util.annotationfactory.AnnotationProxy
 729:            10            240  org.springframework.beans.factory.config.BeanExpressionContext
 730:            10            240  org.springframework.core.io.FileSystemResource
 731:            10            240  org.springframework.web.servlet.tags.Param
 732:            10            240  org.springframework.web.util.UrlPathHelper
 733:             6            240  sun.management.MemoryPoolImpl$CollectionSensor
 734:             6            240  sun.management.MemoryPoolImpl$PoolSensor
 735:             9            232  [Lcom.sun.org.apache.xalan.internal.utils.FeaturePropertyBase$State;
 736:             9            232  [Ljdk.xml.internal.JdkXmlFeatures$State;
 737:             4            224  [Ljava.util.Map;
 738:             4            224  com.sun.org.apache.xerces.internal.jaxp.SAXParserImpl
 739:             7            224  com.sun.xml.bind.v2.runtime.Name
 740:             7            224  java.util.Collections$SynchronizedMap
 741:             7            224  org.apache.catalina.core.StandardPipeline
 742:             4            224  org.apache.catalina.startup.CallMethodMultiRule
 743:             4            224  org.apache.catalina.startup.LifecycleCallbackRule
 744:             7            224  org.aspectj.apache.bcel.util.NonCachingClassLoaderRepository$SoftHashMap
 745:             4            224  sun.security.provider.SHA
 746:             9            216  com.github.dandelion.datatables.core.model.DisplayType
 747:             9            216  java.util.concurrent.ConcurrentHashMap$KeySetView
 748:             9            216  java.util.concurrent.LinkedBlockingQueue$Node
 749:             9            216  java.util.logging.Level$KnownLevel
 750:             1            216  org.apache.catalina.loader.WebappClassLoader
 751:             1            216  org.apache.tomcat.util.net.JIoEndpoint
 752:             9            216  org.aspectj.apache.bcel.generic.BasicType
 753:             9            216  org.aspectj.weaver.MemberKind
 754:             9            216  org.eclipse.jdt.internal.compiler.lookup.TypeConstants$CloseMethodRecord
 755:             3            216  org.springframework.web.servlet.handler.SimpleUrlHandlerMapping
 756:             3            216  sun.security.provider.NativePRNG$RandomIO
 757:             9            216  sun.util.logging.PlatformLogger$Level
 758:             2            208  sun.util.calendar.ImmutableGregorianDate
 759:             2            200  [Ljava.text.DateFormat$Field;
 760:             5            200  [Lorg.joda.time.convert.Converter;
 761:             5            200  org.hsqldb.types.BinaryType
 762:             5            200  org.hsqldb.types.UserTypeModifier
 763:             5            200  org.springframework.transaction.interceptor.RuleBasedTransactionAttribute
 764:             8            192  com.github.dandelion.datatables.core.constants.ResourceType
 765:             8            192  com.sun.org.apache.xalan.internal.utils.XMLSecurityPropertyManager
 766:             8            192  com.sun.org.apache.xerces.internal.impl.dtd.XMLAttributeDecl
 767:             6            192  com.sun.org.apache.xerces.internal.impl.xpath.regex.Token$ClosureToken
 768:             4            192  com.sun.org.apache.xerces.internal.impl.xs.SchemaGrammar$BuiltinAttrDecl
 769:             4            192  com.sun.org.apache.xerces.internal.util.XMLAttributesImpl
 770:             6            192  com.sun.xml.bind.v2.model.impl.ClassInfoImpl$SecondaryAnnotation
 771:             6            192  com.sun.xml.bind.v2.runtime.LifecycleMethods
 772:             4            192  com.sun.xml.bind.v2.runtime.property.SingleElementLeafProperty
 773:             8            192  java.math.RoundingMode
 774:             3            192  java.security.SecureRandom
 775:             6            192  java.util.Random
 776:             8            192  java.util.concurrent.ConcurrentLinkedQueue
 777:             8            192  java.util.concurrent.locks.ReentrantReadWriteLock$Sync$HoldCounter
 778:             8            192  java.util.regex.Pattern$Ctype
 779:             8            192  java.util.regex.Pattern$SliceI
 780:             8            192  javax.el.BeanELResolver$BeanProperties
 781:             8            192  jdk.xml.internal.JdkXmlFeatures
 782:            12            192  org.apache.el.ExpressionFactoryImpl
 783:             3            192  org.apache.tomcat.util.http.mapper.Mapper$ContextVersion
 784:             8            192  org.apache.tomcat.util.http.mapper.Mapper$Wrapper
 785:             8            192  org.apache.tomcat.util.net.AbstractEndpoint$Handler$SocketState
 786:             8            192  org.aspectj.bridge.IMessage$Kind
 787:             6            192  org.aspectj.weaver.patterns.TypePatternList
 788:             2            192  org.eclipse.jdt.internal.compiler.CompilationResult
 789:             4            192  org.hibernate.validator.internal.metadata.aggregated.BeanMetaDataImpl
 790:             6            192  org.joda.time.format.DateTimeFormatterBuilder$PaddedNumber
 791:             6            192  org.springframework.context.event.AbstractApplicationEventMulticaster$ListenerRetriever
 792:             6            192  org.springframework.format.support.FormattingConversionService$PrinterConverter
 793:             8            192  org.springframework.http.HttpMethod
 794:             3            192  org.springframework.jdbc.core.namedparam.NamedParameterJdbcTemplate$1
 795:             6            192  org.springframework.samples.petclinic.model.Vet
 796:             6            192  org.springframework.util.PropertyPlaceholderHelper
 797:             8            192  org.springframework.web.bind.annotation.RequestMethod
 798:             4            192  org.springframework.web.servlet.tags.ParamTag
 799:             1            184  [Lorg.apache.coyote.ActionCode;
 800:             1            184  org.apache.catalina.core.StandardHost
 801:             1            184  org.aspectj.weaver.reflect.ReflectionWorld
 802:             4            176  [Ljava.math.BigDecimal;
 803:             9            176  [Lorg.apache.tomcat.util.http.mapper.Mapper$Wrapper;
 804:            11            176  com.sun.org.apache.xerces.internal.impl.xs.util.XInt
 805:             2            176  org.apache.catalina.deploy.NamingResources
 806:             1            176  org.apache.catalina.deploy.WebXml
 807:            11            176  org.apache.jasper.compiler.DefaultErrorHandler
 808:             1            176  org.joda.time.chrono.GregorianChronology
 809:             1            168  [[Ljava.math.BigInteger;
 810:             7            168  ch.qos.logback.classic.Level
 811:             7            168  com.sun.management.VMOption$Origin
 812:             7            168  com.sun.org.apache.xerces.internal.impl.dtd.DTDGrammarBucket
 813:             3            168  com.sun.org.apache.xerces.internal.impl.xs.XSDDescription
 814:             7            168  com.sun.org.apache.xerces.internal.util.FeatureState
 815:             7            168  com.sun.xml.bind.v2.model.impl.ClassInfoImpl$PropertyGroup
 816:             7            168  java.io.OutputStreamWriter
 817:             7            168  java.net.NetPermission
 818:             7            168  java.util.Collections$SynchronizedSet
 819:             3            168  javax.management.openmbean.OpenMBeanOperationInfoSupport
 820:             7            168  org.apache.catalina.core.ContainerBase$StartStopThreadFactory
 821:             3            168  org.apache.commons.beanutils.WeakFastHashMap
 822:             7            168  org.apache.commons.pool.impl.CursorableLinkedList$Listable
 823:             3            168  org.apache.naming.resources.WARDirContext
 824:             7            168  org.apache.tomcat.util.net.SocketStatus
 825:             7            168  org.aspectj.apache.bcel.util.NonCachingClassLoaderRepository
 826:             7            168  org.aspectj.weaver.WeakClassLoaderReference
 827:             7            168  org.aspectj.weaver.bcel.BcelWeakClassLoaderReference
 828:             7            168  org.aspectj.weaver.reflect.Java15AnnotationFinder
 829:             1            168  org.joda.time.chrono.ZonedChronology
 830:             3            168  org.springframework.core.env.PropertySourcesPropertyResolver
 831:             7            168  org.springframework.transaction.annotation.Propagation
 832:             4            160  [F
 833:             5            160  [Ljava.lang.ref.WeakReference;
 834:             2            160  [Lorg.hsqldb.HsqlNameManager$HsqlName;
 835:             7            160  [Lorg.hsqldb.types.Type;
 836:             4            160  com.sun.org.apache.xerces.internal.impl.XMLEntityManager$CharacterBufferPool
 837:             4            160  com.sun.org.apache.xerces.internal.impl.XMLErrorReporter
 838:             4            160  com.sun.org.apache.xerces.internal.impl.XMLVersionDetector
 839:             5            160  com.sun.org.apache.xerces.internal.jaxp.SAXParserFactoryImpl
 840:             4            160  com.sun.org.apache.xerces.internal.util.SymbolTable
 841:             4            160  com.sun.org.apache.xerces.internal.utils.XMLLimitAnalyzer
 842:             4            160  com.sun.org.apache.xerces.internal.utils.XMLSecurityManager
 843:            10            160  com.sun.proxy.$Proxy15
 844:             5            160  com.sun.xml.bind.v2.model.core.PropertyKind
 845:             4            160  com.sun.xml.internal.stream.XMLEntityStorage
 846:             4            160  java.io.PrintWriter
 847:             4            160  java.lang.ClassLoader$NativeLibrary
 848:             4            160  java.util.Collections$SingletonMap
 849:            10            160  java.util.Formatter$Flags
 850:             5            160  java.util.RegularEnumSet
 851:             5            160  javax.management.StandardEmitterMBean
 852:             1            160  org.apache.catalina.session.StandardManager
 853:             4            160  org.apache.catalina.startup.CallParamMultiRule
 854:            10            160  org.apache.catalina.valves.AccessLogValve$StringElement
 855:             4            160  org.apache.commons.beanutils.converters.ByteConverter
 856:             4            160  org.apache.commons.beanutils.converters.DoubleConverter
 857:             4            160  org.apache.commons.beanutils.converters.FloatConverter
 858:             4            160  org.apache.commons.beanutils.converters.IntegerConverter
 859:             4            160  org.apache.commons.beanutils.converters.LongConverter
 860:             4            160  org.apache.commons.beanutils.converters.ShortConverter
 861:             5            160  org.apache.el.parser.AstString
 862:             5            160  org.apache.tomcat.util.digester.RulesBase
 863:             1            160  org.aspectj.weaver.Lint
 864:             2            160  org.springframework.beans.factory.config.PropertyPlaceholderConfigurer
 865:            10            160  org.springframework.web.context.request.RequestScope
 866:             5            160  sun.reflect.UnsafeObjectFieldAccessorImpl
 867:             5            160  sun.util.locale.provider.LocaleProviderAdapter$Type
 868:             5            160  sun.util.locale.provider.LocaleServiceProviderPool
 869:             1            152  org.apache.catalina.core.StandardEngine
 870:             3            144  [Ljavax.el.ELResolver;
 871:             1            144  [Lorg.hsqldb.types.CharacterType;
 872:             6            144  com.github.dandelion.datatables.core.export.ExportLinkPosition
 873:             6            144  com.sun.org.apache.xerces.internal.util.Status
 874:             6            144  com.sun.xml.bind.v2.model.impl.ElementPropertyInfoImpl$1
 875:             6            144  com.sun.xml.bind.v2.model.impl.GetterSetterPropertySeed
 876:             6            144  com.sun.xml.bind.v2.model.impl.RuntimeClassInfoImpl$RuntimePropertySeed
 877:             6            144  java.lang.StringBuilder
 878:             9            144  java.util.TreeMap$EntrySet
 879:             6            144  javax.management.NotificationBroadcasterSupport
 880:             9            144  javax.management.modelmbean.DescriptorSupport
 881:             6            144  javax.persistence.CascadeType
 882:             6            144  javax.xml.datatype.DatatypeConstants$Field
 883:             2            144  net.sf.ehcache.Element
 884:             3            144  org.apache.catalina.deploy.FilterDef
 885:             3            144  org.apache.commons.beanutils.converters.DateConverter
 886:             6            144  org.apache.commons.pool.impl.GenericKeyedObjectPool$ObjectTimestampPair
 887:             1            144  org.apache.coyote.http11.Http11Protocol
 888:             2            144  org.apache.jasper.compiler.Node$AttributeDirective
 889:             6            144  org.aspectj.lang.reflect.PerClauseKind
 890:             6            144  org.aspectj.weaver.reflect.JavaLangTypeToResolvedTypeConverter
 891:             6            144  org.hibernate.validator.internal.metadata.core.MetaConstraint
 892:             6            144  org.hibernate.validator.internal.metadata.location.BeanConstraintLocation
 893:             1            144  org.hsqldb.jdbc.JDBCPreparedStatement
 894:             6            144  org.jboss.logging.Logger$Level
 895:             6            144  org.joda.time.chrono.BasicChronology$YearInfo
 896:             6            144  org.joda.time.field.PreciseDurationField
 897:             6            144  org.springframework.aop.aspectj.annotation.AbstractAspectJAdvisorFactory$AspectJAnnotationType
 898:             6            144  org.springframework.core.Constants
 899:             3            144  org.springframework.jdbc.core.metadata.TableMetaDataContext
 900:             3            144  org.springframework.jdbc.core.simple.SimpleJdbcInsert
 901:             1            144  org.springframework.web.servlet.mvc.method.annotation.RequestMappingHandlerAdapter
 902:             6            144  sun.misc.PerfCounter
 903:             6            144  sun.security.util.DisabledAlgorithmConstraints$Constraint$Operator
 904:             1            136  [Lcom.sun.org.apache.xerces.internal.impl.dv.xs.TypeValidator;
 905:             5            136  [Lcom.sun.org.apache.xerces.internal.utils.XMLSecurityPropertyManager$State;
 906:             6            136  [Lcom.sun.xml.bind.v2.runtime.property.Property;
 907:             5            136  [Ljavax.persistence.CascadeType;
 908:             1            136  org.apache.commons.dbcp.BasicDataSource
 909:             5            128  [Lorg.springframework.aop.Advisor;
 910:             2            128  com.github.dandelion.datatables.jsp.tag.ExportTag
 911:             4            128  com.sun.jmx.mbeanserver.DefaultMXBeanMappingFactory$ArrayMapping
 912:             2            128  com.sun.org.apache.xerces.internal.impl.xpath.regex.RegularExpression
 913:             4            128  com.sun.org.apache.xerces.internal.util.NamespaceSupport
 914:             8            128  com.sun.proxy.$Proxy11
 915:             8            128  com.sun.proxy.$Proxy35
 916:             8            128  com.sun.proxy.$Proxy44
 917:             8            128  com.sun.proxy.$Proxy7
 918:             2            128  java.io.ExpiringCache$1
 919:             4            128  java.security.MessageDigest$Delegate
 920:             8            128  java.util.concurrent.atomic.AtomicBoolean
 921:             1            128  org.apache.catalina.valves.AccessLogValve
 922:             4            128  org.apache.commons.beanutils.converters.BooleanConverter
 923:             4            128  org.apache.el.parser.AstLiteralExpression
 924:             4            128  org.apache.naming.resources.ConcurrentDateFormat
 925:             4            128  org.joda.time.field.RemainderDateTimeField
 926:             2            128  org.springframework.context.annotation.ConfigurationClassPostProcessor
 927:             8            128  org.springframework.core.convert.support.CollectionToArrayConverter
 928:             8            128  org.springframework.core.convert.support.CollectionToStringConverter
 929:             2            128  org.springframework.core.type.classreading.CachingMetadataReaderFactory$1
 930:             4            128  org.springframework.http.converter.StringHttpMessageConverter
 931:             4            128  org.springframework.http.converter.xml.Jaxb2RootElementHttpMessageConverter
 932:             4            128  org.springframework.http.converter.xml.SourceHttpMessageConverter
 933:             2            128  org.springframework.web.context.request.async.StandardServletAsyncWebRequest
 934:             4            128  org.springframework.web.method.annotation.RequestParamMethodArgumentResolver
 935:             2            128  org.springframework.web.servlet.FlashMap
 936:             2            128  org.springframework.web.servlet.mvc.method.annotation.ServletInvocableHandlerMethod
 937:             2            128  org.springframework.web.servlet.view.RedirectView
 938:             2            128  sun.nio.cs.ext.DoubleByte$Encoder_DBCSONLY
 939:             4            128  sun.security.provider.SecureRandom
 940:             5            120  [Lorg.apache.tomcat.util.IntrospectionUtils$PropertySource;
 941:             1            120  [Lorg.joda.time.format.DateTimeFormatter;
 942:             5            120  ch.qos.logback.core.joran.spi.HostClassAndPropertyDouble
 943:             5            120  ch.qos.logback.core.pattern.parser.TokenStream$TokenizerState
 944:             5            120  ch.qos.logback.core.spi.ContextAwareBase
 945:             5            120  ch.qos.logback.core.subst.Token$Type
 946:             5            120  ch.qos.logback.core.util.AggregationType
 947:             5            120  com.github.dandelion.datatables.core.model.Configuration$Mode
 948:             5            120  com.sun.org.apache.xalan.internal.utils.FeaturePropertyBase$State
 949:             5            120  com.sun.org.apache.xalan.internal.utils.XMLSecurityManager$State
 950:             5            120  com.sun.org.apache.xerces.internal.impl.xs.traversers.LargeContainer
 951:             5            120  com.sun.org.apache.xerces.internal.util.PropertyState
 952:             5            120  com.sun.org.apache.xerces.internal.utils.XMLSecurityManager$State
 953:             5            120  com.sun.org.apache.xerces.internal.utils.XMLSecurityPropertyManager$State
 954:             5            120  java.lang.reflect.Proxy$KeyX
 955:             3            120  java.util.IdentityHashMap
 956:             3            120  javax.management.modelmbean.ModelMBeanAttributeInfo
 957:             5            120  javax.servlet.DispatcherType
 958:             5            120  jdk.xml.internal.JdkXmlFeatures$State
 959:             5            120  net.sf.ehcache.event.RegisteredEventListeners$Event
 960:             1            120  org.apache.catalina.connector.Connector
 961:             3            120  org.apache.catalina.core.ApplicationFilterConfig
 962:             5            120  org.apache.catalina.util.URLEncoder
 963:             5            120  org.apache.catalina.valves.AccessLogValve$FormatType
 964:             5            120  org.eclipse.jdt.internal.compiler.parser.Scanner$Goal
 965:             5            120  org.hibernate.validator.internal.constraintvalidators.SizeValidatorForCharSequence
 966:             3            120  org.hsqldb.types.BitType
 967:             5            120  org.joda.time.convert.ConverterSet
 968:             5            120  org.springframework.aop.framework.JdkDynamicAopProxy
 969:             5            120  org.springframework.format.support.FormattingConversionService$ParserConverter
 970:             5            120  org.springframework.jndi.JndiTemplate
 971:             5            120  org.springframework.transaction.annotation.Isolation
 972:             5            120  org.springframework.util.AntPathMatcher
 973:             3            120  org.springframework.util.ConcurrentReferenceHashMap
 974:             3            120  org.springframework.web.accept.ContentNegotiationManagerFactoryBean
 975:             3            120  sun.misc.FloatingDecimal$BinaryToASCIIBuffer
 976:             5            120  sun.misc.FloatingDecimal$PreparedASCIIToBinaryBuffer
 977:             2            112  [Lcom.github.dandelion.datatables.core.model.DisplayType;
 978:             2            112  [[Z
 979:             7            112  com.sun.org.apache.xerces.internal.impl.XMLDocumentScannerImpl$PrologDriver
 980:             7            112  com.sun.org.apache.xerces.internal.impl.XMLDocumentScannerImpl$TrailingMiscDriver
 981:             7            112  com.sun.org.apache.xerces.internal.impl.XMLDocumentScannerImpl$XMLDeclDriver
 982:             2            112  com.sun.xml.bind.v2.runtime.property.ArrayElementNodeProperty
 983:             2            112  java.net.SocketPermission
 984:             7            112  java.util.concurrent.ConcurrentHashMap$ValuesView
 985:             1            112  net.sf.ehcache.Cache
 986:             2            112  net.sf.ehcache.config.CacheWriterConfiguration
 987:             2            112  net.sf.ehcache.util.ratestatistics.AtomicRateStatistic
 988:             2            112  org.apache.catalina.startup.WebRuleSet
 989:             2            112  org.apache.taglibs.standard.tag.rt.core.SetTag
 990:             2            112  org.apache.taglibs.standard.tag.rt.fmt.MessageTag
 991:             7            112  org.aspectj.weaver.UnresolvedType$TypeKind
 992:             1            112  org.hsqldb.lib.IntKeyHashMap
 993:             1            112  org.hsqldb.lib.IntKeyIntValueHashMap
 994:             2            112  org.springframework.context.annotation.CommonAnnotationBeanPostProcessor
 995:             2            112  org.springframework.expression.spel.support.StandardEvaluationContext
 996:             2            112  org.springframework.orm.jpa.support.PersistenceAnnotationBeanPostProcessor
 997:             2            112  org.springframework.validation.support.BindingAwareModelMap
 998:             1            112  org.springframework.web.servlet.DispatcherServlet
 999:             2            112  sun.nio.cs.ext.DoubleByte$Decoder_DBCSONLY
1000:             3            104  [Ljavax.servlet.DispatcherType;
1001:             6            104  [Lorg.aspectj.weaver.patterns.TypePattern;
1002:             6            104  [Lorg.eclipse.jdt.internal.compiler.lookup.ReferenceBinding;
1003:             4            104  [Lorg.hsqldb.ColumnBase;
1004:             1            104  net.sf.ehcache.CacheManager
1005:             1            104  net.sf.ehcache.config.Configuration
1006:             1            104  net.sf.ehcache.statistics.LiveCacheStatisticsImpl
1007:             1            104  org.apache.catalina.core.StandardServer
1008:             1            104  org.apache.commons.pool.impl.GenericObjectPool
1009:             1            104  org.apache.tomcat.util.net.SocketProperties
1010:             2             96  [Lcom.github.dandelion.datatables.core.export.ExportType;
1011:             1             96  [Lcom.sun.org.apache.xerces.internal.impl.xpath.regex.RegularExpression;
1012:             3             96  [Ljavax.management.modelmbean.ModelMBeanOperationInfo;
1013:             1             96  [Lorg.apache.catalina.valves.AccessLogValve$AccessLogElement;
1014:             4             96  [Lorg.springframework.core.io.Resource;
1015:             2             96  [Lorg.springframework.transaction.annotation.Propagation;
1016:             1             96  [[J
1017:             3             96  ch.qos.logback.core.joran.action.AppenderRefAction
1018:             4             96  ch.qos.logback.core.pattern.parser.Token
1019:             4             96  ch.qos.logback.core.subst.Token
1020:             4             96  com.github.dandelion.datatables.core.constants.InsertMode
1021:             3             96  com.sun.jmx.mbeanserver.DefaultMXBeanMappingFactory$EnumMapping
1022:             2             96  com.sun.jmx.mbeanserver.MBeanIntrospector$MBeanInfoMap
1023:             2             96  com.sun.jmx.mbeanserver.MBeanIntrospector$PerInterfaceMap
1024:             3             96  com.sun.org.apache.xalan.internal.utils.XMLSecurityManager$NameMap
1025:             4             96  com.sun.org.apache.xerces.internal.impl.XMLNSDocumentScannerImpl$NSContentDriver
1026:             4             96  com.sun.org.apache.xerces.internal.impl.msg.XMLMessageFormatter
1027:             4             96  com.sun.org.apache.xerces.internal.impl.validation.ValidationManager
1028:             4             96  com.sun.org.apache.xerces.internal.impl.xpath.regex.Token$ParenToken
1029:             4             96  com.sun.org.apache.xerces.internal.impl.xpath.regex.Token$UnionToken
1030:             4             96  com.sun.org.apache.xerces.internal.parsers.AbstractSAXParser$LocatorProxy
1031:             2             96  com.sun.org.apache.xerces.internal.util.URI
1032:             3             96  com.sun.org.apache.xerces.internal.utils.XMLSecurityManager$NameMap
1033:             4             96  com.sun.org.apache.xerces.internal.utils.XMLSecurityPropertyManager
1034:             6             96  com.sun.proxy.$Proxy41
1035:             1             96  com.sun.xml.bind.v2.runtime.JAXBContextImpl
1036:             4             96  com.sun.xml.bind.v2.runtime.reflect.Accessor$GetterSetterReflection
1037:             4             96  com.sun.xml.bind.v2.runtime.reflect.TransducedAccessor$CompositeTransducedAccessorImpl
1038:             3             96  java.io.FileOutputStream
1039:             4             96  java.lang.Double
1040:             2             96  java.lang.ThreadGroup
1041:             4             96  java.math.MathContext
1042:             2             96  javax.management.openmbean.TabularType
1043:             4             96  javax.persistence.GenerationType
1044:             4             96  javax.xml.bind.annotation.XmlAccessType
1045:             4             96  net.sf.ehcache.config.CacheConfiguration$TransactionalMode
1046:             4             96  net.sf.ehcache.config.DiskStoreConfiguration$Env
1047:             4             96  org.apache.catalina.core.StandardWrapperFacade
1048:             3             96  org.apache.catalina.deploy.FilterMap
1049:             2             96  org.apache.catalina.mbeans.NamingResourcesMBean
1050:             4             96  org.apache.catalina.startup.TaglibLocationRule
1051:             4             96  org.apache.catalina.util.InstanceSupport
1052:             2             96  org.apache.catalina.util.StandardSessionIdGenerator
1053:             4             96  org.apache.commons.beanutils.converters.CharacterConverter
1054:             2             96  org.apache.commons.beanutils.converters.SqlDateConverter
1055:             2             96  org.apache.commons.beanutils.converters.SqlTimeConverter
1056:             2             96  org.apache.commons.beanutils.converters.SqlTimestampConverter
1057:             2             96  org.apache.commons.dbcp.DelegatingPreparedStatement
1058:             2             96  org.apache.commons.dbcp.PoolingDataSource$PoolGuardConnectionWrapper
1059:             3             96  org.apache.coyote.ErrorState
1060:             3             96  org.apache.el.parser.AstBracketSuffix
1061:             1             96  org.apache.jasper.EmbeddedServletOptions
1062:             6             96  org.apache.jasper.compiler.ELNode$Text
1063:             2             96  org.apache.taglibs.standard.tag.rt.core.WhenTag
1064:             6             96  org.apache.taglibs.standard.tei.ForEachTEI
1065:             6             96  org.apache.taglibs.standard.tei.ImportTEI
1066:             3             96  org.apache.tomcat.util.buf.UDecoder$DecodeException
1067:             4             96  org.apache.tomcat.util.log.UserDataHelper$Config
1068:             4             96  org.apache.tomcat.util.net.AbstractEndpoint$Acceptor$AcceptorState
1069:             1             96  org.apache.tomcat.util.threads.ThreadPoolExecutor
1070:             4             96  org.eclipse.jdt.internal.compiler.ast.NullAnnotationMatching
1071:             4             96  org.hibernate.validator.internal.metadata.raw.ConstrainedElement$ConstrainedElementKind
1072:             3             96  org.joda.time.field.OffsetDateTimeField
1073:             4             96  org.joda.time.format.DateTimeFormat$StyleFormatter
1074:             2             96  org.springframework.aop.framework.ReflectiveMethodInvocation
1075:             2             96  org.springframework.beans.factory.annotation.AutowiredAnnotationBeanPostProcessor
1076:             4             96  org.springframework.context.annotation.ScopedProxyMode
1077:             4             96  org.springframework.context.event.AbstractApplicationEventMulticaster$ListenerCacheKey
1078:             4             96  org.springframework.core.convert.support.ArrayToArrayConverter
1079:             4             96  org.springframework.core.convert.support.GenericConversionService$Converters
1080:             3             96  org.springframework.core.env.MapPropertySource
1081:             3             96  org.springframework.core.env.SystemEnvironmentPropertySource
1082:             4             96  org.springframework.format.annotation.DateTimeFormat$ISO
1083:             4             96  org.springframework.http.converter.ByteArrayHttpMessageConverter
1084:             4             96  org.springframework.http.converter.ResourceHttpMessageConverter
1085:             2             96  org.springframework.jdbc.config.SortedResourcesFactoryBean
1086:             2             96  org.springframework.jdbc.datasource.ConnectionHolder
1087:             1             96  org.springframework.oxm.jaxb.Jaxb2Marshaller
1088:             4             96  org.springframework.util.ConcurrentReferenceHashMap$TaskOption
1089:             4             96  org.springframework.web.accept.ContentNegotiationManager
1090:             3             96  org.springframework.web.context.support.StandardServletEnvironment
1091:             4             96  org.springframework.web.method.annotation.ModelAttributeMethodProcessor
1092:             3             96  org.springframework.web.method.annotation.SessionAttributesHandler
1093:             2             96  org.springframework.web.method.support.InvocableHandlerMethod
1094:             3             96  org.springframework.web.servlet.mvc.method.annotation.HttpEntityMethodProcessor
1095:             3             96  org.springframework.web.servlet.mvc.method.annotation.RequestResponseBodyMethodProcessor
1096:             2             96  org.springframework.web.servlet.resource.ResourceHttpRequestHandler
1097:             1             96  org.springframework.web.servlet.view.InternalResourceViewResolver
1098:             2             96  sun.management.GarbageCollectorImpl
1099:             1             96  sun.misc.Launcher$AppClassLoader
1100:             3             96  sun.net.spi.DefaultProxySelector$NonProxyInfo
1101:             1             96  sun.security.jca.ProviderList$1
1102:             1             96  sun.security.provider.Sun
1103:             1             96  sun.util.calendar.JulianCalendar$Date
1104:             3             96  sun.util.locale.provider.LocaleResources
1105:             1             88  ch.qos.logback.classic.LoggerContext
1106:             1             88  java.net.URLClassLoader
1107:             1             88  org.apache.catalina.authenticator.NonLoginAuthenticator
1108:             1             88  org.apache.catalina.startup.Tomcat$1
1109:             1             88  org.apache.jasper.compiler.JspRuntimeContext
1110:             1             88  org.springframework.aop.aspectj.annotation.AnnotationAwareAspectJAutoProxyCreator
1111:             1             88  org.springframework.jmx.export.annotation.AnnotationMBeanExporter
1112:             1             88  org.springframework.web.servlet.mvc.method.annotation.RequestMappingHandlerMapping
1113:             1             88  sun.misc.Launcher$ExtClassLoader
1114:             1             88  sun.nio.cs.CharsetMapping
1115:             2             80  [Lcom.sun.xml.bind.v2.model.impl.ClassInfoImpl$SecondaryAnnotation;
1116:             3             80  [Ljavax.management.modelmbean.ModelMBeanAttributeInfo;
1117:             4             80  [Ljavax.servlet.jsp.tagext.VariableInfo;
1118:             4             80  [Lorg.aspectj.weaver.ResolvedType;
1119:             1             80  [Lorg.eclipse.jdt.internal.compiler.codegen.ExceptionLabel;
1120:             2             80  [Lorg.joda.time.format.DateTimeParser;
1121:             2             80  [Lorg.joda.time.format.DateTimePrinter;
1122:             2             80  [Lorg.springframework.transaction.annotation.Isolation;
1123:             1             80  ch.qos.logback.classic.turbo.ReconfigureOnChangeFilter
1124:             2             80  com.sun.jmx.mbeanserver.DefaultMXBeanMappingFactory$TabularMapping
1125:             1             80  com.sun.org.apache.xerces.internal.impl.xs.models.XSDFACM
1126:             5             80  com.sun.proxy.$Proxy1
1127:             5             80  com.sun.proxy.$Proxy46
1128:             5             80  com.sun.proxy.$Proxy55
1129:             5             80  com.sun.proxy.$Proxy56
1130:             2             80  java.io.ExpiringCache
1131:             2             80  java.util.Locale$Category
1132:             2             80  jdk.xml.internal.JdkXmlFeatures$XmlFeature
1133:             2             80  org.apache.commons.beanutils.converters.BigDecimalConverter
1134:             2             80  org.apache.commons.beanutils.converters.BigIntegerConverter
1135:             2             80  org.apache.taglibs.standard.tag.common.core.OtherwiseTag
1136:             5             80  org.apache.tomcat.util.digester.Digester$SystemPropertySource
1137:             2             80  org.apache.tomcat.util.http.HttpMessages
1138:             1             80  org.aspectj.weaver.ResolvedType$Missing
1139:             2             80  org.aspectj.weaver.patterns.EllipsisTypePattern
1140:             2             80  org.aspectj.weaver.patterns.NamePattern
1141:             1             80  org.eclipse.jdt.internal.compiler.lookup.ProblemMethodBinding
1142:             1             80  org.eclipse.jdt.internal.compiler.lookup.ProblemReferenceBinding
1143:             5             80  org.hibernate.validator.internal.constraintvalidators.NotNullValidator
1144:             2             80  org.joda.time.contrib.jsptag.JodaTagLibraryValidator
1145:             2             80  org.joda.time.field.DividedDateTimeField
1146:             1             80  org.springframework.aop.aspectj.AspectJAroundAdvice
1147:             5             80  org.springframework.aop.framework.DefaultAdvisorChainFactory
1148:             5             80  org.springframework.aop.framework.DefaultAopProxyFactory
1149:             5             80  org.springframework.aop.target.SingletonTargetSource
1150:             2             80  org.springframework.context.annotation.ConfigurationClassBeanDefinitionReader
1151:             2             80  org.springframework.context.event.SimpleApplicationEventMulticaster
1152:             2             80  org.springframework.context.expression.StandardBeanExpressionResolver
1153:             5             80  org.springframework.core.LocalVariableTableParameterNameDiscoverer
1154:             2             80  org.springframework.jndi.support.SimpleJndiBeanFactory
1155:             5             80  org.springframework.util.LinkedMultiValueMap
1156:             2             80  org.springframework.web.context.request.ServletWebRequest
1157:             2             80  org.springframework.web.context.request.async.WebAsyncManager
1158:             2             80  sun.management.MemoryManagerImpl
1159:             5             80  sun.reflect.generics.reflectiveObjects.GenericArrayTypeImpl
1160:             2             80  sun.security.util.DisabledAlgorithmConstraints$KeySizeConstraint
1161:             2             80  sun.util.calendar.Era
1162:             3             72  [Lcom.sun.org.apache.xerces.internal.impl.xs.XSGroupDecl;
1163:             1             72  [Ljavax.management.openmbean.SimpleType;
1164:             1             72  [Lorg.apache.catalina.LifecycleState;
1165:             1             72  [Lorg.apache.naming.resources.CacheEntry;
1166:             1             72  [Lorg.aspectj.weaver.Shadow$Kind;
1167:             2             72  [Lsun.security.jca.ProviderConfig;
1168:             1             72  ch.qos.logback.core.ConsoleAppender
1169:             3             72  ch.qos.logback.core.joran.action.NOPAction
1170:             3             72  ch.qos.logback.core.joran.action.PropertyAction
1171:             3             72  ch.qos.logback.core.spi.FilterReply
1172:             3             72  ch.qos.logback.core.subst.Tokenizer$TokenizerState
1173:             3             72  com.github.dandelion.datatables.core.constants.FilterType
1174:             3             72  com.sun.org.apache.xerces.internal.impl.XMLDocumentScannerImpl$ContentDriver
1175:             3             72  com.sun.xml.bind.v2.model.core.ID
1176:             3             72  java.lang.annotation.RetentionPolicy
1177:             3             72  java.net.Proxy$Type
1178:             3             72  java.security.SecurityPermission
1179:             1             72  java.util.ResourceBundle$RBClassLoader
1180:             1             72  java.util.logging.LogManager$RootLogger
1181:             1             72  javax.management.modelmbean.ModelMBeanInfoSupport
1182:             3             72  javax.persistence.spi.LoadState
1183:             3             72  javax.servlet.SessionTrackingMode
1184:             3             72  net.sf.ehcache.Status
1185:             3             72  net.sf.ehcache.config.CacheConfiguration$PoolUsage
1186:             3             72  net.sf.ehcache.config.Configuration$Monitoring
1187:             3             72  net.sf.ehcache.event.NotificationScope
1188:             1             72  net.sf.ehcache.store.NotifyingMemoryStore
1189:             1             72  org.apache.catalina.loader.WebappLoader
1190:             1             72  org.apache.catalina.startup.ContextConfig
1191:             1             72  org.apache.catalina.startup.Tomcat
1192:             1             72  org.apache.jasper.compiler.ImplicitTagLibraryInfo
1193:             3             72  org.apache.jasper.runtime.ProtectedFunctionMapper
1194:             1             72  org.apache.jsp.WEB_002dINF.jsp.owners.ownersList_jsp
1195:             1             72  org.apache.naming.resources.ResourceAttributes
1196:             3             72  org.apache.tomcat.util.descriptor.LocalResolver
1197:             3             72  org.apache.tomcat.util.http.parser.HttpParser$SkipResult
1198:             3             72  org.apache.tomcat.util.log.UserDataHelper$Mode
1199:             3             72  org.apache.tomcat.util.net.AbstractEndpoint$BindState
1200:             1             72  org.aspectj.weaver.CrosscuttingMembersSet
1201:             3             72  org.aspectj.weaver.patterns.Pointcut$State
1202:             3             72  org.aspectj.weaver.tools.Jdk14Trace
1203:             1             72  org.eclipse.jdt.internal.compiler.flow.UnconditionalFlowInfo
1204:             1             72  org.eclipse.jdt.internal.compiler.lookup.ReferenceBinding$1
1205:             1             72  org.eclipse.jdt.internal.compiler.lookup.TypeBinding$1
1206:             3             72  org.hibernate.validator.constraints.CompositionType
1207:             3             72  org.hibernate.validator.internal.metadata.aggregated.ConstraintMetaData$ConstraintMetaDataKind
1208:             3             72  org.hibernate.validator.internal.metadata.raw.ConfigurationSource
1209:             3             72  org.hibernate.validator.internal.util.ConcurrentReferenceHashMap$ReferenceType
1210:             3             72  org.joda.time.field.ImpreciseDateTimeField$LinkedDurationField
1211:             3             72  org.joda.time.field.ScaledDurationField
1212:             3             72  org.springframework.beans.factory.config.BeanDefinitionHolder
1213:             1             72  org.springframework.context.support.ResourceBundleMessageSource
1214:             3             72  org.springframework.core.convert.support.DefaultConversionService
1215:             3             72  org.springframework.core.env.MutablePropertySources
1216:             3             72  org.springframework.core.env.PropertySource$StubPropertySource
1217:             3             72  org.springframework.expression.TypedValue
1218:             3             72  org.springframework.expression.spel.SpelParserConfiguration
1219:             3             72  org.springframework.format.datetime.joda.JodaTimeFormatterRegistrar$Type
1220:             3             72  org.springframework.jdbc.core.namedparam.NamedParameterJdbcTemplate
1221:             3             72  org.springframework.jmx.support.RegistrationPolicy
1222:             3             72  org.springframework.jndi.JndiLocatorDelegate
1223:             3             72  org.springframework.jndi.JndiPropertySource
1224:             3             72  org.springframework.samples.petclinic.model.Specialty
1225:             3             72  org.springframework.web.method.annotation.AbstractNamedValueMethodArgumentResolver$NamedValueInfo
1226:             3             72  org.springframework.web.method.support.HandlerMethodArgumentResolverComposite
1227:             1             72  org.springframework.web.servlet.handler.BeanNameUrlHandlerMapping
1228:             1             72  org.springframework.web.servlet.mvc.method.annotation.ExceptionHandlerExceptionResolver
1229:             3             72  org.springframework.web.servlet.tags.UrlTag$UrlType
1230:             3             72  sun.misc.FloatingDecimal$ExceptionalBinaryToASCIIBuffer
1231:             3             72  sun.misc.Signal
1232:             3             72  sun.security.provider.NativePRNG$Variant
1233:             3             72  sun.security.provider.PolicyFile$PolicyEntry
1234:             1             72  sun.util.locale.provider.JRELocaleProviderAdapter
1235:             4             64  [Ljava.io.File;
1236:             2             64  [Ljava.lang.annotation.RetentionPolicy;
1237:             2             64  [Ljavax.persistence.GenerationType;
1238:             2             64  [Ljavax.servlet.SessionTrackingMode;
1239:             4             64  [Lorg.apache.catalina.InstanceListener;
1240:             1             64  [Lorg.apache.coyote.AsyncStateMachine$AsyncState;
1241:             2             64  [Lorg.hibernate.validator.internal.metadata.raw.ConstrainedElement$ConstrainedElementKind;
1242:             2             64  [Lorg.springframework.format.annotation.DateTimeFormat$ISO;
1243:             2             64  [Lorg.springframework.util.ConcurrentReferenceHashMap$TaskOption;
1244:             2             64  [[Lcom.sun.org.apache.xerces.internal.xni.QName;
1245:             1             64  ch.qos.logback.classic.PatternLayout
1246:             2             64  ch.qos.logback.classic.joran.action.LevelAction
1247:             2             64  ch.qos.logback.core.joran.event.BodyEvent
1248:             2             64  ch.qos.logback.core.joran.spi.ConsoleTarget
1249:             4             64  ch.qos.logback.core.spi.LogbackLock
1250:             2             64  com.sun.jmx.mbeanserver.DefaultMXBeanMappingFactory$CollectionMapping
1251:             2             64  com.sun.org.apache.xalan.internal.utils.XMLSecurityPropertyManager$Property
1252:             4             64  com.sun.org.apache.xerces.internal.impl.dv.dtd.DTDDVFactoryImpl
1253:             1             64  com.sun.org.apache.xerces.internal.impl.xs.SchemaGrammar$XSAnyType
1254:             4             64  com.sun.org.apache.xerces.internal.parsers.AbstractSAXParser$AttributesProxy
1255:             4             64  com.sun.org.apache.xerces.internal.util.EntityResolver2Wrapper
1256:             4             64  com.sun.org.apache.xerces.internal.util.ErrorHandlerWrapper
1257:             2             64  com.sun.org.apache.xerces.internal.utils.XMLSecurityPropertyManager$Property
1258:             4             64  com.sun.proxy.$Proxy16
1259:             4             64  com.sun.proxy.$Proxy26
1260:             4             64  com.sun.proxy.$Proxy51
1261:             2             64  java.io.PrintStream
1262:             2             64  java.lang.ClassValue$Entry
1263:             4             64  java.lang.Float
1264:             2             64  java.lang.VirtualMachineError
1265:             2             64  java.lang.ref.ReferenceQueue$Null
1266:             2             64  java.lang.reflect.WeakCache$CacheKey
1267:             4             64  java.util.concurrent.CopyOnWriteArraySet
1268:             2             64  java.util.concurrent.atomic.AtomicReferenceFieldUpdater$AtomicReferenceFieldUpdaterImpl
1269:             2             64  java.util.regex.Pattern$3
1270:             2             64  javax.management.MBeanConstructorInfo
1271:             2             64  javax.servlet.jsp.tagext.VariableInfo
1272:             2             64  net.sf.ehcache.DefaultElementEvictionData
1273:             4             64  net.sf.ehcache.store.MemoryStoreEvictionPolicy
1274:             1             64  net.sf.ehcache.store.chm.SelectableConcurrentHashMap
1275:             1             64  org.apache.catalina.core.StandardService
1276:             1             64  org.apache.catalina.loader.WebappClassLoaderBase$2
1277:             1             64  org.apache.catalina.servlets.DefaultServlet
1278:             1             64  org.apache.catalina.startup.HostConfig
1279:             1             64  org.apache.jasper.compiler.JasperTagInfo
1280:             4             64  org.apache.naming.NameParserImpl
1281:             1             64  org.apache.naming.resources.FileDirContext
1282:             1             64  org.apache.naming.resources.ProxyDirContext
1283:             1             64  org.apache.naming.resources.ResourceCache
1284:             2             64  org.apache.taglibs.standard.tag.common.core.ChooseTag
1285:             4             64  org.joda.time.format.DateTimeFormatterBuilder$CharacterLiteral
1286:             2             64  org.joda.time.format.DateTimeFormatterBuilder$Composite
1287:             2             64  org.springframework.beans.factory.annotation.RequiredAnnotationBeanPostProcessor
1288:             2             64  org.springframework.context.annotation.ConfigurationClassParser$ImportStack
1289:             2             64  org.springframework.context.support.DefaultLifecycleProcessor
1290:             4             64  org.springframework.core.convert.support.ArrayToCollectionConverter
1291:             4             64  org.springframework.core.convert.support.ArrayToObjectConverter
1292:             4             64  org.springframework.core.convert.support.ArrayToStringConverter
1293:             4             64  org.springframework.core.convert.support.CharacterToNumberFactory
1294:             4             64  org.springframework.core.convert.support.CollectionToCollectionConverter
1295:             4             64  org.springframework.core.convert.support.CollectionToObjectConverter
1296:             4             64  org.springframework.core.convert.support.EnumToStringConverter
1297:             4             64  org.springframework.core.convert.support.FallbackObjectToStringConverter
1298:             4             64  org.springframework.core.convert.support.IdToEntityConverter
1299:             4             64  org.springframework.core.convert.support.MapToMapConverter
1300:             4             64  org.springframework.core.convert.support.NumberToCharacterConverter
1301:             4             64  org.springframework.core.convert.support.NumberToNumberConverterFactory
1302:             4             64  org.springframework.core.convert.support.ObjectToArrayConverter
1303:             4             64  org.springframework.core.convert.support.ObjectToCollectionConverter
1304:             4             64  org.springframework.core.convert.support.ObjectToObjectConverter
1305:             4             64  org.springframework.core.convert.support.PropertiesToStringConverter
1306:             4             64  org.springframework.core.convert.support.StringToArrayConverter
1307:             4             64  org.springframework.core.convert.support.StringToBooleanConverter
1308:             4             64  org.springframework.core.convert.support.StringToCharacterConverter
1309:             4             64  org.springframework.core.convert.support.StringToCollectionConverter
1310:             4             64  org.springframework.core.convert.support.StringToEnumConverterFactory
1311:             4             64  org.springframework.core.convert.support.StringToLocaleConverter
1312:             4             64  org.springframework.core.convert.support.StringToNumberConverterFactory
1313:             4             64  org.springframework.core.convert.support.StringToPropertiesConverter
1314:             4             64  org.springframework.core.convert.support.StringToUUIDConverter
1315:             4             64  org.springframework.format.datetime.joda.DateTimeParser
1316:             2             64  org.springframework.http.converter.support.AllEncompassingFormHttpMessageConverter
1317:             2             64  org.springframework.jdbc.datasource.DataSourceTransactionManager$DataSourceTransactionObject
1318:             2             64  org.springframework.jdbc.datasource.init.ResourceDatabasePopulator
1319:             2             64  org.springframework.transaction.interceptor.TransactionAspectSupport$2
1320:             2             64  org.springframework.transaction.support.DefaultTransactionStatus
1321:             2             64  org.springframework.web.accept.ServletPathExtensionContentNegotiationStrategy
1322:             2             64  org.springframework.web.context.request.ServletRequestAttributes
1323:             4             64  org.springframework.web.context.request.SessionScope
1324:             2             64  org.springframework.web.context.support.ServletContextPropertySource
1325:             2             64  org.springframework.web.method.support.ModelAndViewContainer
1326:             2             64  org.springframework.web.servlet.HandlerExecutionChain
1327:             1             64  org.springframework.web.servlet.handler.SimpleMappingExceptionResolver
1328:             1             64  org.springframework.web.servlet.view.AbstractCachingViewResolver$2
1329:             4             64  sun.net.www.protocol.jar.Handler
1330:             2             64  sun.util.locale.UnicodeLocaleExtension
1331:             1             56  [Lcom.sun.org.apache.xalan.internal.utils.XMLSecurityManager$Limit;
1332:             1             56  [Lcom.sun.org.apache.xerces.internal.impl.XMLScanner$NameType;
1333:             1             56  [Lcom.sun.org.apache.xerces.internal.impl.dv.XSSimpleType;
1334:             1             56  [Lcom.sun.org.apache.xerces.internal.impl.xs.util.XInt;
1335:             1             56  [Lcom.sun.org.apache.xerces.internal.utils.XMLSecurityManager$Limit;
1336:             1             56  [Ljava.lang.Runnable;
1337:             2             56  [Ljava.lang.reflect.Field;
1338:             1             56  [Ljava.text.Format;
1339:             1             56  [Lorg.eclipse.jdt.internal.compiler.lookup.TypeConstants$CloseMethodRecord;
1340:             1             56  [Lorg.springframework.web.util.HierarchicalUriComponents$Type;
1341:             1             56  [Lsun.util.logging.PlatformLogger$Level;
1342:             1             56  ch.qos.logback.classic.encoder.PatternLayoutEncoder
1343:             1             56  com.sun.xml.bind.v2.model.impl.RuntimeModelBuilder
1344:             1             56  com.sun.xml.bind.v2.model.impl.RuntimeTypeInfoSetImpl
1345:             1             56  com.sun.xml.bind.v2.runtime.ElementBeanInfoImpl
1346:             1             56  java.util.logging.ConsoleHandler
1347:             1             56  java.util.logging.LogManager
1348:             1             56  net.sf.ehcache.event.RegisteredEventListeners
1349:             1             56  net.sf.ehcache.store.MemoryOnlyStore
1350:             1             56  org.apache.catalina.core.ApplicationContext
1351:             1             56  org.apache.catalina.valves.ErrorReportValve
1352:             1             56  org.apache.commons.dbcp.PoolableConnectionFactory
1353:             1             56  org.apache.coyote.RequestGroupInfo
1354:             1             56  org.apache.jasper.compiler.JspConfig$JspProperty
1355:             1             56  org.apache.jsp.WEB_002dINF.jsp.pets.createOrUpdateVisitForm_jsp
1356:             1             56  org.apache.tomcat.util.threads.TaskQueue
1357:             1             56  org.aspectj.weaver.World$TypeMap
1358:             1             56  org.aspectj.weaver.patterns.WithinPointcut
1359:             1             56  org.eclipse.jdt.internal.compiler.ast.IntLiteral
1360:             1             56  org.hsqldb.types.ClobType
1361:             1             56  org.springframework.aop.aspectj.annotation.InstantiationModelAwarePointcutAdvisorImpl
1362:             1             56  org.springframework.samples.petclinic.web.VetsAtomView
1363:             1             56  org.springframework.util.StopWatch
1364:             1             56  org.springframework.web.servlet.mvc.ParameterizableViewController
1365:             1             56  org.springframework.web.servlet.view.ContentNegotiatingViewResolver
1366:             1             56  org.springframework.web.servlet.view.xml.MarshallingView
1367:             1             48  [Lcom.github.dandelion.datatables.core.constants.ResourceType;
1368:             1             48  [Lcom.sun.beans.util.Cache$CacheEntry;
1369:             1             48  [Lcom.sun.management.VMOption$Origin;
1370:             1             48  [Lcom.sun.xml.bind.v2.model.impl.ClassInfoImpl$PropertyGroup;
1371:             1             48  [Ljava.beans.WeakIdentityMap$Entry;
1372:             1             48  [Ljava.math.RoundingMode;
1373:             2             48  [Ljava.net.InetAddress;
1374:             3             48  [Ljava.net.URL;
1375:             1             48  [Ljava.util.concurrent.TimeUnit;
1376:             2             48  [Ljavax.persistence.FetchType;
1377:             1             48  [Lorg.apache.tomcat.util.net.AbstractEndpoint$Handler$SocketState;
1378:             1             48  [Lorg.apache.tomcat.util.net.SocketStatus;
1379:             1             48  [Lorg.aspectj.bridge.IMessage$Kind;
1380:             3             48  [Lorg.eclipse.jdt.internal.compiler.lookup.FieldBinding;
1381:             3             48  [Lorg.eclipse.jdt.internal.compiler.lookup.VariableBinding;
1382:             2             48  [Lorg.hibernate.validator.internal.util.ConcurrentReferenceHashMap$Option;
1383:             1             48  [Lorg.joda.time.chrono.GregorianChronology;
1384:             1             48  [Lorg.springframework.http.HttpMethod;
1385:             2             48  [Lorg.springframework.web.servlet.HandlerInterceptor;
1386:             2             48  [Lsun.util.calendar.Era;
1387:             1             48  ch.qos.logback.classic.jmx.JMXConfigurator
1388:             1             48  ch.qos.logback.classic.pattern.ExtendedThrowableProxyConverter
1389:             1             48  ch.qos.logback.core.joran.action.DefinePropertyAction
1390:             1             48  ch.qos.logback.core.joran.spi.InterpretationContext
1391:             1             48  ch.qos.logback.core.joran.spi.Interpreter
1392:             2             48  ch.qos.logback.core.pattern.LiteralConverter
1393:             2             48  ch.qos.logback.core.subst.Node$Type
1394:             2             48  com.sun.jmx.mbeanserver.ClassLoaderRepositorySupport$LoaderEntry
1395:             1             48  com.sun.jmx.mbeanserver.DefaultMXBeanMappingFactory$Mappings
1396:             2             48  com.sun.jmx.mbeanserver.WeakIdentityHashMap
1397:             3             48  com.sun.org.apache.xerces.internal.impl.dv.dtd.ListDatatypeValidator
1398:             3             48  com.sun.proxy.$Proxy27
1399:             3             48  com.sun.proxy.$Proxy28
1400:             3             48  com.sun.proxy.$Proxy29
1401:             3             48  com.sun.proxy.$Proxy47
1402:             3             48  com.sun.proxy.$Proxy49
1403:             3             48  com.sun.proxy.$Proxy8
1404:             2             48  com.sun.xml.bind.v2.runtime.property.ArrayERProperty$ReceiverImpl
1405:             2             48  com.sun.xml.bind.v2.runtime.property.TagAndType
1406:             2             48  com.sun.xml.bind.v2.runtime.reflect.Accessor$GetterOnlyReflection
1407:             2             48  java.io.BufferedOutputStream
1408:             2             48  java.io.File$PathStatus
1409:             2             48  java.net.InetAddress
1410:             2             48  java.net.InetAddress$Cache
1411:             2             48  java.net.InetAddress$Cache$Type
1412:             2             48  java.net.InetAddress$CacheEntry
1413:             2             48  java.net.ServerSocket
1414:             2             48  java.nio.charset.CoderResult
1415:             3             48  java.nio.charset.CodingErrorAction
1416:             2             48  java.sql.SQLPermission
1417:             3             48  java.text.AttributedCharacterIterator$Attribute
1418:             2             48  java.util.Collections$SetFromMap
1419:             2             48  java.util.Currency
1420:             3             48  java.util.concurrent.ConcurrentHashMap$EntrySetView
1421:             3             48  java.util.concurrent.atomic.AtomicReference
1422:             1             48  java.util.concurrent.locks.ReentrantReadWriteLock$FairSync
1423:             2             48  java.util.logging.Logger$LoggerBundle
1424:             2             48  java.util.regex.Pattern$1
1425:             2             48  java.util.regex.Pattern$5
1426:             3             48  java.util.regex.Pattern$Begin
1427:             2             48  java.util.regex.Pattern$Prolog
1428:             2             48  java.util.regex.Pattern$SingleI
1429:             2             48  javax.el.BeanELResolver
1430:             2             48  javax.el.BeanELResolver$ConcurrentCache
1431:             2             48  javax.el.ExpressionFactory$CacheValue
1432:             2             48  javax.persistence.FetchType
1433:             2             48  javax.xml.bind.annotation.XmlAccessOrder
1434:             2             48  net.sf.ehcache.concurrent.LockType
1435:             2             48  net.sf.ehcache.config.CopyStrategyConfiguration
1436:             2             48  net.sf.ehcache.config.SizeOfPolicyConfiguration$MaxDepthExceededBehavior
1437:             2             48  net.sf.ehcache.terracotta.TerracottaClient$RejoinStatus$RejoinState
1438:             1             48  org.apache.catalina.connector.MapperListener
1439:             1             48  org.apache.catalina.core.DefaultInstanceManager
1440:             1             48  org.apache.catalina.core.StandardContextValve
1441:             1             48  org.apache.catalina.core.StandardEngineValve
1442:             1             48  org.apache.catalina.core.StandardHostValve
1443:             1             48  org.apache.catalina.deploy.SessionConfig
1444:             3             48  org.apache.catalina.realm.RealmBase$AllRolesMode
1445:             2             48  org.apache.catalina.startup.AbsoluteOrderingRule
1446:             2             48  org.apache.catalina.startup.IgnoreAnnotationsRule
1447:             2             48  org.apache.catalina.startup.NameRule
1448:             2             48  org.apache.catalina.startup.RelativeOrderingRule
1449:             2             48  org.apache.catalina.startup.ServiceQnameRule
1450:             2             48  org.apache.catalina.startup.ServletDefCreateRule
1451:             2             48  org.apache.catalina.startup.SetAuthConstraintRule
1452:             2             48  org.apache.catalina.startup.SetDistributableRule
1453:             2             48  org.apache.catalina.startup.SetJspConfig
1454:             2             48  org.apache.catalina.startup.SetLoginConfig
1455:             2             48  org.apache.catalina.startup.SetOverrideRule
1456:             2             48  org.apache.catalina.startup.SetPublicIdRule
1457:             2             48  org.apache.catalina.startup.SetSessionConfig
1458:             2             48  org.apache.catalina.startup.SoapHeaderRule
1459:             2             48  org.apache.catalina.startup.VersionRule
1460:             1             48  org.apache.commons.beanutils.ConvertUtilsBean
1461:             1             48  org.apache.commons.beanutils.converters.CalendarConverter
1462:             2             48  org.apache.commons.beanutils.converters.ClassConverter
1463:             2             48  org.apache.commons.beanutils.converters.FileConverter
1464:             2             48  org.apache.commons.beanutils.converters.StringConverter
1465:             2             48  org.apache.commons.beanutils.converters.URLConverter
1466:             1             48  org.apache.jsp.WEB_002dINF.jsp.owners.createOrUpdateOwnerForm_jsp
1467:             1             48  org.apache.jsp.WEB_002dINF.jsp.owners.findOwners_jsp
1468:             1             48  org.apache.jsp.WEB_002dINF.jsp.owners.ownerDetails_jsp
1469:             1             48  org.apache.jsp.WEB_002dINF.jsp.vets.vetList_jsp
1470:             1             48  org.apache.naming.resources.ImmutableNameNotFoundException
1471:             2             48  org.apache.tomcat.util.buf.UEncoder$SafeCharsSet
1472:             2             48  org.apache.tomcat.util.http.mapper.Mapper
1473:             2             48  org.aspectj.bridge.MessageWriter
1474:             1             48  org.aspectj.weaver.patterns.ExactAnnotationTypePattern
1475:             1             48  org.eclipse.jdt.internal.compiler.flow.FlowContext
1476:             2             48  org.eclipse.jdt.internal.compiler.impl.LongConstant
1477:             1             48  org.eclipse.jdt.internal.compiler.lookup.FieldBinding
1478:             1             48  org.eclipse.jdt.internal.compiler.lookup.ProblemPackageBinding
1479:             2             48  org.hibernate.validator.internal.metadata.core.ConstraintOrigin
1480:             1             48  org.hsqldb.types.ArrayType
1481:             2             48  org.joda.time.field.ZeroIsMaxDateTimeField
1482:             1             48  org.springframework.aop.aspectj.AspectJExpressionPointcut
1483:             2             48  org.springframework.beans.factory.annotation.QualifierAnnotationAutowireCandidateResolver
1484:             2             48  org.springframework.beans.factory.config.PropertyPlaceholderConfigurer$PlaceholderResolvingStringValueResolver
1485:             2             48  org.springframework.beans.factory.config.PropertyPlaceholderConfigurer$PropertyPlaceholderConfigurerResolver
1486:             2             48  org.springframework.beans.support.ResourceEditorRegistrar
1487:             2             48  org.springframework.context.support.AbstractApplicationContext$ApplicationListenerDetector
1488:             2             48  org.springframework.context.support.AbstractApplicationContext$BeanPostProcessorChecker
1489:             2             48  org.springframework.core.NamedInheritableThreadLocal
1490:             2             48  org.springframework.core.convert.converter.ConvertingComparator
1491:             1             48  org.springframework.core.task.SimpleAsyncTaskExecutor
1492:             2             48  org.springframework.core.type.classreading.CachingMetadataReaderFactory
1493:             3             48  org.springframework.expression.spel.standard.SpelExpressionParser
1494:             2             48  org.springframework.expression.spel.support.ReflectivePropertyAccessor
1495:             2             48  org.springframework.expression.spel.support.StandardTypeLocator
1496:             3             48  org.springframework.format.datetime.joda.ReadablePartialPrinter
1497:             2             48  org.springframework.http.converter.feed.AtomFeedHttpMessageConverter
1498:             2             48  org.springframework.http.converter.feed.RssChannelHttpMessageConverter
1499:             1             48  org.springframework.jmx.export.SpringModelMBean
1500:             2             48  org.springframework.util.ConcurrentReferenceHashMap$ReferenceType
1501:             2             48  org.springframework.util.ConcurrentReferenceHashMap$Restructure
1502:             2             48  org.springframework.util.comparator.InvertibleComparator
1503:             1             48  org.springframework.validation.beanvalidation.LocalValidatorFactoryBean
1504:             3             48  org.springframework.web.accept.HeaderContentNegotiationStrategy
1505:             2             48  org.springframework.web.context.request.async.WebAsyncManager$1
1506:             2             48  org.springframework.web.context.support.ServletContextAwareProcessor
1507:             2             48  org.springframework.web.context.support.ServletContextResourcePatternResolver
1508:             2             48  org.springframework.web.context.support.ServletContextScope
1509:             2             48  org.springframework.web.method.annotation.ExpressionValueMethodArgumentResolver
1510:             3             48  org.springframework.web.method.annotation.MapMethodProcessor
1511:             2             48  org.springframework.web.method.annotation.ModelFactory
1512:             3             48  org.springframework.web.method.annotation.ModelMethodProcessor
1513:             2             48  org.springframework.web.method.support.HandlerMethodReturnValueHandlerComposite
1514:             2             48  org.springframework.web.servlet.DispatcherServlet$1
1515:             2             48  org.springframework.web.servlet.mvc.method.annotation.MatrixVariableMethodArgumentResolver
1516:             2             48  org.springframework.web.servlet.mvc.method.annotation.PathVariableMethodArgumentResolver
1517:             2             48  org.springframework.web.servlet.mvc.method.annotation.ServletModelAttributeMethodProcessor
1518:             2             48  org.springframework.web.servlet.mvc.method.annotation.ServletRequestDataBinderFactory
1519:             3             48  org.springframework.web.servlet.mvc.method.annotation.ServletRequestMethodArgumentResolver
1520:             3             48  org.springframework.web.servlet.mvc.method.annotation.ServletResponseMethodArgumentResolver
1521:             2             48  sun.management.ManagementFactoryHelper$1
1522:             2             48  sun.misc.NativeSignalHandler
1523:             2             48  sun.nio.cs.ext.EUC_KR
1524:             2             48  sun.nio.cs.ext.JIS_X_0208_MS5022X
1525:             2             48  sun.nio.cs.ext.JIS_X_0212_MS5022X
1526:             2             48  sun.security.jca.ProviderList
1527:             2             48  sun.security.jca.ProviderList$3
1528:             2             48  sun.security.util.DisabledAlgorithmConstraints$DisabledConstraint
1529:             2             48  sun.util.locale.LocaleExtensions
1530:             1             40  [Lch.qos.logback.core.pattern.parser.TokenStream$TokenizerState;
1531:             1             40  [Lch.qos.logback.core.subst.Token$Type;
1532:             1             40  [Lch.qos.logback.core.util.AggregationType;
1533:             1             40  [Lcom.github.dandelion.datatables.core.export.ExportLinkPosition;
1534:             1             40  [Lcom.github.dandelion.datatables.core.model.Configuration$Mode;
1535:             2             40  [Lcom.sun.jmx.mbeanserver.ClassLoaderRepositorySupport$LoaderEntry;
1536:             1             40  [Lcom.sun.org.apache.xerces.internal.util.Status;
1537:             1             40  [Lcom.sun.xml.bind.v2.model.core.PropertyKind;
1538:             2             40  [Ljava.beans.PropertyChangeListener;
1539:             1             40  [Ljava.lang.management.MemoryPoolMXBean;
1540:             1             40  [Lnet.sf.ehcache.event.RegisteredEventListeners$Event;
1541:             1             40  [Lnet.sf.ehcache.transaction.manager.selector.Selector;
1542:             1             40  [Lorg.apache.catalina.valves.AccessLogValve$FormatType;
1543:             2             40  [Lorg.apache.tomcat.util.http.mapper.Mapper$Host;
1544:             1             40  [Lorg.aspectj.lang.reflect.PerClauseKind;
1545:             2             40  [Lorg.aspectj.weaver.UnresolvedType;
1546:             1             40  [Lorg.eclipse.jdt.internal.compiler.codegen.BranchLabel;
1547:             1             40  [Lorg.hsqldb.store.ValuePoolHashMap;
1548:             1             40  [Lorg.jboss.logging.Logger$Level;
1549:             1             40  [Lorg.springframework.aop.aspectj.annotation.AbstractAspectJAdvisorFactory$AspectJAnnotationType;
1550:             1             40  [Lsun.security.util.DisabledAlgorithmConstraints$Constraint$Operator;
1551:             1             40  [Lsun.util.locale.provider.LocaleProviderAdapter$Type;
1552:             1             40  [[[C
1553:             1             40  ch.qos.logback.classic.pattern.LoggerConverter
1554:             1             40  ch.qos.logback.core.BasicStatusManager
1555:             1             40  ch.qos.logback.core.joran.spi.ConfigurationWatchList
1556:             1             40  com.sun.beans.finder.MethodFinder$1
1557:             1             40  com.sun.jmx.interceptor.DefaultMBeanServerInterceptor
1558:             1             40  com.sun.jmx.mbeanserver.JmxMBeanServer
1559:             1             40  com.sun.jmx.mbeanserver.MBeanServerDelegateImpl
1560:             1             40  com.sun.org.apache.xerces.internal.impl.xs.XSParticleDecl
1561:             1             40  com.sun.xml.bind.v2.runtime.AnyTypeBeanInfo
1562:             1             40  java.beans.WeakIdentityMap$Entry
1563:             1             40  java.text.MessageFormat
1564:             1             40  java.util.ResourceBundle$1
1565:             1             40  java.util.regex.Pattern$LazyLoop
1566:             1             40  java.util.regex.Pattern$Loop
1567:             1             40  net.sf.ehcache.Cache$NonstopActiveDelegateHolderImpl
1568:             1             40  net.sf.ehcache.TransactionController
1569:             1             40  net.sf.ehcache.store.chm.SelectableConcurrentHashMap$HashEntry
1570:             1             40  net.sf.ehcache.terracotta.TerracottaClient
1571:             1             40  net.sf.ehcache.terracotta.TerracottaClient$RejoinWorker
1572:             1             40  net.sf.ehcache.transaction.manager.DefaultTransactionManagerLookup
1573:             1             40  org.apache.catalina.core.ApplicationSessionCookieConfig
1574:             1             40  org.apache.catalina.mbeans.ConnectorMBean
1575:             1             40  org.apache.catalina.mbeans.ContextMBean
1576:             1             40  org.apache.catalina.mbeans.ServiceMBean
1577:             1             40  org.apache.jasper.compiler.JspConfig
1578:             1             40  org.apache.jasper.servlet.JspServlet
1579:             1             40  org.apache.tomcat.util.modeler.Registry
1580:             1             40  org.aspectj.weaver.patterns.AnyTypePattern
1581:             1             40  org.aspectj.weaver.patterns.AnyWithAnnotationTypePattern
1582:             1             40  org.aspectj.weaver.patterns.NoTypePattern
1583:             1             40  org.eclipse.jdt.internal.compiler.lookup.NullTypeBinding
1584:             1             40  org.eclipse.jdt.internal.compiler.lookup.VoidTypeBinding
1585:             1             40  org.hibernate.validator.internal.engine.ValidatorImpl
1586:             1             40  org.hsqldb.types.BlobType
1587:             1             40  org.hsqldb.types.BooleanType
1588:             1             40  org.hsqldb.types.Collation
1589:             1             40  org.hsqldb.types.NullType
1590:             1             40  org.hsqldb.types.OtherType
1591:             1             40  org.joda.time.chrono.BasicChronology$HalfdayField
1592:             1             40  org.joda.time.chrono.GJMonthOfYearDateTimeField
1593:             1             40  org.joda.time.tz.DateTimeZoneBuilder$PrecalculatedZone
1594:             1             40  org.springframework.aop.aspectj.annotation.AnnotationAwareAspectJAutoProxyCreator$BeanFactoryAspectJAdvisorsBuilderAdapter
1595:             1             40  org.springframework.cache.interceptor.BeanFactoryCacheOperationSourceAdvisor
1596:             1             40  org.springframework.cache.interceptor.CacheInterceptor
1597:             1             40  org.springframework.cache.interceptor.ExpressionEvaluator
1598:             1             40  org.springframework.format.support.FormattingConversionServiceFactoryBean
1599:             1             40  org.springframework.jdbc.core.PreparedStatementCreatorFactory
1600:             1             40  org.springframework.jdbc.datasource.DataSourceTransactionManager
1601:             1             40  org.springframework.transaction.interceptor.BeanFactoryTransactionAttributeSourceAdvisor
1602:             1             40  org.springframework.transaction.interceptor.DefaultTransactionAttribute
1603:             1             40  org.springframework.transaction.interceptor.TransactionAspectSupport$TransactionInfo
1604:             1             40  org.springframework.web.bind.support.ConfigurableWebBindingInitializer
1605:             1             40  org.springframework.web.filter.HiddenHttpMethodFilter
1606:             1             40  org.springframework.web.servlet.mvc.annotation.ResponseStatusExceptionResolver
1607:             1             40  org.springframework.web.servlet.mvc.support.DefaultHandlerExceptionResolver
1608:             1             40  sun.management.DiagnosticCommandImpl
1609:             1             40  sun.nio.cs.StandardCharsets$Aliases
1610:             1             40  sun.nio.cs.StandardCharsets$Cache
1611:             1             40  sun.nio.cs.StandardCharsets$Classes
1612:             1             40  sun.nio.cs.ext.ExtendedCharsets
1613:             1             32  [Lch.qos.logback.core.spi.FilterReply;
1614:             1             32  [Lch.qos.logback.core.subst.Tokenizer$TokenizerState;
1615:             1             32  [Lcom.github.dandelion.datatables.core.constants.FilterType;
1616:             1             32  [Lcom.github.dandelion.datatables.core.constants.InsertMode;
1617:             1             32  [Lcom.sun.beans.util.Cache$Kind;
1618:             1             32  [Lcom.sun.org.apache.xalan.internal.utils.XMLSecurityManager$NameMap;
1619:             1             32  [Lcom.sun.org.apache.xerces.internal.impl.dv.xs.AbstractDateTimeDV$DateTimeData;
1620:             1             32  [Lcom.sun.org.apache.xerces.internal.utils.XMLSecurityManager$NameMap;
1621:             1             32  [Lcom.sun.xml.bind.v2.model.core.ID;
1622:             2             32  [Ljava.lang.Double;
1623:             2             32  [Ljava.lang.Float;
1624:             1             32  [Ljava.lang.OutOfMemoryError;
1625:             2             32  [Ljava.lang.StackTraceElement;
1626:             1             32  [Ljava.lang.ThreadGroup;
1627:             1             32  [Ljava.lang.management.MemoryManagerMXBean;
1628:             1             32  [Ljava.net.Proxy$Type;
1629:             2             32  [Ljava.sql.Date;
1630:             2             32  [Ljava.sql.Time;
1631:             2             32  [Ljava.sql.Timestamp;
1632:             2             32  [Ljava.util.Calendar;
1633:             2             32  [Ljava.util.Date;
1634:             2             32  [Ljavax.management.modelmbean.ModelMBeanConstructorInfo;
1635:             2             32  [Ljavax.management.modelmbean.ModelMBeanNotificationInfo;
1636:             2             32  [Ljavax.persistence.JoinColumn;
1637:             2             32  [Ljavax.persistence.UniqueConstraint;
1638:             1             32  [Ljavax.persistence.spi.LoadState;
1639:             1             32  [Ljavax.xml.bind.annotation.XmlAccessType;
1640:             1             32  [Lnet.sf.ehcache.Status;
1641:             1             32  [Lnet.sf.ehcache.config.CacheConfiguration$PoolUsage;
1642:             1             32  [Lnet.sf.ehcache.config.CacheConfiguration$TransactionalMode;
1643:             1             32  [Lnet.sf.ehcache.config.Configuration$Monitoring;
1644:             1             32  [Lnet.sf.ehcache.config.DiskStoreConfiguration$Env;
1645:             1             32  [Lnet.sf.ehcache.event.NotificationScope;
1646:             1             32  [Lorg.apache.catalina.deploy.FilterMap;
1647:             1             32  [Lorg.apache.coyote.ErrorState;
1648:             1             32  [Lorg.apache.naming.resources.ConcurrentDateFormat;
1649:             1             32  [Lorg.apache.tomcat.util.digester.Digester;
1650:             1             32  [Lorg.apache.tomcat.util.http.parser.HttpParser$SkipResult;
1651:             1             32  [Lorg.apache.tomcat.util.log.UserDataHelper$Config;
1652:             1             32  [Lorg.apache.tomcat.util.log.UserDataHelper$Mode;
1653:             1             32  [Lorg.apache.tomcat.util.net.AbstractEndpoint$Acceptor$AcceptorState;
1654:             1             32  [Lorg.apache.tomcat.util.net.AbstractEndpoint$BindState;
1655:             2             32  [Lorg.aspectj.apache.bcel.classfile.Attribute;
1656:             2             32  [Lorg.aspectj.apache.bcel.classfile.Field;
1657:             2             32  [Lorg.aspectj.apache.bcel.classfile.Method;
1658:             2             32  [Lorg.eclipse.jdt.internal.compiler.ast.Argument;
1659:             1             32  [Lorg.eclipse.jdt.internal.compiler.ast.ExpressionContext;
1660:             2             32  [Lorg.eclipse.jdt.internal.compiler.lookup.MethodBinding;
1661:             2             32  [Lorg.eclipse.jdt.internal.compiler.lookup.TypeBinding;
1662:             1             32  [Lorg.hibernate.validator.constraints.CompositionType;
1663:             1             32  [Lorg.hibernate.validator.internal.metadata.aggregated.ConstraintMetaData$ConstraintMetaDataKind;
1664:             1             32  [Lorg.hibernate.validator.internal.metadata.raw.ConfigurationSource;
1665:             1             32  [Lorg.hibernate.validator.internal.util.ConcurrentReferenceHashMap$ReferenceType;
1666:             1             32  [Lorg.springframework.context.annotation.ScopedProxyMode;
1667:             1             32  [Lorg.springframework.format.datetime.joda.JodaTimeFormatterRegistrar$Type;
1668:             1             32  [Lorg.springframework.jmx.support.RegistrationPolicy;
1669:             1             32  [Lorg.springframework.web.servlet.tags.UrlTag$UrlType;
1670:             1             32  [Lsun.security.provider.NativePRNG$Variant;
1671:             1             32  [[Lcom.sun.org.apache.xerces.internal.impl.dtd.models.ContentModelValidator;
1672:             1             32  [[Lcom.sun.org.apache.xerces.internal.impl.dv.DatatypeValidator;
1673:             2             32  [[Lorg.aspectj.weaver.ResolvedType;
1674:             1             32  [[[Ljava.lang.String;
1675:             1             32  ch.qos.logback.classic.joran.JoranConfigurator
1676:             1             32  ch.qos.logback.classic.joran.action.ConfigurationAction
1677:             1             32  ch.qos.logback.classic.joran.action.EvaluatorAction
1678:             1             32  ch.qos.logback.classic.joran.action.LoggerAction
1679:             1             32  ch.qos.logback.classic.joran.action.LoggerContextListenerAction
1680:             1             32  ch.qos.logback.classic.joran.action.RootLoggerAction
1681:             1             32  ch.qos.logback.classic.jul.LevelChangePropagator
1682:             1             32  ch.qos.logback.classic.pattern.LevelConverter
1683:             1             32  ch.qos.logback.classic.pattern.LineSeparatorConverter
1684:             1             32  ch.qos.logback.classic.pattern.MessageConverter
1685:             1             32  ch.qos.logback.classic.sift.SiftAction
1686:             1             32  ch.qos.logback.classic.spi.LoggerContextVO
1687:             1             32  ch.qos.logback.core.helpers.CyclicBuffer
1688:             1             32  ch.qos.logback.core.joran.action.AppenderAction
1689:             1             32  ch.qos.logback.core.joran.action.ConversionRuleAction
1690:             1             32  ch.qos.logback.core.joran.action.IncludeAction
1691:             1             32  ch.qos.logback.core.joran.action.NestedBasicPropertyIA
1692:             1             32  ch.qos.logback.core.joran.action.NestedComplexPropertyIA
1693:             1             32  ch.qos.logback.core.joran.action.NewRuleAction
1694:             1             32  ch.qos.logback.core.joran.action.ParamAction
1695:             1             32  ch.qos.logback.core.joran.action.StatusListenerAction
1696:             1             32  ch.qos.logback.core.joran.action.TimestampAction
1697:             1             32  ch.qos.logback.core.joran.conditional.ElseAction
1698:             1             32  ch.qos.logback.core.joran.conditional.IfAction
1699:             1             32  ch.qos.logback.core.joran.conditional.ThenAction
1700:             1             32  ch.qos.logback.core.joran.spi.SimpleRuleStore
1701:             1             32  ch.qos.logback.core.util.CachingDateFormatter
1702:             2             32  com.github.dandelion.datatables.jsp.tei.TableTagExtraInfo
1703:             2             32  com.sun.beans.WeakCache
1704:             1             32  com.sun.beans.finder.BeanInfoFinder
1705:             1             32  com.sun.jmx.mbeanserver.Repository
1706:             1             32  com.sun.org.apache.xerces.internal.impl.XMLEntityScanner$1
1707:             2             32  com.sun.org.apache.xerces.internal.impl.dv.dtd.ENTITYDatatypeValidator
1708:             2             32  com.sun.org.apache.xerces.internal.impl.dv.xs.QNameDV
1709:             2             32  com.sun.org.apache.xerces.internal.impl.xpath.regex.Token
1710:             1             32  com.sun.org.apache.xerces.internal.impl.xs.XSModelGroupImpl
1711:             1             32  com.sun.org.apache.xerces.internal.impl.xs.XSWildcardDecl
1712:             2             32  com.sun.org.apache.xerces.internal.jaxp.datatype.DatatypeFactoryImpl
1713:             2             32  com.sun.proxy.$Proxy20
1714:             1             32  com.sun.xml.bind.v2.runtime.CompositeStructureBeanInfo
1715:             1             32  com.sun.xml.bind.v2.runtime.NameList
1716:             2             32  com.sun.xml.bind.v2.runtime.reflect.Lister$CollectionLister
1717:             1             32  java.beans.ThreadGroupContext
1718:             1             32  java.beans.ThreadGroupContext$1
1719:             1             32  java.io.UnixFileSystem
1720:             1             32  java.lang.ArithmeticException
1721:             1             32  java.lang.ArrayIndexOutOfBoundsException
1722:             1             32  java.lang.ClassCastException
1723:             2             32  java.lang.InheritableThreadLocal
1724:             1             32  java.lang.NullPointerException
1725:             2             32  java.lang.Shutdown$Lock
1726:             1             32  java.lang.reflect.WeakCache
1727:             2             32  java.nio.ByteOrder
1728:             2             32  java.security.AllPermission
1729:             1             32  java.text.DontCareFieldPosition
1730:             2             32  java.util.Collections$UnmodifiableMap$UnmodifiableEntrySet
1731:             2             32  java.util.Hashtable$EntrySet
1732:             1             32  java.util.concurrent.atomic.AtomicLongFieldUpdater$CASUpdater
1733:             1             32  java.util.logging.LogManager$SystemLoggerContext
1734:             2             32  javax.el.ArrayELResolver
1735:             2             32  javax.el.ListELResolver
1736:             2             32  javax.el.MapELResolver
1737:             2             32  javax.el.ResourceBundleELResolver
1738:             1             32  net.sf.ehcache.CacheException
1739:             1             32  net.sf.ehcache.config.Configuration$RuntimeCfg
1740:             1             32  net.sf.ehcache.management.provider.MBeanRegistrationProviderImpl
1741:             2             32  net.sf.ehcache.statistics.sampled.NullSampledCacheStatistics
1742:             1             32  net.sf.ehcache.store.NullStore
1743:             1             32  net.sf.ehcache.transaction.DelegatingTransactionIDFactory
1744:             1             32  net.sf.ehcache.transaction.manager.selector.BitronixSelector
1745:             1             32  net.sf.ehcache.transaction.manager.selector.WeblogicSelector
1746:             1             32  net.sf.ehcache.util.lang.VicariousThreadLocal
1747:             1             32  org.apache.catalina.deploy.LoginConfig
1748:             1             32  org.apache.catalina.startup.ContextConfig$DefaultWebXmlCacheEntry
1749:             1             32  org.apache.catalina.startup.TldConfig
1750:             1             32  org.apache.catalina.util.ConcurrentDateFormat
1751:             1             32  org.apache.catalina.valves.AccessLogValve$DateAndTimeElement
1752:             2             32  org.apache.catalina.valves.AccessLogValve$HeaderElement
1753:             1             32  org.apache.commons.beanutils.PropertyUtilsBean
1754:             1             32  org.apache.commons.pool.impl.CursorableLinkedList
1755:             1             32  org.apache.coyote.AbstractProtocol$RecycledProcessors
1756:             1             32  org.apache.coyote.http11.Http11Protocol$Http11ConnectionHandler
1757:             1             32  org.apache.el.parser.AstChoice
1758:             1             32  org.apache.el.parser.AstEqual
1759:             1             32  org.apache.el.parser.AstInteger
1760:             1             32  org.apache.el.parser.AstNot
1761:             1             32  org.apache.jasper.compiler.TldLocationsCache
1762:             1             32  org.apache.jasper.el.JasperELResolver
1763:             1             32  org.apache.jasper.runtime.JspApplicationContextImpl
1764:             1             32  org.apache.jsp.WEB_002dINF.jsp.fragments.bodyHeader_jsp
1765:             1             32  org.apache.jsp.WEB_002dINF.jsp.fragments.footer_jsp
1766:             1             32  org.apache.jsp.WEB_002dINF.jsp.fragments.headTag_jsp
1767:             1             32  org.apache.jsp.WEB_002dINF.jsp.welcome_jsp
1768:             1             32  org.apache.naming.resources.WARDirContext$WARResource
1769:             1             32  org.apache.tomcat.util.collections.ManagedConcurrentWeakHashMap
1770:             1             32  org.apache.tomcat.util.http.mapper.Mapper$Host
1771:             1             32  org.apache.tomcat.util.threads.LimitLatch
1772:             1             32  org.apache.tomcat.util.threads.LimitLatch$Sync
1773:             1             32  org.apache.tomcat.util.threads.TaskThreadFactory
1774:             2             32  org.aspectj.weaver.ast.Literal
1775:             1             32  org.aspectj.weaver.internal.tools.PointcutExpressionImpl
1776:             1             32  org.aspectj.weaver.patterns.AnyAnnotationTypePattern
1777:             1             32  org.aspectj.weaver.patterns.BasicToken
1778:             1             32  org.aspectj.weaver.patterns.EllipsisAnnotationTypePattern
1779:             2             32  org.aspectj.weaver.patterns.TypePattern$MatchKind
1780:             1             32  org.eclipse.jdt.internal.compiler.classfmt.TypeAnnotationWalker$1
1781:             2             32  org.eclipse.jdt.internal.compiler.impl.BooleanConstant
1782:             1             32  org.eclipse.jdt.internal.compiler.util.HashtableOfInt
1783:             1             32  org.hibernate.validator.internal.engine.ValidatorFactoryImpl
1784:             1             32  org.hibernate.validator.messageinterpolation.ResourceBundleMessageInterpolator
1785:             2             32  org.hibernate.validator.resourceloading.PlatformResourceBundleLocator
1786:             1             32  org.hsqldb.HsqlNameManager
1787:             1             32  org.hsqldb.types.TimestampData
1788:             1             32  org.joda.time.chrono.BasicDayOfMonthDateTimeField
1789:             1             32  org.joda.time.chrono.BasicDayOfYearDateTimeField
1790:             1             32  org.joda.time.chrono.BasicWeekOfWeekyearDateTimeField
1791:             1             32  org.joda.time.chrono.BasicWeekyearDateTimeField
1792:             1             32  org.joda.time.chrono.BasicYearDateTimeField
1793:             1             32  org.joda.time.chrono.GJDayOfWeekDateTimeField
1794:             1             32  org.joda.time.convert.ConverterManager
1795:             1             32  org.joda.time.tz.FixedDateTimeZone
1796:             1             32  org.joda.time.tz.ZoneInfoProvider
1797:             2             32  org.springframework.beans.factory.parsing.FailFastProblemReporter
1798:             2             32  org.springframework.beans.factory.parsing.PassThroughSourceExtractor
1799:             2             32  org.springframework.beans.factory.support.CglibSubclassingInstantiationStrategy
1800:             1             32  org.springframework.beans.factory.support.ManagedSet
1801:             1             32  org.springframework.cache.annotation.AnnotationCacheOperationSource
1802:             1             32  org.springframework.cache.ehcache.EhCacheCacheManager
1803:             1             32  org.springframework.cache.ehcache.EhCacheManagerFactoryBean
1804:             1             32  org.springframework.cache.interceptor.CacheableOperation
1805:             2             32  org.springframework.context.annotation.AnnotationBeanNameGenerator
1806:             2             32  org.springframework.context.annotation.ConfigurationClassPostProcessor$1
1807:             2             32  org.springframework.context.annotation.ConfigurationClassPostProcessor$ImportAwareBeanPostProcessor
1808:             2             32  org.springframework.context.expression.BeanExpressionContextAccessor
1809:             2             32  org.springframework.context.expression.BeanFactoryAccessor
1810:             2             32  org.springframework.context.expression.BeanFactoryResolver
1811:             2             32  org.springframework.context.expression.EnvironmentAccessor
1812:             2             32  org.springframework.context.expression.MapAccessor
1813:             2             32  org.springframework.context.expression.StandardBeanExpressionResolver$1
1814:             2             32  org.springframework.context.support.ApplicationContextAwareProcessor
1815:             2             32  org.springframework.context.support.ApplicationContextAwareProcessor$EmbeddedValueResolver
1816:             1             32  org.springframework.context.support.DelegatingMessageSource
1817:             2             32  org.springframework.core.convert.support.GenericConversionService$NoOpConverter
1818:             2             32  org.springframework.core.io.DefaultResourceLoader
1819:             1             32  org.springframework.core.task.SimpleAsyncTaskExecutor$ConcurrencyThrottleAdapter
1820:             2             32  org.springframework.expression.spel.support.StandardOperatorOverloader
1821:             2             32  org.springframework.expression.spel.support.StandardTypeComparator
1822:             2             32  org.springframework.format.datetime.joda.ReadableInstantPrinter
1823:             1             32  org.springframework.format.support.DefaultFormattingConversionService
1824:             1             32  org.springframework.jdbc.core.SqlParameter
1825:             1             32  org.springframework.jdbc.core.simple.ParameterizedBeanPropertyRowMapper
1826:             2             32  org.springframework.jdbc.datasource.SimpleConnectionHandle
1827:             2             32  org.springframework.jdbc.datasource.init.CompositeDatabasePopulator
1828:             1             32  org.springframework.jdbc.datasource.init.DataSourceInitializer
1829:             1             32  org.springframework.jmx.export.assembler.MetadataMBeanInfoAssembler
1830:             1             32  org.springframework.jmx.export.metadata.ManagedAttribute
1831:             2             32  org.springframework.samples.petclinic.model.BaseEntity$JaxbAccessorM_getId_setId_java_lang_Integer
1832:             2             32  org.springframework.samples.petclinic.model.NamedEntity$JaxbAccessorM_getName_setName_java_lang_String
1833:             2             32  org.springframework.samples.petclinic.model.Person$JaxbAccessorM_getFirstName_setFirstName_java_lang_String
1834:             2             32  org.springframework.samples.petclinic.model.Person$JaxbAccessorM_getLastName_setLastName_java_lang_String
1835:             1             32  org.springframework.samples.petclinic.repository.jdbc.JdbcPetRepositoryImpl
1836:             1             32  org.springframework.samples.petclinic.service.ClinicServiceImpl
1837:             1             32  org.springframework.samples.petclinic.util.CallMonitoringAspect
1838:             1             32  org.springframework.transaction.annotation.AnnotationTransactionAttributeSource
1839:             1             32  org.springframework.transaction.interceptor.TransactionInterceptor
1840:             1             32  org.springframework.ui.context.support.ResourceBundleThemeSource
1841:             2             32  org.springframework.util.DefaultPropertiesPersister
1842:             2             32  org.springframework.web.bind.support.DefaultDataBinderFactory
1843:             2             32  org.springframework.web.bind.support.SimpleSessionStatus
1844:             1             32  org.springframework.web.context.support.ServletConfigPropertySource
1845:             2             32  org.springframework.web.context.support.WebApplicationContextUtils$RequestObjectFactory
1846:             2             32  org.springframework.web.context.support.WebApplicationContextUtils$SessionObjectFactory
1847:             2             32  org.springframework.web.context.support.WebApplicationContextUtils$WebRequestObjectFactory
1848:             2             32  org.springframework.web.method.annotation.RequestParamMapMethodArgumentResolver
1849:             2             32  org.springframework.web.servlet.FrameworkServlet$RequestBindingInterceptor
1850:             2             32  org.springframework.web.servlet.mvc.method.annotation.MatrixVariableMapMethodArgumentResolver
1851:             2             32  org.springframework.web.servlet.mvc.method.annotation.ModelAndViewMethodReturnValueHandler
1852:             2             32  org.springframework.web.servlet.mvc.method.annotation.PathVariableMapMethodArgumentResolver
1853:             1             32  org.springframework.web.servlet.mvc.method.annotation.ServletCookieValueMethodArgumentResolver
1854:             2             32  org.springframework.web.servlet.mvc.method.annotation.ViewMethodReturnValueHandler
1855:             2             32  org.springframework.web.servlet.mvc.method.annotation.ViewNameMethodReturnValueHandler
1856:             1             32  org.springframework.web.servlet.view.BeanNameViewResolver
1857:             1             32  org.springframework.web.servlet.view.DefaultRequestToViewNameTranslator
1858:             2             32  sun.net.www.protocol.file.Handler
1859:             1             32  sun.nio.cs.StandardCharsets
1860:             1             32  sun.nio.fs.LinuxFileSystem
1861:             1             32  sun.nio.fs.UnixPath
1862:             1             32  sun.reflect.generics.repository.ConstructorRepository
1863:             1             32  sun.security.provider.PolicyFile
1864:             1             32  sun.security.provider.PolicyFile$PolicyInfo
1865:             1             24  [Lch.qos.logback.core.joran.spi.ConsoleTarget;
1866:             1             24  [Lch.qos.logback.core.subst.Node$Type;
1867:             1             24  [Lcom.sun.org.apache.xalan.internal.utils.XMLSecurityPropertyManager$Property;
1868:             1             24  [Lcom.sun.org.apache.xerces.internal.utils.XMLSecurityPropertyManager$Property;
1869:             1             24  [Ljava.io.File$PathStatus;
1870:             1             24  [Ljava.lang.ClassValue$Entry;
1871:             1             24  [Ljava.net.InetAddress$Cache$Type;
1872:             1             24  [Ljava.util.Locale$Category;
1873:             1             24  [Ljavax.xml.bind.annotation.XmlAccessOrder;
1874:             1             24  [Ljdk.xml.internal.JdkXmlFeatures$XmlFeature;
1875:             1             24  [Lnet.sf.ehcache.concurrent.LockType;
1876:             1             24  [Lnet.sf.ehcache.config.CacheWriterConfiguration$WriteMode;
1877:             1             24  [Lnet.sf.ehcache.config.SizeOfPolicyConfiguration$MaxDepthExceededBehavior;
1878:             1             24  [Lnet.sf.ehcache.terracotta.TerracottaClient$RejoinStatus$RejoinState;
1879:             1             24  [Lorg.apache.catalina.AccessLog;
1880:             1             24  [Lorg.apache.catalina.Service;
1881:             1             24  [Lorg.apache.catalina.connector.Connector;
1882:             1             24  [Lorg.apache.catalina.deploy.ApplicationListener;
1883:             1             24  [Lorg.apache.tomcat.util.buf.UEncoder$SafeCharsSet;
1884:             1             24  [Lorg.apache.tomcat.util.http.mapper.Mapper$Context;
1885:             1             24  [Lorg.apache.tomcat.util.http.mapper.Mapper$ContextVersion;
1886:             1             24  [Lorg.apache.tomcat.util.net.AbstractEndpoint$Acceptor;
1887:             1             24  [Lorg.hibernate.validator.internal.metadata.core.ConstraintOrigin;
1888:             1             24  [Lorg.springframework.asm.Type;
1889:             1             24  [Lorg.springframework.http.MediaType;
1890:             1             24  [Lorg.springframework.util.ConcurrentReferenceHashMap$ReferenceType;
1891:             1             24  [Lorg.springframework.util.ConcurrentReferenceHashMap$Restructure;
1892:             1             24  [Lorg.springframework.validation.DefaultMessageCodesResolver$Format;
1893:             1             24  [Lsun.launcher.LauncherHelper;
1894:             1             24  [Lsun.misc.JavaSecurityProtectionDomainAccess$ProtectionDomainCache;
1895:             1             24  ch.qos.logback.classic.joran.action.ConsolePluginAction
1896:             1             24  ch.qos.logback.classic.joran.action.ContextNameAction
1897:             1             24  ch.qos.logback.classic.joran.action.InsertFromJNDIAction
1898:             1             24  ch.qos.logback.classic.joran.action.JMXConfiguratorAction
1899:             1             24  ch.qos.logback.classic.spi.TurboFilterList
1900:             1             24  ch.qos.logback.classic.util.ContextSelectorStaticBinder
1901:             1             24  ch.qos.logback.classic.util.LogbackMDCAdapter
1902:             1             24  ch.qos.logback.core.joran.action.ContextPropertyAction
1903:             1             24  ch.qos.logback.core.joran.spi.CAI_WithLocatorSupport
1904:             1             24  ch.qos.logback.core.joran.spi.EventPlayer
1905:             1             24  ch.qos.logback.core.pattern.FormatInfo
1906:             1             24  com.sun.beans.util.Cache$Kind$1
1907:             1             24  com.sun.beans.util.Cache$Kind$2
1908:             1             24  com.sun.beans.util.Cache$Kind$3
1909:             1             24  com.sun.jmx.mbeanserver.ClassLoaderRepositorySupport
1910:             1             24  com.sun.jmx.mbeanserver.MXBeanLookup
1911:             1             24  com.sun.jmx.mbeanserver.StandardMBeanSupport
1912:             1             24  com.sun.jmx.remote.util.ClassLogger
1913:             1             24  com.sun.org.apache.xerces.internal.impl.Constants$ArrayEnumeration
1914:             1             24  com.sun.org.apache.xerces.internal.impl.dtd.XMLContentSpec
1915:             1             24  com.sun.org.apache.xerces.internal.impl.xs.util.ShortListImpl
1916:             1             24  com.sun.org.apache.xerces.internal.impl.xs.util.XSObjectListImpl
1917:             1             24  com.sun.xml.bind.v2.model.annotation.RuntimeInlineAnnotationReader
1918:             1             24  com.sun.xml.bind.v2.model.annotation.XmlAttributeQuick
1919:             1             24  com.sun.xml.bind.v2.model.annotation.XmlElementDeclQuick
1920:             1             24  com.sun.xml.bind.v2.model.annotation.XmlElementQuick
1921:             1             24  com.sun.xml.bind.v2.model.annotation.XmlElementRefQuick
1922:             1             24  com.sun.xml.bind.v2.model.annotation.XmlElementRefsQuick
1923:             1             24  com.sun.xml.bind.v2.model.annotation.XmlEnumQuick
1924:             1             24  com.sun.xml.bind.v2.model.annotation.XmlRootElementQuick
1925:             1             24  com.sun.xml.bind.v2.model.annotation.XmlSchemaQuick
1926:             1             24  com.sun.xml.bind.v2.model.annotation.XmlSchemaTypeQuick
1927:             1             24  com.sun.xml.bind.v2.model.annotation.XmlTransientQuick
1928:             1             24  com.sun.xml.bind.v2.model.annotation.XmlTypeQuick
1929:             1             24  com.sun.xml.bind.v2.model.annotation.XmlValueQuick
1930:             1             24  com.sun.xml.bind.v2.model.impl.RuntimeAnyTypeImpl
1931:             1             24  com.sun.xml.bind.v2.model.impl.RuntimeBuiltinLeafInfoImpl$1
1932:             1             24  com.sun.xml.bind.v2.model.impl.RuntimeBuiltinLeafInfoImpl$10
1933:             1             24  com.sun.xml.bind.v2.model.impl.RuntimeBuiltinLeafInfoImpl$11
1934:             1             24  com.sun.xml.bind.v2.model.impl.RuntimeBuiltinLeafInfoImpl$12
1935:             1             24  com.sun.xml.bind.v2.model.impl.RuntimeBuiltinLeafInfoImpl$13
1936:             1             24  com.sun.xml.bind.v2.model.impl.RuntimeBuiltinLeafInfoImpl$14
1937:             1             24  com.sun.xml.bind.v2.model.impl.RuntimeBuiltinLeafInfoImpl$15
1938:             1             24  com.sun.xml.bind.v2.model.impl.RuntimeBuiltinLeafInfoImpl$16
1939:             1             24  com.sun.xml.bind.v2.model.impl.RuntimeBuiltinLeafInfoImpl$17
1940:             1             24  com.sun.xml.bind.v2.model.impl.RuntimeBuiltinLeafInfoImpl$18
1941:             1             24  com.sun.xml.bind.v2.model.impl.RuntimeBuiltinLeafInfoImpl$19
1942:             1             24  com.sun.xml.bind.v2.model.impl.RuntimeBuiltinLeafInfoImpl$2
1943:             1             24  com.sun.xml.bind.v2.model.impl.RuntimeBuiltinLeafInfoImpl$20
1944:             1             24  com.sun.xml.bind.v2.model.impl.RuntimeBuiltinLeafInfoImpl$21
1945:             1             24  com.sun.xml.bind.v2.model.impl.RuntimeBuiltinLeafInfoImpl$22
1946:             1             24  com.sun.xml.bind.v2.model.impl.RuntimeBuiltinLeafInfoImpl$23
1947:             1             24  com.sun.xml.bind.v2.model.impl.RuntimeBuiltinLeafInfoImpl$25
1948:             1             24  com.sun.xml.bind.v2.model.impl.RuntimeBuiltinLeafInfoImpl$26
1949:             1             24  com.sun.xml.bind.v2.model.impl.RuntimeBuiltinLeafInfoImpl$3
1950:             1             24  com.sun.xml.bind.v2.model.impl.RuntimeBuiltinLeafInfoImpl$4
1951:             1             24  com.sun.xml.bind.v2.model.impl.RuntimeBuiltinLeafInfoImpl$5
1952:             1             24  com.sun.xml.bind.v2.model.impl.RuntimeBuiltinLeafInfoImpl$6
1953:             1             24  com.sun.xml.bind.v2.model.impl.RuntimeBuiltinLeafInfoImpl$7
1954:             1             24  com.sun.xml.bind.v2.model.impl.RuntimeBuiltinLeafInfoImpl$8
1955:             1             24  com.sun.xml.bind.v2.model.impl.RuntimeBuiltinLeafInfoImpl$9
1956:             1             24  com.sun.xml.bind.v2.model.impl.RuntimeBuiltinLeafInfoImpl$StringImplImpl
1957:             1             24  com.sun.xml.bind.v2.model.impl.RuntimeBuiltinLeafInfoImpl$UUIDImpl
1958:             1             24  com.sun.xml.bind.v2.runtime.ElementBeanInfoImpl$1
1959:             1             24  com.sun.xml.bind.v2.runtime.JAXBContextImpl$1
1960:             1             24  com.sun.xml.bind.v2.runtime.JAXBContextImpl$2
1961:             1             24  com.sun.xml.bind.v2.runtime.unmarshaller.DomLoader
1962:             1             24  java.lang.ClassValue$Version
1963:             1             24  java.lang.ProcessEnvironment$StringEnvironment
1964:             1             24  java.lang.invoke.MethodHandleImpl$4
1965:             1             24  java.lang.reflect.ReflectPermission
1966:             1             24  java.net.Inet6AddressImpl
1967:             1             24  java.net.Proxy
1968:             1             24  java.net.SocketPermissionCollection
1969:             1             24  java.security.Policy$PolicyInfo
1970:             1             24  java.security.Policy$UnsupportedEmptyCollection
1971:             1             24  java.security.ProtectionDomain$2$1
1972:             1             24  java.sql.DriverInfo
1973:             1             24  java.util.Collections$EmptyMap
1974:             1             24  java.util.Collections$SynchronizedCollection
1975:             1             24  java.util.Collections$SynchronizedRandomAccessList
1976:             1             24  java.util.Locale$Cache
1977:             1             24  java.util.PropertyPermissionCollection
1978:             1             24  java.util.ResourceBundle$Control$CandidateListCache
1979:             1             24  java.util.TaskQueue
1980:             1             24  java.util.Timer
1981:             1             24  java.util.concurrent.Executors$DefaultThreadFactory
1982:             1             24  java.util.concurrent.TimeUnit$1
1983:             1             24  java.util.concurrent.TimeUnit$2
1984:             1             24  java.util.concurrent.TimeUnit$3
1985:             1             24  java.util.concurrent.TimeUnit$4
1986:             1             24  java.util.concurrent.TimeUnit$5
1987:             1             24  java.util.concurrent.TimeUnit$6
1988:             1             24  java.util.concurrent.TimeUnit$7
1989:             1             24  java.util.logging.LogManager$LoggerContext
1990:             1             24  java.util.logging.LoggingPermission
1991:             1             24  java.util.regex.Pattern$Ques
1992:             1             24  javax.el.CompositeELResolver
1993:             1             24  javax.el.ExpressionFactory$CacheKey
1994:             1             24  javax.el.Util$CacheValue
1995:             1             24  javax.persistence.spi.PersistenceProviderResolverHolder$PersistenceProviderResolverPerClassLoader
1996:             1             24  javax.servlet.jsp.tagext.TagFileInfo
1997:             1             24  net.sf.ehcache.Cache$CacheStatus
1998:             1             24  net.sf.ehcache.CacheManager$CacheRejoinAction
1999:             1             24  net.sf.ehcache.DiskStorePathManager
2000:             1             24  net.sf.ehcache.TransactionController$TransactionControllerStatistics
2001:             1             24  net.sf.ehcache.concurrent.StripedReadWriteLockSync
2002:             1             24  net.sf.ehcache.config.CacheWriterConfiguration$WriteMode$1
2003:             1             24  net.sf.ehcache.config.CacheWriterConfiguration$WriteMode$2
2004:             1             24  net.sf.ehcache.config.DiskStoreConfiguration
2005:             1             24  net.sf.ehcache.config.FactoryConfiguration
2006:             1             24  net.sf.ehcache.config.SizeOfPolicyConfiguration
2007:             1             24  net.sf.ehcache.event.CacheManagerEventListenerRegistry
2008:             1             24  net.sf.ehcache.event.RegisteredEventListeners$ListenerWrapper
2009:             1             24  net.sf.ehcache.statistics.LiveCacheStatisticsWrapper
2010:             1             24  net.sf.ehcache.statistics.sampled.SampledCacheStatisticsWrapper
2011:             1             24  net.sf.ehcache.terracotta.TerracottaCacheCluster
2012:             1             24  net.sf.ehcache.transaction.local.LocalRecoveryManager
2013:             1             24  net.sf.ehcache.transaction.manager.selector.AtomikosSelector
2014:             1             24  net.sf.ehcache.transaction.manager.selector.GenericJndiSelector
2015:             1             24  net.sf.ehcache.transaction.manager.selector.GlassfishSelector
2016:             1             24  net.sf.ehcache.util.FailSafeTimer
2017:             1             24  org.apache.catalina.core.ApplicationContextFacade
2018:             1             24  org.apache.catalina.core.ApplicationJspConfigDescriptor
2019:             1             24  org.apache.catalina.core.StandardContext$ContextFilterMaps
2020:             1             24  org.apache.catalina.deploy.ApplicationListener
2021:             1             24  org.apache.catalina.startup.TaglibListenerRule
2022:             1             24  org.apache.catalina.startup.TaglibRule
2023:             1             24  org.apache.catalina.startup.TaglibUriRule
2024:             1             24  org.apache.commons.beanutils.BeanUtilsBean
2025:             1             24  org.apache.commons.beanutils.BeanUtilsBean$1
2026:             1             24  org.apache.commons.dbcp.DriverConnectionFactory
2027:             1             24  org.apache.commons.dbcp.PoolingDataSource
2028:             1             24  org.apache.commons.logging.impl.SLF4JLogFactory
2029:             1             24  org.apache.el.util.ConcurrentCache
2030:             1             24  org.apache.jasper.compiler.TagPluginManager
2031:             1             24  org.apache.jasper.runtime.JspFactoryImpl
2032:             1             24  org.apache.naming.StringManager
2033:             1             24  org.apache.tomcat.util.collections.ConcurrentCache
2034:             1             24  org.apache.tomcat.util.http.mapper.Mapper$Context
2035:             1             24  org.apache.tomcat.util.http.mapper.Mapper$ContextList
2036:             1             24  org.apache.tomcat.util.net.JIoEndpoint$Acceptor
2037:             1             24  org.apache.tomcat.util.scan.StandardJarScanner
2038:             1             24  org.aspectj.apache.bcel.generic.Type$1
2039:             1             24  org.aspectj.apache.bcel.generic.Type$2
2040:             1             24  org.aspectj.weaver.World$AspectPrecedenceCalculator
2041:             1             24  org.eclipse.jdt.internal.compiler.ast.ExpressionContext$1
2042:             1             24  org.eclipse.jdt.internal.compiler.ast.ExpressionContext$2
2043:             1             24  org.eclipse.jdt.internal.compiler.ast.ExpressionContext$3
2044:             1             24  org.eclipse.jdt.internal.compiler.ast.ExpressionContext$4
2045:             1             24  org.eclipse.jdt.internal.compiler.impl.DoubleConstant
2046:             1             24  org.hibernate.validator.internal.constraintvalidators.DigitsValidatorForCharSequence
2047:             1             24  org.hibernate.validator.internal.metadata.BeanMetaDataManager
2048:             1             24  org.hibernate.validator.internal.metadata.core.AnnotationProcessingOptions
2049:             1             24  org.hibernate.validator.internal.metadata.core.ConstraintHelper
2050:             1             24  org.hibernate.validator.internal.metadata.provider.AnnotationMetaDataProvider
2051:             1             24  org.hibernate.validator.internal.util.ConcurrentReferenceHashMap$Option
2052:             1             24  org.joda.time.chrono.GJEraDateTimeField
2053:             1             24  org.joda.time.chrono.GJYearOfEraDateTimeField
2054:             1             24  org.joda.time.chrono.ISOYearOfEraDateTimeField
2055:             1             24  org.joda.time.convert.ConverterSet$Entry
2056:             1             24  org.joda.time.tz.CachedDateTimeZone
2057:             1             24  org.slf4j.helpers.FormattingTuple
2058:             1             24  org.slf4j.impl.StaticLoggerBinder
2059:             1             24  org.springframework.aop.aspectj.annotation.AspectMetadata
2060:             1             24  org.springframework.aop.aspectj.annotation.BeanFactoryAspectInstanceFactory
2061:             1             24  org.springframework.aop.aspectj.annotation.LazySingletonAspectInstanceFactoryDecorator
2062:             1             24  org.springframework.aop.aspectj.annotation.ReflectiveAspectJAdvisorFactory
2063:             1             24  org.springframework.aop.framework.autoproxy.AbstractAdvisorAutoProxyCreator$BeanFactoryAdvisorRetrievalHelperAdapter
2064:             1             24  org.springframework.aop.interceptor.ExposeInvocationInterceptor$1
2065:             1             24  org.springframework.aop.target.EmptyTargetSource
2066:             1             24  org.springframework.cache.interceptor.BeanFactoryCacheOperationSourceAdvisor$1
2067:             1             24  org.springframework.context.event.SourceFilteringListener
2068:             1             24  org.springframework.format.number.NumberFormatAnnotationFormatterFactory
2069:             1             24  org.springframework.format.support.FormattingConversionService$AnnotationConverterKey
2070:             1             24  org.springframework.jdbc.core.JdbcTemplate$1
2071:             1             24  org.springframework.jdbc.core.PreparedStatementCreatorFactory$PreparedStatementCreatorImpl
2072:             1             24  org.springframework.jdbc.core.RowMapperResultSetExtractor
2073:             1             24  org.springframework.jmx.export.annotation.AnnotationJmxAttributeSource$1
2074:             1             24  org.springframework.jmx.export.naming.MetadataNamingStrategy
2075:             1             24  org.springframework.samples.petclinic.repository.jdbc.JdbcOwnerRepositoryImpl
2076:             1             24  org.springframework.samples.petclinic.repository.jdbc.JdbcVisitRepositoryImpl
2077:             1             24  org.springframework.transaction.interceptor.BeanFactoryTransactionAttributeSourceAdvisor$1
2078:             1             24  org.springframework.transaction.interceptor.TransactionInterceptor$1
2079:             1             24  org.springframework.validation.DefaultMessageCodesResolver$Format$1
2080:             1             24  org.springframework.validation.DefaultMessageCodesResolver$Format$2
2081:             1             24  org.springframework.web.context.ContextLoaderListener
2082:             1             24  org.springframework.web.context.support.ServletContextResource
2083:             1             24  org.springframework.web.method.annotation.RequestHeaderMethodArgumentResolver
2084:             1             24  org.springframework.web.servlet.handler.MappedInterceptor
2085:             1             24  org.springframework.web.servlet.mvc.method.annotation.RequestPartMethodArgumentResolver
2086:             1             24  org.springframework.web.servlet.support.SessionFlashMapManager
2087:             1             24  org.springframework.web.util.HierarchicalUriComponents$Type$1
2088:             1             24  org.springframework.web.util.HierarchicalUriComponents$Type$10
2089:             1             24  org.springframework.web.util.HierarchicalUriComponents$Type$2
2090:             1             24  org.springframework.web.util.HierarchicalUriComponents$Type$3
2091:             1             24  org.springframework.web.util.HierarchicalUriComponents$Type$4
2092:             1             24  org.springframework.web.util.HierarchicalUriComponents$Type$5
2093:             1             24  org.springframework.web.util.HierarchicalUriComponents$Type$6
2094:             1             24  org.springframework.web.util.HierarchicalUriComponents$Type$7
2095:             1             24  org.springframework.web.util.HierarchicalUriComponents$Type$8
2096:             1             24  org.springframework.web.util.HierarchicalUriComponents$Type$9
2097:             1             24  org.springframework.web.util.HtmlCharacterEntityReferences
2098:             1             24  sun.launcher.LauncherHelper
2099:             1             24  sun.management.CompilationImpl
2100:             1             24  sun.management.MemoryImpl
2101:             1             24  sun.management.OperatingSystemImpl
2102:             1             24  sun.management.RuntimeImpl
2103:             1             24  sun.management.ThreadImpl
2104:             1             24  sun.management.VMManagementImpl
2105:             1             24  sun.misc.JarIndex
2106:             1             24  sun.net.ProgressMonitor
2107:             1             24  sun.net.sdp.SdpProvider
2108:             1             24  sun.nio.cs.CESU_8
2109:             1             24  sun.nio.cs.IBM437
2110:             1             24  sun.nio.cs.IBM737
2111:             1             24  sun.nio.cs.IBM775
2112:             1             24  sun.nio.cs.IBM850
2113:             1             24  sun.nio.cs.IBM852
2114:             1             24  sun.nio.cs.IBM855
2115:             1             24  sun.nio.cs.IBM857
2116:             1             24  sun.nio.cs.IBM858
2117:             1             24  sun.nio.cs.IBM862
2118:             1             24  sun.nio.cs.IBM866
2119:             1             24  sun.nio.cs.IBM874
2120:             1             24  sun.nio.cs.ISO_8859_1
2121:             1             24  sun.nio.cs.ISO_8859_13
2122:             1             24  sun.nio.cs.ISO_8859_15
2123:             1             24  sun.nio.cs.ISO_8859_2
2124:             1             24  sun.nio.cs.ISO_8859_4
2125:             1             24  sun.nio.cs.ISO_8859_5
2126:             1             24  sun.nio.cs.ISO_8859_7
2127:             1             24  sun.nio.cs.ISO_8859_9
2128:             1             24  sun.nio.cs.KOI8_R
2129:             1             24  sun.nio.cs.KOI8_U
2130:             1             24  sun.nio.cs.MS1250
2131:             1             24  sun.nio.cs.MS1251
2132:             1             24  sun.nio.cs.MS1252
2133:             1             24  sun.nio.cs.MS1253
2134:             1             24  sun.nio.cs.MS1254
2135:             1             24  sun.nio.cs.MS1257
2136:             1             24  sun.nio.cs.ThreadLocalCoders$1
2137:             1             24  sun.nio.cs.ThreadLocalCoders$2
2138:             1             24  sun.nio.cs.US_ASCII
2139:             1             24  sun.nio.cs.UTF_16
2140:             1             24  sun.nio.cs.UTF_16BE
2141:             1             24  sun.nio.cs.UTF_16LE
2142:             1             24  sun.nio.cs.UTF_16LE_BOM
2143:             1             24  sun.nio.cs.UTF_32
2144:             1             24  sun.nio.cs.UTF_32BE
2145:             1             24  sun.nio.cs.UTF_32BE_BOM
2146:             1             24  sun.nio.cs.UTF_32LE
2147:             1             24  sun.nio.cs.UTF_32LE_BOM
2148:             1             24  sun.nio.cs.UTF_8
2149:             1             24  sun.nio.cs.ext.Big5
2150:             1             24  sun.nio.cs.ext.Big5_HKSCS
2151:             1             24  sun.nio.cs.ext.Big5_HKSCS_2001
2152:             1             24  sun.nio.cs.ext.Big5_Solaris
2153:             1             24  sun.nio.cs.ext.COMPOUND_TEXT
2154:             1             24  sun.nio.cs.ext.EUC_CN
2155:             1             24  sun.nio.cs.ext.EUC_JP
2156:             1             24  sun.nio.cs.ext.EUC_JP_LINUX
2157:             1             24  sun.nio.cs.ext.EUC_JP_Open
2158:             1             24  sun.nio.cs.ext.EUC_TW
2159:             1             24  sun.nio.cs.ext.GB18030
2160:             1             24  sun.nio.cs.ext.GBK
2161:             1             24  sun.nio.cs.ext.IBM037
2162:             1             24  sun.nio.cs.ext.IBM1006
2163:             1             24  sun.nio.cs.ext.IBM1025
2164:             1             24  sun.nio.cs.ext.IBM1026
2165:             1             24  sun.nio.cs.ext.IBM1046
2166:             1             24  sun.nio.cs.ext.IBM1047
2167:             1             24  sun.nio.cs.ext.IBM1097
2168:             1             24  sun.nio.cs.ext.IBM1098
2169:             1             24  sun.nio.cs.ext.IBM1112
2170:             1             24  sun.nio.cs.ext.IBM1122
2171:             1             24  sun.nio.cs.ext.IBM1123
2172:             1             24  sun.nio.cs.ext.IBM1124
2173:             1             24  sun.nio.cs.ext.IBM1140
2174:             1             24  sun.nio.cs.ext.IBM1141
2175:             1             24  sun.nio.cs.ext.IBM1142
2176:             1             24  sun.nio.cs.ext.IBM1143
2177:             1             24  sun.nio.cs.ext.IBM1144
2178:             1             24  sun.nio.cs.ext.IBM1145
2179:             1             24  sun.nio.cs.ext.IBM1146
2180:             1             24  sun.nio.cs.ext.IBM1147
2181:             1             24  sun.nio.cs.ext.IBM1148
2182:             1             24  sun.nio.cs.ext.IBM1149
2183:             1             24  sun.nio.cs.ext.IBM1166
2184:             1             24  sun.nio.cs.ext.IBM1364
2185:             1             24  sun.nio.cs.ext.IBM1381
2186:             1             24  sun.nio.cs.ext.IBM1383
2187:             1             24  sun.nio.cs.ext.IBM273
2188:             1             24  sun.nio.cs.ext.IBM277
2189:             1             24  sun.nio.cs.ext.IBM278
2190:             1             24  sun.nio.cs.ext.IBM280
2191:             1             24  sun.nio.cs.ext.IBM284
2192:             1             24  sun.nio.cs.ext.IBM285
2193:             1             24  sun.nio.cs.ext.IBM290
2194:             1             24  sun.nio.cs.ext.IBM297
2195:             1             24  sun.nio.cs.ext.IBM300
2196:             1             24  sun.nio.cs.ext.IBM33722
2197:             1             24  sun.nio.cs.ext.IBM420
2198:             1             24  sun.nio.cs.ext.IBM424
2199:             1             24  sun.nio.cs.ext.IBM500
2200:             1             24  sun.nio.cs.ext.IBM833
2201:             1             24  sun.nio.cs.ext.IBM834
2202:             1             24  sun.nio.cs.ext.IBM838
2203:             1             24  sun.nio.cs.ext.IBM856
2204:             1             24  sun.nio.cs.ext.IBM860
2205:             1             24  sun.nio.cs.ext.IBM861
2206:             1             24  sun.nio.cs.ext.IBM863
2207:             1             24  sun.nio.cs.ext.IBM864
2208:             1             24  sun.nio.cs.ext.IBM865
2209:             1             24  sun.nio.cs.ext.IBM868
2210:             1             24  sun.nio.cs.ext.IBM869
2211:             1             24  sun.nio.cs.ext.IBM870
2212:             1             24  sun.nio.cs.ext.IBM871
2213:             1             24  sun.nio.cs.ext.IBM875
2214:             1             24  sun.nio.cs.ext.IBM918
2215:             1             24  sun.nio.cs.ext.IBM921
2216:             1             24  sun.nio.cs.ext.IBM922
2217:             1             24  sun.nio.cs.ext.IBM930
2218:             1             24  sun.nio.cs.ext.IBM933
2219:             1             24  sun.nio.cs.ext.IBM935
2220:             1             24  sun.nio.cs.ext.IBM937
2221:             1             24  sun.nio.cs.ext.IBM939
2222:             1             24  sun.nio.cs.ext.IBM942
2223:             1             24  sun.nio.cs.ext.IBM942C
2224:             1             24  sun.nio.cs.ext.IBM943
2225:             1             24  sun.nio.cs.ext.IBM943C
2226:             1             24  sun.nio.cs.ext.IBM948
2227:             1             24  sun.nio.cs.ext.IBM949
2228:             1             24  sun.nio.cs.ext.IBM949C
2229:             1             24  sun.nio.cs.ext.IBM950
2230:             1             24  sun.nio.cs.ext.IBM964
2231:             1             24  sun.nio.cs.ext.IBM970
2232:             1             24  sun.nio.cs.ext.ISCII91
2233:             1             24  sun.nio.cs.ext.ISO2022_CN
2234:             1             24  sun.nio.cs.ext.ISO2022_CN_CNS
2235:             1             24  sun.nio.cs.ext.ISO2022_CN_GB
2236:             1             24  sun.nio.cs.ext.ISO2022_JP
2237:             1             24  sun.nio.cs.ext.ISO2022_JP_2
2238:             1             24  sun.nio.cs.ext.ISO2022_KR
2239:             1             24  sun.nio.cs.ext.ISO_8859_11
2240:             1             24  sun.nio.cs.ext.ISO_8859_3
2241:             1             24  sun.nio.cs.ext.ISO_8859_6
2242:             1             24  sun.nio.cs.ext.ISO_8859_8
2243:             1             24  sun.nio.cs.ext.JISAutoDetect
2244:             1             24  sun.nio.cs.ext.JIS_X_0201
2245:             1             24  sun.nio.cs.ext.JIS_X_0208
2246:             1             24  sun.nio.cs.ext.JIS_X_0212
2247:             1             24  sun.nio.cs.ext.Johab
2248:             1             24  sun.nio.cs.ext.MS1255
2249:             1             24  sun.nio.cs.ext.MS1256
2250:             1             24  sun.nio.cs.ext.MS1258
2251:             1             24  sun.nio.cs.ext.MS50220
2252:             1             24  sun.nio.cs.ext.MS50221
2253:             1             24  sun.nio.cs.ext.MS874
2254:             1             24  sun.nio.cs.ext.MS932
2255:             1             24  sun.nio.cs.ext.MS932_0213
2256:             1             24  sun.nio.cs.ext.MS936
2257:             1             24  sun.nio.cs.ext.MS949
2258:             1             24  sun.nio.cs.ext.MS950
2259:             1             24  sun.nio.cs.ext.MS950_HKSCS
2260:             1             24  sun.nio.cs.ext.MS950_HKSCS_XP
2261:             1             24  sun.nio.cs.ext.MSISO2022JP
2262:             1             24  sun.nio.cs.ext.MacArabic
2263:             1             24  sun.nio.cs.ext.MacCentralEurope
2264:             1             24  sun.nio.cs.ext.MacCroatian
2265:             1             24  sun.nio.cs.ext.MacCyrillic
2266:             1             24  sun.nio.cs.ext.MacDingbat
2267:             1             24  sun.nio.cs.ext.MacGreek
2268:             1             24  sun.nio.cs.ext.MacHebrew
2269:             1             24  sun.nio.cs.ext.MacIceland
2270:             1             24  sun.nio.cs.ext.MacRoman
2271:             1             24  sun.nio.cs.ext.MacRomania
2272:             1             24  sun.nio.cs.ext.MacSymbol
2273:             1             24  sun.nio.cs.ext.MacThai
2274:             1             24  sun.nio.cs.ext.MacTurkish
2275:             1             24  sun.nio.cs.ext.MacUkraine
2276:             1             24  sun.nio.cs.ext.PCK
2277:             1             24  sun.nio.cs.ext.SJIS
2278:             1             24  sun.nio.cs.ext.SJIS_0213
2279:             1             24  sun.nio.cs.ext.TIS_620
2280:             1             24  sun.reflect.generics.scope.ConstructorScope
2281:             1             24  sun.security.provider.NativeSeedGenerator
2282:             1             24  sun.security.util.DisabledAlgorithmConstraints
2283:             1             24  sun.util.locale.BaseLocale$Cache
2284:             1             24  sun.util.locale.provider.CalendarDataProviderImpl
2285:             1             24  sun.util.locale.provider.CalendarProviderImpl
2286:             1             24  sun.util.locale.provider.CurrencyNameProviderImpl
2287:             1             24  sun.util.locale.provider.DateFormatProviderImpl
2288:             1             24  sun.util.locale.provider.DateFormatSymbolsProviderImpl
2289:             1             24  sun.util.locale.provider.DecimalFormatSymbolsProviderImpl
2290:             1             24  sun.util.locale.provider.NumberFormatProviderImpl
2291:             1             24  sun.util.locale.provider.TimeZoneNameProviderImpl
2292:             1             16  [Lcom.sun.org.apache.xerces.internal.impl.xs.SubstitutionGroupHandler$OneSubGroup;
2293:             1             16  [Lcom.sun.org.apache.xerces.internal.xs.XSObject;
2294:             1             16  [Lcom.sun.xml.bind.v2.runtime.property.AttributeProperty;
2295:             1             16  [Ljava.beans.EventSetDescriptor;
2296:             1             16  [Ljava.lang.Enum;
2297:             1             16  [Ljava.lang.Throwable;
2298:             1             16  [Ljava.nio.file.attribute.FileAttribute;
2299:             1             16  [Ljava.security.Provider;
2300:             1             16  [Ljava.security.cert.Certificate;
2301:             1             16  [Ljava.text.FieldPosition;
2302:             1             16  [Ljava.util.jar.JarFile;
2303:             1             16  [Ljava.util.logging.Handler;
2304:             1             16  [Ljavax.management.ObjectName;
2305:             1             16  [Ljavax.servlet.annotation.WebInitParam;
2306:             1             16  [Lorg.apache.catalina.core.DefaultInstanceManager$AnnotationCacheEntry;
2307:             1             16  [Lorg.apache.catalina.deploy.ApplicationParameter;
2308:             1             16  [Lorg.apache.catalina.deploy.SecurityConstraint;
2309:             1             16  [Lorg.aspectj.apache.bcel.classfile.CodeException;
2310:             1             16  [Lorg.aspectj.apache.bcel.classfile.annotation.AnnotationGen;
2311:             1             16  [Lorg.aspectj.apache.bcel.classfile.annotation.ElementValue;
2312:             1             16  [Lorg.aspectj.bridge.IMessage;
2313:             1             16  [Lorg.aspectj.weaver.Member;
2314:             1             16  [Lorg.aspectj.weaver.ReferenceType;
2315:             1             16  [Lorg.aspectj.weaver.TypeVariable;
2316:             1             16  [Lorg.aspectj.weaver.ast.Expr;
2317:             1             16  [Lorg.aspectj.weaver.ast.Var;
2318:             1             16  [Lorg.aspectj.weaver.patterns.AnnotationTypePattern;
2319:             1             16  [Lorg.aspectj.weaver.patterns.BindingPattern;
2320:             1             16  [Lorg.aspectj.weaver.tools.PointcutParameter;
2321:             1             16  [Lorg.eclipse.jdt.internal.compiler.ast.LocalDeclaration;
2322:             1             16  [Lorg.eclipse.jdt.internal.compiler.ast.MemberValuePair;
2323:             1             16  [Lorg.eclipse.jdt.internal.compiler.ast.TypeReference;
2324:             1             16  [Lorg.eclipse.jdt.internal.compiler.classfmt.ElementValuePairInfo;
2325:             1             16  [Lorg.eclipse.jdt.internal.compiler.env.IBinaryAnnotation;
2326:             1             16  [Lorg.eclipse.jdt.internal.compiler.env.IBinaryMethod;
2327:             1             16  [Lorg.eclipse.jdt.internal.compiler.env.IBinaryTypeAnnotation;
2328:             1             16  [Lorg.eclipse.jdt.internal.compiler.lookup.AnnotationBinding;
2329:             1             16  [Lorg.eclipse.jdt.internal.compiler.lookup.ElementValuePair;
2330:             1             16  [Lorg.eclipse.jdt.internal.compiler.lookup.InferenceVariable;
2331:             1             16  [Lorg.eclipse.jdt.internal.compiler.lookup.TypeBound;
2332:             1             16  [Lorg.eclipse.jdt.internal.compiler.lookup.TypeVariableBinding;
2333:             1             16  [Lorg.hibernate.annotations.Parameter;
2334:             1             16  [Lorg.hsqldb.Constraint;
2335:             1             16  [Lorg.springframework.web.context.request.async.CallableProcessingInterceptor;
2336:             1             16  [Lorg.springframework.web.context.request.async.DeferredResultProcessingInterceptor;
2337:             1             16  [[Lorg.aspectj.apache.bcel.classfile.annotation.AnnotationGen;
2338:             1             16  [[Lorg.aspectj.weaver.AnnotationAJ;
2339:             1             16  ch.qos.logback.classic.pattern.ClassNameOnlyAbbreviator
2340:             1             16  ch.qos.logback.classic.pattern.EnsureExceptionHandling
2341:             1             16  ch.qos.logback.classic.selector.DefaultContextSelector
2342:             1             16  ch.qos.logback.core.joran.spi.ConsoleTarget$1
2343:             1             16  ch.qos.logback.core.joran.spi.ConsoleTarget$2
2344:             1             16  ch.qos.logback.core.joran.spi.DefaultNestedComponentRegistry
2345:             1             16  ch.qos.logback.core.joran.util.ConfigurationWatchListUtil
2346:             1             16  ch.qos.logback.core.spi.AppenderAttachableImpl
2347:             1             16  ch.qos.logback.core.spi.FilterAttachableImpl
2348:             1             16  com.github.dandelion.datatables.core.generator.MainGenerator
2349:             1             16  com.github.dandelion.datatables.core.web.filter.DatatablesFilter
2350:             1             16  com.github.dandelion.datatables.extras.servlet2.filter.DatatablesFilter
2351:             1             16  com.sun.jmx.interceptor.DefaultMBeanServerInterceptor$ResourceContext$1
2352:             1             16  com.sun.jmx.mbeanserver.DefaultMXBeanMappingFactory
2353:             1             16  com.sun.jmx.mbeanserver.DescriptorCache
2354:             1             16  com.sun.jmx.mbeanserver.MBeanAnalyzer$MethodOrder
2355:             1             16  com.sun.jmx.mbeanserver.MBeanInstantiator
2356:             1             16  com.sun.jmx.mbeanserver.MXBeanIntrospector
2357:             1             16  com.sun.jmx.mbeanserver.SecureClassLoaderRepository
2358:             1             16  com.sun.jmx.mbeanserver.StandardMBeanIntrospector
2359:             1             16  com.sun.naming.internal.VersionHelper12
2360:             1             16  com.sun.org.apache.xalan.internal.utils.SecuritySupport
2361:             1             16  com.sun.org.apache.xerces.internal.dom.CharacterDataImpl$1
2362:             1             16  com.sun.org.apache.xerces.internal.impl.XMLDocumentScannerImpl$DTDDriver
2363:             1             16  com.sun.org.apache.xerces.internal.impl.dv.dtd.IDDatatypeValidator
2364:             1             16  com.sun.org.apache.xerces.internal.impl.dv.dtd.IDREFDatatypeValidator
2365:             1             16  com.sun.org.apache.xerces.internal.impl.dv.dtd.NMTOKENDatatypeValidator
2366:             1             16  com.sun.org.apache.xerces.internal.impl.dv.dtd.NOTATIONDatatypeValidator
2367:             1             16  com.sun.org.apache.xerces.internal.impl.dv.dtd.StringDatatypeValidator
2368:             1             16  com.sun.org.apache.xerces.internal.impl.dv.xs.AnyAtomicDV
2369:             1             16  com.sun.org.apache.xerces.internal.impl.dv.xs.AnySimpleDV
2370:             1             16  com.sun.org.apache.xerces.internal.impl.dv.xs.AnyURIDV
2371:             1             16  com.sun.org.apache.xerces.internal.impl.dv.xs.Base64BinaryDV
2372:             1             16  com.sun.org.apache.xerces.internal.impl.dv.xs.BooleanDV
2373:             1             16  com.sun.org.apache.xerces.internal.impl.dv.xs.DateDV
2374:             1             16  com.sun.org.apache.xerces.internal.impl.dv.xs.DateTimeDV
2375:             1             16  com.sun.org.apache.xerces.internal.impl.dv.xs.DayDV
2376:             1             16  com.sun.org.apache.xerces.internal.impl.dv.xs.DayTimeDurationDV
2377:             1             16  com.sun.org.apache.xerces.internal.impl.dv.xs.DecimalDV
2378:             1             16  com.sun.org.apache.xerces.internal.impl.dv.xs.DoubleDV
2379:             1             16  com.sun.org.apache.xerces.internal.impl.dv.xs.DurationDV
2380:             1             16  com.sun.org.apache.xerces.internal.impl.dv.xs.EntityDV
2381:             1             16  com.sun.org.apache.xerces.internal.impl.dv.xs.FloatDV
2382:             1             16  com.sun.org.apache.xerces.internal.impl.dv.xs.HexBinaryDV
2383:             1             16  com.sun.org.apache.xerces.internal.impl.dv.xs.IDDV
2384:             1             16  com.sun.org.apache.xerces.internal.impl.dv.xs.IDREFDV
2385:             1             16  com.sun.org.apache.xerces.internal.impl.dv.xs.IntegerDV
2386:             1             16  com.sun.org.apache.xerces.internal.impl.dv.xs.ListDV
2387:             1             16  com.sun.org.apache.xerces.internal.impl.dv.xs.MonthDV
2388:             1             16  com.sun.org.apache.xerces.internal.impl.dv.xs.MonthDayDV
2389:             1             16  com.sun.org.apache.xerces.internal.impl.dv.xs.PrecisionDecimalDV
2390:             1             16  com.sun.org.apache.xerces.internal.impl.dv.xs.StringDV
2391:             1             16  com.sun.org.apache.xerces.internal.impl.dv.xs.TimeDV
2392:             1             16  com.sun.org.apache.xerces.internal.impl.dv.xs.UnionDV
2393:             1             16  com.sun.org.apache.xerces.internal.impl.dv.xs.XSSimpleTypeDecl$1
2394:             1             16  com.sun.org.apache.xerces.internal.impl.dv.xs.XSSimpleTypeDecl$4
2395:             1             16  com.sun.org.apache.xerces.internal.impl.dv.xs.YearDV
2396:             1             16  com.sun.org.apache.xerces.internal.impl.dv.xs.YearMonthDV
2397:             1             16  com.sun.org.apache.xerces.internal.impl.dv.xs.YearMonthDurationDV
2398:             1             16  com.sun.org.apache.xerces.internal.impl.xs.XSConstraints$1
2399:             1             16  com.sun.org.apache.xerces.internal.impl.xs.models.XSEmptyCM
2400:             1             16  com.sun.org.apache.xerces.internal.impl.xs.util.XIntPool
2401:             1             16  com.sun.org.apache.xerces.internal.impl.xs.util.XSObjectListImpl$1
2402:             1             16  com.sun.org.apache.xerces.internal.utils.SecuritySupport
2403:             1             16  com.sun.proxy.$Proxy10
2404:             1             16  com.sun.proxy.$Proxy12
2405:             1             16  com.sun.proxy.$Proxy13
2406:             1             16  com.sun.proxy.$Proxy14
2407:             1             16  com.sun.proxy.$Proxy17
2408:             1             16  com.sun.proxy.$Proxy18
2409:             1             16  com.sun.proxy.$Proxy19
2410:             1             16  com.sun.proxy.$Proxy2
2411:             1             16  com.sun.proxy.$Proxy21
2412:             1             16  com.sun.proxy.$Proxy23
2413:             1             16  com.sun.proxy.$Proxy24
2414:             1             16  com.sun.proxy.$Proxy25
2415:             1             16  com.sun.proxy.$Proxy37
2416:             1             16  com.sun.proxy.$Proxy38
2417:             1             16  com.sun.proxy.$Proxy4
2418:             1             16  com.sun.proxy.$Proxy45
2419:             1             16  com.sun.proxy.$Proxy48
2420:             1             16  com.sun.proxy.$Proxy50
2421:             1             16  com.sun.proxy.$Proxy52
2422:             1             16  com.sun.proxy.$Proxy53
2423:             1             16  com.sun.proxy.$Proxy54
2424:             1             16  com.sun.proxy.$Proxy57
2425:             1             16  com.sun.proxy.$Proxy58
2426:             1             16  com.sun.proxy.$Proxy59
2427:             1             16  com.sun.proxy.$Proxy9
2428:             1             16  com.sun.xml.bind.AccessorFactoryImpl
2429:             1             16  com.sun.xml.bind.api.impl.NameConverter$1
2430:             1             16  com.sun.xml.bind.api.impl.NameConverter$2
2431:             1             16  com.sun.xml.bind.api.impl.NameConverter$Standard
2432:             1             16  com.sun.xml.bind.v2.ClassFactory$1
2433:             1             16  com.sun.xml.bind.v2.model.impl.ModelBuilder$1
2434:             1             16  com.sun.xml.bind.v2.model.impl.TypeInfoSetImpl$1
2435:             1             16  com.sun.xml.bind.v2.model.nav.ReflectionNavigator
2436:             1             16  com.sun.xml.bind.v2.model.nav.ReflectionNavigator$1
2437:             1             16  com.sun.xml.bind.v2.model.nav.ReflectionNavigator$2
2438:             1             16  com.sun.xml.bind.v2.model.nav.ReflectionNavigator$3
2439:             1             16  com.sun.xml.bind.v2.runtime.IllegalAnnotationsException$Builder
2440:             1             16  com.sun.xml.bind.v2.runtime.JAXBContextImpl$7
2441:             1             16  com.sun.xml.bind.v2.runtime.reflect.Accessor$1
2442:             1             16  com.sun.xml.bind.v2.runtime.reflect.Accessor$2
2443:             1             16  com.sun.xml.bind.v2.runtime.reflect.Lister$1
2444:             1             16  com.sun.xml.bind.v2.runtime.reflect.Lister$2
2445:             1             16  com.sun.xml.bind.v2.runtime.reflect.PrimitiveArrayListerBoolean
2446:             1             16  com.sun.xml.bind.v2.runtime.reflect.PrimitiveArrayListerByte
2447:             1             16  com.sun.xml.bind.v2.runtime.reflect.PrimitiveArrayListerCharacter
2448:             1             16  com.sun.xml.bind.v2.runtime.reflect.PrimitiveArrayListerDouble
2449:             1             16  com.sun.xml.bind.v2.runtime.reflect.PrimitiveArrayListerFloat
2450:             1             16  com.sun.xml.bind.v2.runtime.reflect.PrimitiveArrayListerInteger
2451:             1             16  com.sun.xml.bind.v2.runtime.reflect.PrimitiveArrayListerLong
2452:             1             16  com.sun.xml.bind.v2.runtime.reflect.PrimitiveArrayListerShort
2453:             1             16  info.ragozin.demo.TomcatRunner
2454:             1             16  java.io.FileDescriptor$1
2455:             1             16  java.lang.ApplicationShutdownHooks$1
2456:             1             16  java.lang.CharacterDataLatin1
2457:             1             16  java.lang.ClassValue$Identity
2458:             1             16  java.lang.ProcessEnvironment$StringKeySet
2459:             1             16  java.lang.Runtime
2460:             1             16  java.lang.String$CaseInsensitiveComparator
2461:             1             16  java.lang.System$2
2462:             1             16  java.lang.Terminator$1
2463:             1             16  java.lang.invoke.MemberName$Factory
2464:             1             16  java.lang.invoke.MethodHandleImpl$2
2465:             1             16  java.lang.invoke.MethodHandleImpl$3
2466:             1             16  java.lang.management.PlatformComponent$1
2467:             1             16  java.lang.management.PlatformComponent$10
2468:             1             16  java.lang.management.PlatformComponent$11
2469:             1             16  java.lang.management.PlatformComponent$12
2470:             1             16  java.lang.management.PlatformComponent$13
2471:             1             16  java.lang.management.PlatformComponent$14
2472:             1             16  java.lang.management.PlatformComponent$15
2473:             1             16  java.lang.management.PlatformComponent$2
2474:             1             16  java.lang.management.PlatformComponent$3
2475:             1             16  java.lang.management.PlatformComponent$4
2476:             1             16  java.lang.management.PlatformComponent$5
2477:             1             16  java.lang.management.PlatformComponent$6
2478:             1             16  java.lang.management.PlatformComponent$7
2479:             1             16  java.lang.management.PlatformComponent$8
2480:             1             16  java.lang.management.PlatformComponent$9
2481:             1             16  java.lang.ref.Reference$1
2482:             1             16  java.lang.ref.Reference$Lock
2483:             1             16  java.lang.reflect.Proxy$KeyFactory
2484:             1             16  java.lang.reflect.Proxy$ProxyClassFactory
2485:             1             16  java.lang.reflect.ReflectAccess
2486:             1             16  java.math.BigDecimal$1
2487:             1             16  java.net.InetAddress$2
2488:             1             16  java.net.URLClassLoader$7
2489:             1             16  java.nio.Bits$1
2490:             1             16  java.nio.Bits$1$1
2491:             1             16  java.nio.charset.CoderResult$1
2492:             1             16  java.nio.charset.CoderResult$2
2493:             1             16  java.nio.file.Files$AcceptAllFilter
2494:             1             16  java.security.ProtectionDomain$2
2495:             1             16  java.security.ProtectionDomain$JavaSecurityAccessImpl
2496:             1             16  java.text.DontCareFieldPosition$1
2497:             1             16  java.text.MessageFormat$Field
2498:             1             16  java.util.Collections$EmptyEnumeration
2499:             1             16  java.util.Collections$EmptyIterator
2500:             1             16  java.util.Collections$EmptyList
2501:             1             16  java.util.Collections$EmptySet
2502:             1             16  java.util.Collections$ReverseComparator
2503:             1             16  java.util.Collections$SingletonSet
2504:             1             16  java.util.Collections$UnmodifiableCollection
2505:             1             16  java.util.Currency$CurrencyNameGetter
2506:             1             16  java.util.Hashtable$KeySet
2507:             1             16  java.util.Hashtable$ValueCollection
2508:             1             16  java.util.ResourceBundle$Control
2509:             1             16  java.util.Timer$1
2510:             1             16  java.util.TreeMap$KeySet
2511:             1             16  java.util.TreeSet
2512:             1             16  java.util.WeakHashMap$KeySet
2513:             1             16  java.util.concurrent.ThreadPoolExecutor$AbortPolicy
2514:             1             16  java.util.jar.JavaUtilJarAccessImpl
2515:             1             16  java.util.logging.ErrorManager
2516:             1             16  java.util.logging.LoggingProxyImpl
2517:             1             16  java.util.logging.SimpleFormatter
2518:             1             16  java.util.regex.Pattern$4
2519:             1             16  java.util.regex.Pattern$LastNode
2520:             1             16  java.util.regex.Pattern$Node
2521:             1             16  java.util.zip.ZipFile$1
2522:             1             16  javax.management.JMX
2523:             1             16  javax.management.MBeanServerBuilder
2524:             1             16  javax.management.NotificationBroadcasterSupport$1
2525:             1             16  javax.persistence.Persistence$1
2526:             1             16  javax.persistence.spi.PersistenceProviderResolverHolder$PersistenceProviderResolverPerClassLoader$CachingPersistenceProviderResolver
2527:             1             16  javax.servlet.jsp.el.ImplicitObjectELResolver
2528:             1             16  javax.servlet.jsp.el.ScopedAttributeELResolver
2529:             1             16  javax.xml.bind.annotation.W3CDomHandler
2530:             1             16  javax.xml.datatype.SecuritySupport
2531:             1             16  javax.xml.parsers.SecuritySupport
2532:             1             16  javax.xml.transform.SecuritySupport
2533:             1             16  net.sf.ehcache.CacheStoreHelper
2534:             1             16  net.sf.ehcache.config.ElementValueComparatorConfiguration
2535:             1             16  net.sf.ehcache.config.generator.ConfigurationSource$InputStreamConfigurationSource
2536:             1             16  net.sf.ehcache.constructs.nonstop.CacheManagerExecutorServiceFactory
2537:             1             16  net.sf.ehcache.management.provider.MBeanRegistrationProviderFactoryImpl
2538:             1             16  net.sf.ehcache.pool.impl.UnboundedPool
2539:             1             16  net.sf.ehcache.pool.impl.UnboundedPool$UnboundedPoolAccessor
2540:             1             16  net.sf.ehcache.statistics.NullLiveCacheStatisticsData
2541:             1             16  net.sf.ehcache.store.DefaultElementValueComparator
2542:             1             16  net.sf.ehcache.store.LruPolicy
2543:             1             16  net.sf.ehcache.store.MemoryOnlyStore$BruteForceSearchManager
2544:             1             16  net.sf.ehcache.store.chm.SelectableConcurrentHashMap$DummyPinnedKey
2545:             1             16  net.sf.ehcache.store.chm.SelectableConcurrentHashMap$DummyPinnedValue
2546:             1             16  net.sf.ehcache.store.chm.SelectableConcurrentHashMap$PinnedKeySet
2547:             1             16  net.sf.ehcache.store.compound.ReadWriteSerializationCopyStrategy
2548:             1             16  net.sf.ehcache.terracotta.TerracottaClient$RejoinRequestHolder
2549:             1             16  net.sf.ehcache.terracotta.TerracottaClient$RejoinStatus
2550:             1             16  net.sf.ehcache.writer.writethrough.WriteThroughManager
2551:             1             16  org.apache.catalina.connector.CoyoteAdapter
2552:             1             16  org.apache.catalina.connector.Request$1
2553:             1             16  org.apache.catalina.connector.Request$2
2554:             1             16  org.apache.catalina.connector.Request$3
2555:             1             16  org.apache.catalina.connector.Request$4
2556:             1             16  org.apache.catalina.connector.Request$5
2557:             1             16  org.apache.catalina.connector.Request$6
2558:             1             16  org.apache.catalina.core.AccessLogAdapter
2559:             1             16  org.apache.catalina.core.ApplicationFilterFactory
2560:             1             16  org.apache.catalina.core.ContainerBase$ContainerBackgroundProcessor
2561:             1             16  org.apache.catalina.core.StandardHost$MemoryLeakTrackingListener
2562:             1             16  org.apache.catalina.mbeans.MBeanFactory
2563:             1             16  org.apache.catalina.realm.X509SubjectDnRetriever
2564:             1             16  org.apache.catalina.startup.Tomcat$DefaultWebXmlListener
2565:             1             16  org.apache.catalina.util.CharsetMapper
2566:             1             16  org.apache.catalina.valves.AccessLogValve$1
2567:             1             16  org.apache.catalina.valves.AccessLogValve$2
2568:             1             16  org.apache.catalina.valves.AccessLogValve$ByteSentElement
2569:             1             16  org.apache.catalina.valves.AccessLogValve$HostElement
2570:             1             16  org.apache.catalina.valves.AccessLogValve$HttpStatusCodeElement
2571:             1             16  org.apache.catalina.valves.AccessLogValve$LogicalUserNameElement
2572:             1             16  org.apache.catalina.valves.AccessLogValve$RequestElement
2573:             1             16  org.apache.catalina.valves.AccessLogValve$UserElement
2574:             1             16  org.apache.commons.beanutils.expression.DefaultResolver
2575:             1             16  org.apache.el.lang.ELArithmetic$BigDecimalDelegate
2576:             1             16  org.apache.el.lang.ELArithmetic$BigIntegerDelegate
2577:             1             16  org.apache.el.lang.ELArithmetic$DoubleDelegate
2578:             1             16  org.apache.el.lang.ELArithmetic$LongDelegate
2579:             1             16  org.apache.jasper.compiler.ELInterpreterFactory$DefaultELInterpreter
2580:             1             16  org.apache.jasper.el.ELContextImpl$1
2581:             1             16  org.apache.juli.logging.LogFactory
2582:             1             16  org.apache.naming.resources.DirContextURLStreamHandlerFactory
2583:             1             16  org.apache.tomcat.util.buf.MessageBytes$MessageBytesFactory
2584:             1             16  org.apache.tomcat.util.buf.StringCache
2585:             1             16  org.apache.tomcat.util.compat.Jre8Compat
2586:             1             16  org.apache.tomcat.util.http.ServerCookie$1
2587:             1             16  org.apache.tomcat.util.http.parser.MediaTypeCache
2588:             1             16  org.apache.tomcat.util.net.DefaultServerSocketFactory
2589:             1             16  org.apache.tomcat.util.net.JIoEndpoint$AsyncTimeout
2590:             1             16  org.apache.tomcat.util.net.jsse.JSSEImplementation
2591:             1             16  org.apache.tomcat.util.security.MD5Encoder
2592:             1             16  org.apache.tomcat.util.threads.ThreadPoolExecutor$RejectHandler
2593:             1             16  org.aspectj.bridge.IMessage$Kind$1
2594:             1             16  org.aspectj.bridge.IMessageHandler$1
2595:             1             16  org.aspectj.util.FuzzyBoolean$MaybeFuzzyBoolean
2596:             1             16  org.aspectj.util.FuzzyBoolean$NeverFuzzyBoolean
2597:             1             16  org.aspectj.util.FuzzyBoolean$NoFuzzyBoolean
2598:             1             16  org.aspectj.util.FuzzyBoolean$YesFuzzyBoolean
2599:             1             16  org.aspectj.weaver.ResolvedType$FieldGetter
2600:             1             16  org.aspectj.weaver.ResolvedType$MethodGetter
2601:             1             16  org.aspectj.weaver.ResolvedType$MethodGetterIncludingItds
2602:             1             16  org.aspectj.weaver.ResolvedType$PointcutGetter
2603:             1             16  org.aspectj.weaver.patterns.Bindings
2604:             1             16  org.aspectj.weaver.reflect.ReflectionWorld$ExceptionBasedMessageHandler
2605:             1             16  org.aspectj.weaver.tools.DefaultMatchingContext
2606:             1             16  org.aspectj.weaver.tools.Jdk14TraceFactory
2607:             1             16  org.eclipse.jdt.internal.compiler.CompilationResult$1
2608:             1             16  org.eclipse.jdt.internal.compiler.ast.CompilationUnitDeclaration$1
2609:             1             16  org.eclipse.jdt.internal.compiler.lookup.ReferenceBinding$2
2610:             1             16  org.eclipse.jdt.internal.compiler.lookup.ReferenceBinding$3
2611:             1             16  org.eclipse.jdt.internal.compiler.lookup.Scope$Substitutor
2612:             1             16  org.hibernate.bytecode.instrumentation.internal.FieldInterceptionHelper$JavassistDelegate
2613:             1             16  org.hibernate.validator.HibernateValidator
2614:             1             16  org.hibernate.validator.internal.engine.groups.Group
2615:             1             16  org.hibernate.validator.internal.engine.groups.ValidationOrderGenerator
2616:             1             16  org.hibernate.validator.internal.engine.resolver.DefaultTraversableResolver
2617:             1             16  org.hibernate.validator.internal.engine.resolver.JPATraversableResolver
2618:             1             16  org.hibernate.validator.internal.util.logging.Messages_$bundle
2619:             1             16  org.hsqldb.jdbc.JDBCDriver
2620:             1             16  org.hsqldb.lib.HashMap$Values
2621:             1             16  org.hsqldb.server.HsqlSocketFactory
2622:             1             16  org.jboss.logging.Slf4jLoggerProvider
2623:             1             16  org.joda.time.DateTimeUtils$SystemMillisProvider
2624:             1             16  org.joda.time.convert.CalendarConverter
2625:             1             16  org.joda.time.convert.DateConverter
2626:             1             16  org.joda.time.convert.LongConverter
2627:             1             16  org.joda.time.convert.NullConverter
2628:             1             16  org.joda.time.convert.ReadableDurationConverter
2629:             1             16  org.joda.time.convert.ReadableInstantConverter
2630:             1             16  org.joda.time.convert.ReadableIntervalConverter
2631:             1             16  org.joda.time.convert.ReadablePartialConverter
2632:             1             16  org.joda.time.convert.ReadablePeriodConverter
2633:             1             16  org.joda.time.convert.StringConverter
2634:             1             16  org.joda.time.field.MillisDurationField
2635:             1             16  org.joda.time.field.UnsupportedDurationField
2636:             1             16  org.joda.time.tz.DefaultNameProvider
2637:             1             16  org.slf4j.helpers.NOPLoggerFactory
2638:             1             16  org.slf4j.helpers.SubstituteLoggerFactory
2639:             1             16  org.slf4j.impl.StaticMDCBinder
2640:             1             16  org.springframework.aop.TrueClassFilter
2641:             1             16  org.springframework.aop.TrueMethodMatcher
2642:             1             16  org.springframework.aop.TruePointcut
2643:             1             16  org.springframework.aop.aspectj.AspectJExpressionPointcut$BeanNamePointcutDesignatorHandler
2644:             1             16  org.springframework.aop.aspectj.annotation.AbstractAspectJAdvisorFactory$AspectJAnnotationParameterNameDiscoverer
2645:             1             16  org.springframework.aop.aspectj.annotation.ReflectiveAspectJAdvisorFactory$1
2646:             1             16  org.springframework.aop.aspectj.annotation.ReflectiveAspectJAdvisorFactory$2
2647:             1             16  org.springframework.aop.aspectj.autoproxy.AspectJPrecedenceComparator
2648:             1             16  org.springframework.aop.framework.adapter.AfterReturningAdviceAdapter
2649:             1             16  org.springframework.aop.framework.adapter.DefaultAdvisorAdapterRegistry
2650:             1             16  org.springframework.aop.framework.adapter.MethodBeforeAdviceAdapter
2651:             1             16  org.springframework.aop.framework.adapter.ThrowsAdviceAdapter
2652:             1             16  org.springframework.aop.interceptor.ExposeInvocationInterceptor
2653:             1             16  org.springframework.beans.ExtendedBeanInfoFactory
2654:             1             16  org.springframework.cache.annotation.SpringCacheAnnotationParser
2655:             1             16  org.springframework.cache.ehcache.EhCacheCache
2656:             1             16  org.springframework.cache.interceptor.DefaultKeyGenerator
2657:             1             16  org.springframework.context.event.GenericApplicationListenerAdapter
2658:             1             16  org.springframework.core.OrderComparator
2659:             1             16  org.springframework.core.PrioritizedParameterNameDiscoverer
2660:             1             16  org.springframework.core.annotation.AnnotationAwareOrderComparator
2661:             1             16  org.springframework.expression.common.TemplateAwareExpressionParser$1
2662:             1             16  org.springframework.format.datetime.DateFormatterRegistrar$CalendarToDateConverter
2663:             1             16  org.springframework.format.datetime.DateFormatterRegistrar$CalendarToLongConverter
2664:             1             16  org.springframework.format.datetime.DateFormatterRegistrar$DateToCalendarConverter
2665:             1             16  org.springframework.format.datetime.DateFormatterRegistrar$DateToLongConverter
2666:             1             16  org.springframework.format.datetime.DateFormatterRegistrar$LongToCalendarConverter
2667:             1             16  org.springframework.format.datetime.DateFormatterRegistrar$LongToDateConverter
2668:             1             16  org.springframework.format.datetime.joda.JodaDateTimeFormatAnnotationFormatterFactory
2669:             1             16  org.springframework.format.datetime.joda.JodaTimeConverters$CalendarToReadableInstantConverter
2670:             1             16  org.springframework.format.datetime.joda.JodaTimeConverters$DateTimeToCalendarConverter
2671:             1             16  org.springframework.format.datetime.joda.JodaTimeConverters$DateTimeToDateConverter
2672:             1             16  org.springframework.format.datetime.joda.JodaTimeConverters$DateTimeToDateMidnightConverter
2673:             1             16  org.springframework.format.datetime.joda.JodaTimeConverters$DateTimeToInstantConverter
2674:             1             16  org.springframework.format.datetime.joda.JodaTimeConverters$DateTimeToLocalDateConverter
2675:             1             16  org.springframework.format.datetime.joda.JodaTimeConverters$DateTimeToLocalDateTimeConverter
2676:             1             16  org.springframework.format.datetime.joda.JodaTimeConverters$DateTimeToLocalTimeConverter
2677:             1             16  org.springframework.format.datetime.joda.JodaTimeConverters$DateTimeToLongConverter
2678:             1             16  org.springframework.format.datetime.joda.JodaTimeConverters$DateTimeToMutableDateTimeConverter
2679:             1             16  org.springframework.format.datetime.joda.JodaTimeConverters$DateToReadableInstantConverter
2680:             1             16  org.springframework.http.MediaType$1
2681:             1             16  org.springframework.http.MediaType$2
2682:             1             16  org.springframework.http.converter.xml.Jaxb2RootElementHttpMessageConverter$1
2683:             1             16  org.springframework.http.converter.xml.SourceHttpMessageConverter$1
2684:             1             16  org.springframework.http.converter.xml.SourceHttpMessageConverter$2
2685:             1             16  org.springframework.jmx.export.annotation.AnnotationJmxAttributeSource
2686:             1             16  org.springframework.oxm.jaxb.Jaxb2Marshaller$1
2687:             1             16  org.springframework.samples.petclinic.repository.jdbc.JdbcVetRepositoryImpl
2688:             1             16  org.springframework.samples.petclinic.web.CrashController
2689:             1             16  org.springframework.samples.petclinic.web.OwnerController
2690:             1             16  org.springframework.samples.petclinic.web.PetController
2691:             1             16  org.springframework.samples.petclinic.web.PetTypeFormatter
2692:             1             16  org.springframework.samples.petclinic.web.VetController
2693:             1             16  org.springframework.samples.petclinic.web.VisitController
2694:             1             16  org.springframework.transaction.annotation.SpringTransactionAnnotationParser
2695:             1             16  org.springframework.ui.context.support.DelegatingThemeSource
2696:             1             16  org.springframework.util.CustomizableThreadCreator$SerializableMonitor
2697:             1             16  org.springframework.util.ReflectionUtils$4
2698:             1             16  org.springframework.util.ReflectionUtils$5
2699:             1             16  org.springframework.util.ReflectionUtils$6
2700:             1             16  org.springframework.util.comparator.ComparableComparator
2701:             1             16  org.springframework.util.comparator.CompoundComparator
2702:             1             16  org.springframework.util.comparator.InstanceComparator
2703:             1             16  org.springframework.validation.beanvalidation.LocaleContextMessageInterpolator
2704:             1             16  org.springframework.validation.beanvalidation.SpringConstraintValidatorFactory
2705:             1             16  org.springframework.web.SpringServletContainerInitializer
2706:             1             16  org.springframework.web.accept.FixedContentNegotiationStrategy
2707:             1             16  org.springframework.web.bind.support.DefaultSessionAttributeStore
2708:             1             16  org.springframework.web.context.request.async.TimeoutCallableProcessingInterceptor
2709:             1             16  org.springframework.web.context.request.async.TimeoutDeferredResultProcessingInterceptor
2710:             1             16  org.springframework.web.method.annotation.ErrorsMethodArgumentResolver
2711:             1             16  org.springframework.web.method.annotation.RequestHeaderMapMethodArgumentResolver
2712:             1             16  org.springframework.web.method.annotation.SessionStatusMethodArgumentResolver
2713:             1             16  org.springframework.web.servlet.FrameworkServlet$ContextRefreshListener
2714:             1             16  org.springframework.web.servlet.handler.ConversionServiceExposingInterceptor
2715:             1             16  org.springframework.web.servlet.i18n.AcceptHeaderLocaleResolver
2716:             1             16  org.springframework.web.servlet.mvc.HttpRequestHandlerAdapter
2717:             1             16  org.springframework.web.servlet.mvc.SimpleControllerHandlerAdapter
2718:             1             16  org.springframework.web.servlet.mvc.method.annotation.AsyncTaskMethodReturnValueHandler
2719:             1             16  org.springframework.web.servlet.mvc.method.annotation.CallableMethodReturnValueHandler
2720:             1             16  org.springframework.web.servlet.mvc.method.annotation.DeferredResultMethodReturnValueHandler
2721:             1             16  org.springframework.web.servlet.mvc.method.annotation.RedirectAttributesMethodArgumentResolver
2722:             1             16  org.springframework.web.servlet.mvc.method.annotation.RequestMappingHandlerAdapter$1
2723:             1             16  org.springframework.web.servlet.mvc.method.annotation.RequestMappingHandlerAdapter$2
2724:             1             16  org.springframework.web.servlet.mvc.method.annotation.UriComponentsBuilderMethodArgumentResolver
2725:             1             16  org.springframework.web.servlet.theme.FixedThemeResolver
2726:             1             16  org.springframework.web.servlet.view.AbstractCachingViewResolver$1
2727:             1             16  org.springframework.web.servlet.view.ContentNegotiatingViewResolver$1
2728:             1             16  org.springframework.web.util.HierarchicalUriComponents$1
2729:             1             16  sun.management.ClassLoadingImpl
2730:             1             16  sun.management.HotSpotDiagnostic
2731:             1             16  sun.management.ManagementFactoryHelper$PlatformLoggingImpl
2732:             1             16  sun.misc.ASCIICaseInsensitiveComparator
2733:             1             16  sun.misc.FloatingDecimal$1
2734:             1             16  sun.misc.Launcher
2735:             1             16  sun.misc.Launcher$Factory
2736:             1             16  sun.misc.Perf
2737:             1             16  sun.misc.Unsafe
2738:             1             16  sun.net.DefaultProgressMeteringPolicy
2739:             1             16  sun.net.spi.DefaultProxySelector
2740:             1             16  sun.net.www.protocol.jar.JarFileFactory
2741:             1             16  sun.nio.ch.FileChannelImpl$1
2742:             1             16  sun.nio.cs.CharsetMapping$2
2743:             1             16  sun.nio.cs.CharsetMapping$3
2744:             1             16  sun.nio.cs.CharsetMapping$4
2745:             1             16  sun.nio.fs.LinuxFileSystemProvider
2746:             1             16  sun.reflect.GeneratedConstructorAccessor1
2747:             1             16  sun.reflect.GeneratedConstructorAccessor13
2748:             1             16  sun.reflect.GeneratedConstructorAccessor14
2749:             1             16  sun.reflect.GeneratedConstructorAccessor15
2750:             1             16  sun.reflect.GeneratedConstructorAccessor17
2751:             1             16  sun.reflect.GeneratedConstructorAccessor18
2752:             1             16  sun.reflect.GeneratedConstructorAccessor19
2753:             1             16  sun.reflect.GeneratedConstructorAccessor2
2754:             1             16  sun.reflect.GeneratedConstructorAccessor20
2755:             1             16  sun.reflect.GeneratedConstructorAccessor21
2756:             1             16  sun.reflect.GeneratedConstructorAccessor22
2757:             1             16  sun.reflect.GeneratedConstructorAccessor23
2758:             1             16  sun.reflect.GeneratedConstructorAccessor24
2759:             1             16  sun.reflect.GeneratedConstructorAccessor3
2760:             1             16  sun.reflect.GeneratedConstructorAccessor4
2761:             1             16  sun.reflect.GeneratedConstructorAccessor8
2762:             1             16  sun.reflect.GeneratedMethodAccessor1
2763:             1             16  sun.reflect.GeneratedMethodAccessor10
2764:             1             16  sun.reflect.GeneratedMethodAccessor11
2765:             1             16  sun.reflect.GeneratedMethodAccessor12
2766:             1             16  sun.reflect.GeneratedMethodAccessor13
2767:             1             16  sun.reflect.GeneratedMethodAccessor14
2768:             1             16  sun.reflect.GeneratedMethodAccessor15
2769:             1             16  sun.reflect.GeneratedMethodAccessor16
2770:             1             16  sun.reflect.GeneratedMethodAccessor17
2771:             1             16  sun.reflect.GeneratedMethodAccessor18
2772:             1             16  sun.reflect.GeneratedMethodAccessor19
2773:             1             16  sun.reflect.GeneratedMethodAccessor2
2774:             1             16  sun.reflect.GeneratedMethodAccessor20
2775:             1             16  sun.reflect.GeneratedMethodAccessor21
2776:             1             16  sun.reflect.GeneratedMethodAccessor22
2777:             1             16  sun.reflect.GeneratedMethodAccessor23
2778:             1             16  sun.reflect.GeneratedMethodAccessor24
2779:             1             16  sun.reflect.GeneratedMethodAccessor25
2780:             1             16  sun.reflect.GeneratedMethodAccessor26
2781:             1             16  sun.reflect.GeneratedMethodAccessor27
2782:             1             16  sun.reflect.GeneratedMethodAccessor28
2783:             1             16  sun.reflect.GeneratedMethodAccessor29
2784:             1             16  sun.reflect.GeneratedMethodAccessor3
2785:             1             16  sun.reflect.GeneratedMethodAccessor30
2786:             1             16  sun.reflect.GeneratedMethodAccessor31
2787:             1             16  sun.reflect.GeneratedMethodAccessor32
2788:             1             16  sun.reflect.GeneratedMethodAccessor33
2789:             1             16  sun.reflect.GeneratedMethodAccessor34
2790:             1             16  sun.reflect.GeneratedMethodAccessor35
2791:             1             16  sun.reflect.GeneratedMethodAccessor36
2792:             1             16  sun.reflect.GeneratedMethodAccessor37
2793:             1             16  sun.reflect.GeneratedMethodAccessor38
2794:             1             16  sun.reflect.GeneratedMethodAccessor39
2795:             1             16  sun.reflect.GeneratedMethodAccessor4
2796:             1             16  sun.reflect.GeneratedMethodAccessor40
2797:             1             16  sun.reflect.GeneratedMethodAccessor41
2798:             1             16  sun.reflect.GeneratedMethodAccessor42
2799:             1             16  sun.reflect.GeneratedMethodAccessor43
2800:             1             16  sun.reflect.GeneratedMethodAccessor44
2801:             1             16  sun.reflect.GeneratedMethodAccessor45
2802:             1             16  sun.reflect.GeneratedMethodAccessor46
2803:             1             16  sun.reflect.GeneratedMethodAccessor47
2804:             1             16  sun.reflect.GeneratedMethodAccessor48
2805:             1             16  sun.reflect.GeneratedMethodAccessor49
2806:             1             16  sun.reflect.GeneratedMethodAccessor5
2807:             1             16  sun.reflect.GeneratedMethodAccessor50
2808:             1             16  sun.reflect.GeneratedMethodAccessor51
2809:             1             16  sun.reflect.GeneratedMethodAccessor52
2810:             1             16  sun.reflect.GeneratedMethodAccessor53
2811:             1             16  sun.reflect.GeneratedMethodAccessor54
2812:             1             16  sun.reflect.GeneratedMethodAccessor55
2813:             1             16  sun.reflect.GeneratedMethodAccessor56
2814:             1             16  sun.reflect.GeneratedMethodAccessor57
2815:             1             16  sun.reflect.GeneratedMethodAccessor58
2816:             1             16  sun.reflect.GeneratedMethodAccessor59
2817:             1             16  sun.reflect.GeneratedMethodAccessor6
2818:             1             16  sun.reflect.GeneratedMethodAccessor60
2819:             1             16  sun.reflect.GeneratedMethodAccessor61
2820:             1             16  sun.reflect.GeneratedMethodAccessor62
2821:             1             16  sun.reflect.GeneratedMethodAccessor63
2822:             1             16  sun.reflect.GeneratedMethodAccessor64
2823:             1             16  sun.reflect.GeneratedMethodAccessor65
2824:             1             16  sun.reflect.GeneratedMethodAccessor66
2825:             1             16  sun.reflect.GeneratedMethodAccessor67
2826:             1             16  sun.reflect.GeneratedMethodAccessor68
2827:             1             16  sun.reflect.GeneratedMethodAccessor69
2828:             1             16  sun.reflect.GeneratedMethodAccessor7
2829:             1             16  sun.reflect.GeneratedMethodAccessor70
2830:             1             16  sun.reflect.GeneratedMethodAccessor71
2831:             1             16  sun.reflect.GeneratedMethodAccessor72
2832:             1             16  sun.reflect.GeneratedMethodAccessor73
2833:             1             16  sun.reflect.GeneratedMethodAccessor74
2834:             1             16  sun.reflect.GeneratedMethodAccessor75
2835:             1             16  sun.reflect.GeneratedMethodAccessor76
2836:             1             16  sun.reflect.GeneratedMethodAccessor77
2837:             1             16  sun.reflect.GeneratedMethodAccessor78
2838:             1             16  sun.reflect.GeneratedMethodAccessor79
2839:             1             16  sun.reflect.GeneratedMethodAccessor8
2840:             1             16  sun.reflect.GeneratedMethodAccessor9
2841:             1             16  sun.reflect.ReflectionFactory
2842:             1             16  sun.reflect.generics.tree.BooleanSignature
2843:             1             16  sun.reflect.generics.tree.BottomSignature
2844:             1             16  sun.reflect.generics.tree.ByteSignature
2845:             1             16  sun.reflect.generics.tree.CharSignature
2846:             1             16  sun.reflect.generics.tree.DoubleSignature
2847:             1             16  sun.reflect.generics.tree.FloatSignature
2848:             1             16  sun.reflect.generics.tree.IntSignature
2849:             1             16  sun.reflect.generics.tree.LongSignature
2850:             1             16  sun.reflect.generics.tree.VoidDescriptor
2851:             1             16  sun.security.provider.NativePRNG
2852:             1             16  sun.security.util.AlgorithmDecomposer
2853:             1             16  sun.security.util.DisabledAlgorithmConstraints$Constraints
2854:             1             16  sun.util.calendar.Gregorian
2855:             1             16  sun.util.calendar.JulianCalendar
2856:             1             16  sun.util.locale.InternalLocaleBuilder$CaseInsensitiveChar
2857:             1             16  sun.util.locale.provider.AuxLocaleProviderAdapter$NullProvider
2858:             1             16  sun.util.locale.provider.CalendarDataUtility$CalendarWeekParameterGetter
2859:             1             16  sun.util.locale.provider.SPILocaleProviderAdapter
2860:             1             16  sun.util.locale.provider.TimeZoneNameUtility$TimeZoneNameGetter
2861:             1             16  sun.util.resources.LocaleData
2862:             1             16  sun.util.resources.LocaleData$LocaleDataResourceBundleControl
Total       1186862      149288104
jcmd 17142 GC.class_histogram
